Archive member included to satisfy reference by file (symbol)

C:/Users/leonardo/Desktop/Code/Github/DawnBGC/GD32EBuilder_project\dawn_lib\libDawnBGC.a(dawn_lib.o)
                              ./DawnMain/dawn_function.o (BLDCYaw)
c:/users/leonardo/desktop/gd32embeddedbuilder_v1.5.6_rel/tools/gnu tools arm embedded/xpack-arm-none-eabi-gcc/9.2.1-1.1/bin/../lib/gcc/arm-none-eabi/9.2.1/thumb/v7e-m/nofp\libgcc.a(_arm_muldf3.o)
                              ./DawnBLDC/dawn_bldc.o (__aeabi_dmul)
c:/users/leonardo/desktop/gd32embeddedbuilder_v1.5.6_rel/tools/gnu tools arm embedded/xpack-arm-none-eabi-gcc/9.2.1-1.1/bin/../lib/gcc/arm-none-eabi/9.2.1/thumb/v7e-m/nofp\libgcc.a(_arm_mulsf3.o)
                              ./DawnGimbal/dawn_gimbal_system.o (__aeabi_fmul)
c:/users/leonardo/desktop/gd32embeddedbuilder_v1.5.6_rel/tools/gnu tools arm embedded/xpack-arm-none-eabi-gcc/9.2.1-1.1/bin/../lib/gcc/arm-none-eabi/9.2.1/thumb/v7e-m/nofp\libgcc.a(_arm_addsubdf3.o)
                              ./DawnBLDC/dawn_bldc.o (__aeabi_dadd)
c:/users/leonardo/desktop/gd32embeddedbuilder_v1.5.6_rel/tools/gnu tools arm embedded/xpack-arm-none-eabi-gcc/9.2.1-1.1/bin/../lib/gcc/arm-none-eabi/9.2.1/thumb/v7e-m/nofp\libgcc.a(_arm_muldivdf3.o)
                              ./DawnBLDC/dawn_bldc.o (__aeabi_ddiv)
c:/users/leonardo/desktop/gd32embeddedbuilder_v1.5.6_rel/tools/gnu tools arm embedded/xpack-arm-none-eabi-gcc/9.2.1-1.1/bin/../lib/gcc/arm-none-eabi/9.2.1/thumb/v7e-m/nofp\libgcc.a(_arm_truncdfsf2.o)
                              ./DawnBLDC/dawn_bldc.o (__aeabi_d2f)
c:/users/leonardo/desktop/gd32embeddedbuilder_v1.5.6_rel/tools/gnu tools arm embedded/xpack-arm-none-eabi-gcc/9.2.1-1.1/bin/../lib/gcc/arm-none-eabi/9.2.1/thumb/v7e-m/nofp\libgcc.a(_arm_addsubsf3.o)
                              ./DawnMain/dawn_function.o (__aeabi_fsub)
c:/users/leonardo/desktop/gd32embeddedbuilder_v1.5.6_rel/tools/gnu tools arm embedded/xpack-arm-none-eabi-gcc/9.2.1-1.1/bin/../lib/gcc/arm-none-eabi/9.2.1/thumb/v7e-m/nofp\libgcc.a(_arm_muldivsf3.o)
                              ./DawnGimbal/dawn_gimbal_math.o (__aeabi_fdiv)
c:/users/leonardo/desktop/gd32embeddedbuilder_v1.5.6_rel/tools/gnu tools arm embedded/xpack-arm-none-eabi-gcc/9.2.1-1.1/bin/../lib/gcc/arm-none-eabi/9.2.1/thumb/v7e-m/nofp\libgcc.a(_arm_cmpsf2.o)
                              ./DawnGimbal/dawn_gimbal_system.o (__aeabi_fcmpeq)
c:/users/leonardo/desktop/gd32embeddedbuilder_v1.5.6_rel/tools/gnu tools arm embedded/xpack-arm-none-eabi-gcc/9.2.1-1.1/bin/../lib/gcc/arm-none-eabi/9.2.1/thumb/v7e-m/nofp\libgcc.a(_arm_fixsfsi.o)
                              ./DawnBLDC/dawn_bldc.o (__aeabi_f2iz)
c:/users/leonardo/desktop/gd32embeddedbuilder_v1.5.6_rel/tools/gnu tools arm embedded/xpack-arm-none-eabi-gcc/9.2.1-1.1/bin/../lib/gcc/arm-none-eabi/9.2.1/thumb/v7e-m/nofp\libgcc.a(_arm_fixunssfsi.o)
                              ./DawnBLDC/dawn_bldc.o (__aeabi_f2uiz)
c:/users/leonardo/desktop/gd32embeddedbuilder_v1.5.6_rel/tools/gnu tools arm embedded/xpack-arm-none-eabi-gcc/9.2.1-1.1/bin/../lib/gcc/arm-none-eabi/9.2.1/../../../../arm-none-eabi/lib/thumb/v7e-m/nofp\libg_nano.a(lib_a-exit.o)
                              c:/users/leonardo/desktop/gd32embeddedbuilder_v1.5.6_rel/tools/gnu tools arm embedded/xpack-arm-none-eabi-gcc/9.2.1-1.1/bin/../lib/gcc/arm-none-eabi/9.2.1/../../../../arm-none-eabi/lib/thumb/v7e-m/nofp/crt0.o (exit)
c:/users/leonardo/desktop/gd32embeddedbuilder_v1.5.6_rel/tools/gnu tools arm embedded/xpack-arm-none-eabi-gcc/9.2.1-1.1/bin/../lib/gcc/arm-none-eabi/9.2.1/../../../../arm-none-eabi/lib/thumb/v7e-m/nofp\libg_nano.a(lib_a-impure.o)
                              c:/users/leonardo/desktop/gd32embeddedbuilder_v1.5.6_rel/tools/gnu tools arm embedded/xpack-arm-none-eabi-gcc/9.2.1-1.1/bin/../lib/gcc/arm-none-eabi/9.2.1/../../../../arm-none-eabi/lib/thumb/v7e-m/nofp\libg_nano.a(lib_a-exit.o) (_global_impure_ptr)
c:/users/leonardo/desktop/gd32embeddedbuilder_v1.5.6_rel/tools/gnu tools arm embedded/xpack-arm-none-eabi-gcc/9.2.1-1.1/bin/../lib/gcc/arm-none-eabi/9.2.1/../../../../arm-none-eabi/lib/thumb/v7e-m/nofp\libg_nano.a(lib_a-init.o)
                              c:/users/leonardo/desktop/gd32embeddedbuilder_v1.5.6_rel/tools/gnu tools arm embedded/xpack-arm-none-eabi-gcc/9.2.1-1.1/bin/../lib/gcc/arm-none-eabi/9.2.1/../../../../arm-none-eabi/lib/thumb/v7e-m/nofp/crt0.o (__libc_init_array)
c:/users/leonardo/desktop/gd32embeddedbuilder_v1.5.6_rel/tools/gnu tools arm embedded/xpack-arm-none-eabi-gcc/9.2.1-1.1/bin/../lib/gcc/arm-none-eabi/9.2.1/../../../../arm-none-eabi/lib/thumb/v7e-m/nofp\libg_nano.a(lib_a-memcpy-stub.o)
                              ./DawnCom/unpack.o (memcpy)
c:/users/leonardo/desktop/gd32embeddedbuilder_v1.5.6_rel/tools/gnu tools arm embedded/xpack-arm-none-eabi-gcc/9.2.1-1.1/bin/../lib/gcc/arm-none-eabi/9.2.1/../../../../arm-none-eabi/lib/thumb/v7e-m/nofp\libg_nano.a(lib_a-memset.o)
[...]
Memory Configuration

Name             Origin             Length             Attributes
FLASH            0x08020000         0x00060000         xr
RAM              0x20000000         0x00020000         xrw
TCMRAM           0x10000000         0x00010000         xrw
*default*        0x00000000         0xffffffff

Linker script and memory map

LOAD c:/users/leonardo/desktop/gd32embeddedbuilder_v1.5.6_rel/tools/gnu tools arm embedded/xpack-arm-none-eabi-gcc/9.2.1-1.1/bin/../lib/gcc/arm-none-eabi/9.2.1/thumb/v7e-m/nofp/crti.o
LOAD c:/users/leonardo/desktop/gd32embeddedbuilder_v1.5.6_rel/tools/gnu tools arm embedded/xpack-arm-none-eabi-gcc/9.2.1-1.1/bin/../lib/gcc/arm-none-eabi/9.2.1/thumb/v7e-m/nofp/crtbegin.o
LOAD c:/users/leonardo/desktop/gd32embeddedbuilder_v1.5.6_rel/tools/gnu tools arm embedded/xpack-arm-none-eabi-gcc/9.2.1-1.1/bin/../lib/gcc/arm-none-eabi/9.2.1/../../../../arm-none-eabi/lib/thumb/v7e-m/nofp/crt0.o
LOAD ./gcc_startup/startup_gd32f405_425.o
LOAD ./FWLIB/gd32f4xx_wwdgt.o
LOAD ./FWLIB/gd32f4xx_usart.o
LOAD ./FWLIB/gd32f4xx_trng.o
LOAD ./FWLIB/gd32f4xx_tli.o
LOAD ./FWLIB/gd32f4xx_timer.o
LOAD ./FWLIB/gd32f4xx_syscfg.o
LOAD ./FWLIB/gd32f4xx_spi.o
LOAD ./FWLIB/gd32f4xx_sdio.o
LOAD ./FWLIB/gd32f4xx_rtc.o
LOAD ./FWLIB/gd32f4xx_rcu.o
LOAD ./FWLIB/gd32f4xx_pmu.o
LOAD ./FWLIB/gd32f4xx_misc.o
LOAD ./FWLIB/gd32f4xx_iref.o
LOAD ./FWLIB/gd32f4xx_ipa.o
LOAD ./FWLIB/gd32f4xx_i2c.o
LOAD ./FWLIB/gd32f4xx_gpio.o
LOAD ./FWLIB/gd32f4xx_fwdgt.o
LOAD ./FWLIB/gd32f4xx_fmc.o
LOAD ./FWLIB/gd32f4xx_exti.o
LOAD ./FWLIB/gd32f4xx_exmc.o
LOAD ./FWLIB/gd32f4xx_dma.o
LOAD ./FWLIB/gd32f4xx_dci.o
LOAD ./FWLIB/gd32f4xx_dbg.o
LOAD ./FWLIB/gd32f4xx_dac.o
LOAD ./FWLIB/gd32f4xx_ctc.o
LOAD ./FWLIB/gd32f4xx_crc.o
LOAD ./FWLIB/gd32f4xx_can.o
LOAD ./FWLIB/gd32f4xx_adc.o
LOAD ./DawnSys/wdg.o
LOAD ./DawnSys/systick.o
LOAD ./DawnSys/flash.o
LOAD ./DawnMain/gd32f4xx_it.o
LOAD ./DawnMain/dawn_parameter.o
LOAD ./DawnMain/dawn_main.o
LOAD ./DawnMain/dawn_function.o
LOAD ./DawnGimbal/dawn_gimbal_system.o
LOAD ./DawnGimbal/dawn_gimbal_math.o
LOAD ./DawnDevice/icm206xx.o
LOAD ./DawnCom/unpack.o
LOAD ./DawnCom/crc.o
LOAD ./DawnBsp/usart.o
LOAD ./DawnBsp/timebase.o
LOAD ./DawnBsp/gpio.o
LOAD ./DawnBLDC/dawn_bldc_math.o
LOAD ./DawnBLDC/dawn_bldc.o
LOAD ./CMSIS/system_gd32f4xx.o
LOAD C:/Users/leonardo/Desktop/Code/Github/DawnBGC/GD32EBuilder_project\dawn_lib\libDawnBGC.a
START GROUP
LOAD c:/users/leonardo/desktop/gd32embeddedbuilder_v1.5.6_rel/tools/gnu tools arm embedded/xpack-arm-none-eabi-gcc/9.2.1-1.1/bin/../lib/gcc/arm-none-eabi/9.2.1/thumb/v7e-m/nofp\libgcc.a
LOAD c:/users/leonardo/desktop/gd32embeddedbuilder_v1.5.6_rel/tools/gnu tools arm embedded/xpack-arm-none-eabi-gcc/9.2.1-1.1/bin/../lib/gcc/arm-none-eabi/9.2.1/../../../../arm-none-eabi/lib/thumb/v7e-m/nofp\libg_nano.a
LOAD c:/users/leonardo/desktop/gd32embeddedbuilder_v1.5.6_rel/tools/gnu tools arm embedded/xpack-arm-none-eabi-gcc/9.2.1-1.1/bin/../lib/gcc/arm-none-eabi/9.2.1/../../../../arm-none-eabi/lib/thumb/v7e-m/nofp\libc_nano.a
END GROUP
START GROUP
LOAD c:/users/leonardo/desktop/gd32embeddedbuilder_v1.5.6_rel/tools/gnu tools arm embedded/xpack-arm-none-eabi-gcc/9.2.1-1.1/bin/../lib/gcc/arm-none-eabi/9.2.1/thumb/v7e-m/nofp\libgcc.a
LOAD c:/users/leonardo/desktop/gd32embeddedbuilder_v1.5.6_rel/tools/gnu tools arm embedded/xpack-arm-none-eabi-gcc/9.2.1-1.1/bin/../lib/gcc/arm-none-eabi/9.2.1/../../../../arm-none-eabi/lib/thumb/v7e-m/nofp\libc_nano.a
LOAD c:/users/leonardo/desktop/gd32embeddedbuilder_v1.5.6_rel/tools/gnu tools arm embedded/xpack-arm-none-eabi-gcc/9.2.1-1.1/bin/../lib/gcc/arm-none-eabi/9.2.1/../../../../arm-none-eabi/lib/thumb/v7e-m/nofp\libnosys.a
END GROUP
START GROUP
LOAD c:/users/leonardo/desktop/gd32embeddedbuilder_v1.5.6_rel/tools/gnu tools arm embedded/xpack-arm-none-eabi-gcc/9.2.1-1.1/bin/../lib/gcc/arm-none-eabi/9.2.1/thumb/v7e-m/nofp\libgcc.a
LOAD c:/users/leonardo/desktop/gd32embeddedbuilder_v1.5.6_rel/tools/gnu tools arm embedded/xpack-arm-none-eabi-gcc/9.2.1-1.1/bin/../lib/gcc/arm-none-eabi/9.2.1/../../../../arm-none-eabi/lib/thumb/v7e-m/nofp\libc_nano.a
LOAD c:/users/leonardo/desktop/gd32embeddedbuilder_v1.5.6_rel/tools/gnu tools arm embedded/xpack-arm-none-eabi-gcc/9.2.1-1.1/bin/../lib/gcc/arm-none-eabi/9.2.1/../../../../arm-none-eabi/lib/thumb/v7e-m/nofp\libnosys.a
END GROUP
LOAD c:/users/leonardo/desktop/gd32embeddedbuilder_v1.5.6_rel/tools/gnu tools arm embedded/xpack-arm-none-eabi-gcc/9.2.1-1.1/bin/../lib/gcc/arm-none-eabi/9.2.1/thumb/v7e-m/nofp/crtend.o
LOAD c:/users/leonardo/desktop/gd32embeddedbuilder_v1.5.6_rel/tools/gnu tools arm embedded/xpack-arm-none-eabi-gcc/9.2.1-1.1/bin/../lib/gcc/arm-none-eabi/9.2.1/thumb/v7e-m/nofp/crtn.o
                0x00000800                __stack_size = DEFINED (__stack_size)?__stack_size:0x800
                0x00000400                __heap_size = DEFINED (__heap_size)?__heap_size:0x400

.vectors        0x08020000      0x188
                0x08020000                . = ALIGN (0x4)
 *(.vectors)
 .vectors       0x08020000      0x188 ./gcc_startup/startup_gd32f405_425.o
                0x08020000                __gVectors
                0x08020188                . = ALIGN (0x4)
                0x08020188                __Vectors_End = .
                0x08020188                __Vectors_Size = (__Vectors_End - __gVectors)

.text           0x08020188     0x9a84
                0x08020188                . = ALIGN (0x4)
 *(.text)
 .text          0x08020188      0x378 c:/users/leonardo/desktop/gd32embeddedbuilder_v1.5.6_rel/tools/gnu tools arm embedded/xpack-arm-none-eabi-gcc/9.2.1-1.1/bin/../lib/gcc/arm-none-eabi/9.2.1/thumb/v7e-m/nofp\libgcc.a(_arm_addsubdf3.o)
                0x08020188                __aeabi_drsub
                0x08020190                __aeabi_dsub
                0x08020190                __subdf3
                0x08020194                __aeabi_dadd
                0x08020194                __adddf3
                0x0802040c                __floatunsidf
                0x0802040c                __aeabi_ui2d
                0x0802042c                __floatsidf
                0x0802042c                __aeabi_i2d
                0x08020450                __aeabi_f2d
                0x08020450                __extendsfdf2
                0x08020494                __floatundidf
                0x08020494                __aeabi_ul2d
                0x080204a4                __floatdidf
                0x080204a4                __aeabi_l2d
 .text          0x08020500      0x424 c:/users/leonardo/desktop/gd32embeddedbuilder_v1.5.6_rel/tools/gnu tools arm embedded/xpack-arm-none-eabi-gcc/9.2.1-1.1/bin/../lib/gcc/arm-none-eabi/9.2.1/thumb/v7e-m/nofp\libgcc.a(_arm_muldivdf3.o)
                0x08020500                __aeabi_dmul
                0x08020500                __muldf3
                0x08020754                __divdf3
                0x08020754                __aeabi_ddiv
 .text          0x08020924       0xa0 c:/users/leonardo/desktop/gd32embeddedbuilder_v1.5.6_rel/tools/gnu tools arm embedded/xpack-arm-none-eabi-gcc/9.2.1-1.1/bin/../lib/gcc/arm-none-eabi/9.2.1/thumb/v7e-m/nofp\libgcc.a(_arm_truncdfsf2.o)
                0x08020924                __truncdfsf2
                0x08020924                __aeabi_d2f
 .text          0x080209c4      0x21c c:/users/leonardo/desktop/gd32embeddedbuilder_v1.5.6_rel/tools/gnu tools arm embedded/xpack-arm-none-eabi-gcc/9.2.1-1.1/bin/../lib/gcc/arm-none-eabi/9.2.1/thumb/v7e-m/nofp\libgcc.a(_arm_addsubsf3.o)
                0x080209c4                __aeabi_frsub
                0x080209cc                __subsf3
                0x080209cc                __aeabi_fsub
                0x080209d0                __aeabi_fadd
                0x080209d0                __addsf3
                0x08020b30                __aeabi_ui2f
                0x08020b30                __floatunsisf
                0x08020b38                __aeabi_i2f
                0x08020b38                __floatsisf
                0x08020b54                __aeabi_ul2f
                0x08020b54                __floatundisf
                0x08020b64                __aeabi_l2f
                0x08020b64                __floatdisf
 .text          0x08020be0      0x2a0 c:/users/leonardo/desktop/gd32embeddedbuilder_v1.5.6_rel/tools/gnu tools arm embedded/xpack-arm-none-eabi-gcc/9.2.1-1.1/bin/../lib/gcc/arm-none-eabi/9.2.1/thumb/v7e-m/nofp\libgcc.a(_arm_muldivsf3.o)
                0x08020be0                __mulsf3
                0x08020be0                __aeabi_fmul
                0x08020d48                __aeabi_fdiv
                0x08020d48                __divsf3
 .text          0x08020e80       0xec c:/users/leonardo/desktop/gd32embeddedbuilder_v1.5.6_rel/tools/gnu tools arm embedded/xpack-arm-none-eabi-gcc/9.2.1-1.1/bin/../lib/gcc/arm-none-eabi/9.2.1/thumb/v7e-m/nofp\libgcc.a(_arm_cmpsf2.o)
                0x08020e80                __gesf2
                0x08020e80                __gtsf2
                0x08020e88                __lesf2
                0x08020e88                __ltsf2
                0x08020e90                __nesf2
                0x08020e90                __eqsf2
                0x08020e90                __cmpsf2
                0x08020ef0                __aeabi_cfrcmple
                0x08020ef8                __aeabi_cfcmpeq
                0x08020ef8                __aeabi_cfcmple
                0x08020f08                __aeabi_fcmpeq
                0x08020f1c                __aeabi_fcmplt
                0x08020f30                __aeabi_fcmple
                0x08020f44                __aeabi_fcmpge
                0x08020f58                __aeabi_fcmpgt
 .text          0x08020f6c       0x4c c:/users/leonardo/desktop/gd32embeddedbuilder_v1.5.6_rel/tools/gnu tools arm embedded/xpack-arm-none-eabi-gcc/9.2.1-1.1/bin/../lib/gcc/arm-none-eabi/9.2.1/thumb/v7e-m/nofp\libgcc.a(_arm_fixsfsi.o)
                0x08020f6c                __aeabi_f2iz
                0x08020f6c                __fixsfsi
 .text          0x08020fb8       0x40 c:/users/leonardo/desktop/gd32embeddedbuilder_v1.5.6_rel/tools/gnu tools arm embedded/xpack-arm-none-eabi-gcc/9.2.1-1.1/bin/../lib/gcc/arm-none-eabi/9.2.1/thumb/v7e-m/nofp\libgcc.a(_arm_fixunssfsi.o)
                0x08020fb8                __fixunssfsi
                0x08020fb8                __aeabi_f2uiz
 .text          0x08020ff8       0x2c c:/users/leonardo/desktop/gd32embeddedbuilder_v1.5.6_rel/tools/gnu tools arm embedded/xpack-arm-none-eabi-gcc/9.2.1-1.1/bin/../lib/gcc/arm-none-eabi/9.2.1/thumb/v7e-m/nofp\libgcc.a(_arm_unordsf2.o)
                0x08020ff8                __unordsf2
                0x08020ff8                __aeabi_fcmpun
 *(.text*)
 .text.__do_global_dtors_aux
                0x08021024       0x24 c:/users/leonardo/desktop/gd32embeddedbuilder_v1.5.6_rel/tools/gnu tools arm embedded/xpack-arm-none-eabi-gcc/9.2.1-1.1/bin/../lib/gcc/arm-none-eabi/9.2.1/thumb/v7e-m/nofp/crtbegin.o
 .text.frame_dummy
                0x08021048       0x1c c:/users/leonardo/desktop/gd32embeddedbuilder_v1.5.6_rel/tools/gnu tools arm embedded/xpack-arm-none-eabi-gcc/9.2.1-1.1/bin/../lib/gcc/arm-none-eabi/9.2.1/thumb/v7e-m/nofp/crtbegin.o
 .text.Reset_Handler
                0x08021064       0x48 ./gcc_startup/startup_gd32f405_425.o
                0x08021064                Reset_Handler
 .text.Default_Handler
                0x080210ac        0x2 ./gcc_startup/startup_gd32f405_425.o
                0x080210ac                RTC_Alarm_IRQHandler
                0x080210ac                EXTI2_IRQHandler
                0x080210ac                TIMER2_IRQHandler
                0x080210ac                LVD_IRQHandler
                0x080210ac                CAN1_EWMC_IRQHandler
                0x080210ac                SDIO_IRQHandler
                0x080210ac                EXTI3_IRQHandler
                0x080210ac                DCI_IRQHandler
                0x080210ac                USBFS_WKUP_IRQHandler
                0x080210ac                USBHS_IRQHandler
                0x080210ac                TIMER5_DAC_IRQHandler
                0x080210ac                TIMER0_TRG_CMT_TIMER10_IRQHandler
                0x080210ac                USBFS_IRQHandler
                0x080210ac                TIMER3_IRQHandler
                0x080210ac                DMA0_Channel6_IRQHandler
                0x080210ac                I2C0_EV_IRQHandler
                0x080210ac                I2C2_EV_IRQHandler
                0x080210ac                CAN1_RX0_IRQHandler
                0x080210ac                FPU_IRQHandler
                0x080210ac                TIMER4_IRQHandler
                0x080210ac                SPI1_IRQHandler
                0x080210ac                DMA0_Channel0_IRQHandler
                0x080210ac                USART5_IRQHandler
                0x080210ac                TIMER0_BRK_TIMER8_IRQHandler
                0x080210ac                DMA1_Channel0_IRQHandler
                0x080210ac                TIMER7_BRK_TIMER11_IRQHandler
                0x080210ac                TIMER6_IRQHandler
                0x080210ac                DMA1_Channel4_IRQHandler
                0x080210ac                I2C0_ER_IRQHandler
                0x080210ac                TIMER0_UP_TIMER9_IRQHandler
                0x080210ac                DMA1_Channel7_IRQHandler
                0x080210ac                CAN1_RX1_IRQHandler
                0x080210ac                DMA0_Channel2_IRQHandler
                0x080210ac                USART0_IRQHandler
                0x080210ac                TIMER1_IRQHandler
                0x080210ac                I2C1_EV_IRQHandler
                0x080210ac                DMA1_Channel6_IRQHandler
                0x080210ac                UART4_IRQHandler
                0x080210ac                EXTI10_15_IRQHandler
                0x080210ac                DMA1_Channel1_IRQHandler
                0x080210ac                Default_Handler
                0x080210ac                TIMER7_Channel_IRQHandler
                0x080210ac                DMA0_Channel7_IRQHandler
                0x080210ac                ADC_IRQHandler
                0x080210ac                CAN0_TX_IRQHandler
                0x080210ac                WWDGT_IRQHandler
                0x080210ac                TAMPER_STAMP_IRQHandler
                0x080210ac                RTC_WKUP_IRQHandler
                0x080210ac                SPI2_IRQHandler
                0x080210ac                CAN1_TX_IRQHandler
                0x080210ac                RCU_CTC_IRQHandler
                0x080210ac                DMA1_Channel5_IRQHandler
                0x080210ac                EXTI4_IRQHandler
                0x080210ac                CAN0_RX1_IRQHandler
                0x080210ac                DMA0_Channel5_IRQHandler
                0x080210ac                DMA1_Channel3_IRQHandler
                0x080210ac                EXTI5_9_IRQHandler
                0x080210ac                TIMER0_Channel_IRQHandler
                0x080210ac                EXTI1_IRQHandler
                0x080210ac                USBHS_EP1_In_IRQHandler
                0x080210ac                SPI0_IRQHandler
                0x080210ac                CAN0_EWMC_IRQHandler
                0x080210ac                CAN0_RX0_IRQHandler
                0x080210ac                I2C2_ER_IRQHandler
                0x080210ac                USART1_IRQHandler
                0x080210ac                UART3_IRQHandler
                0x080210ac                I2C1_ER_IRQHandler
                0x080210ac                FMC_IRQHandler
                0x080210ac                USBHS_WKUP_IRQHandler
                0x080210ac                DMA0_Channel4_IRQHandler
                0x080210ac                TRNG_IRQHandler
                0x080210ac                USBHS_EP1_Out_IRQHandler
 *fill*         0x080210ae        0x2 
 .text.usart_deinit
                0x080210b0      0x134 ./FWLIB/gd32f4xx_usart.o
                0x080210b0                usart_deinit
 .text.usart_baudrate_set
                0x080211e4      0x188 ./FWLIB/gd32f4xx_usart.o
                0x080211e4                usart_baudrate_set
 .text.usart_parity_config
                0x0802136c       0x36 ./FWLIB/gd32f4xx_usart.o
                0x0802136c                usart_parity_config
 .text.usart_word_length_set
                0x080213a2       0x36 ./FWLIB/gd32f4xx_usart.o
                0x080213a2                usart_word_length_set
 .text.usart_stop_bit_set
                0x080213d8       0x36 ./FWLIB/gd32f4xx_usart.o
                0x080213d8                usart_stop_bit_set
 .text.usart_enable
                0x0802140e       0x22 ./FWLIB/gd32f4xx_usart.o
                0x0802140e                usart_enable
 .text.usart_disable
                0x08021430       0x22 ./FWLIB/gd32f4xx_usart.o
                0x08021430                usart_disable
 .text.usart_transmit_config
                0x08021452       0x3a ./FWLIB/gd32f4xx_usart.o
                0x08021452                usart_transmit_config
 .text.usart_receive_config
                0x0802148c       0x3a ./FWLIB/gd32f4xx_usart.o
                0x0802148c                usart_receive_config
 .text.usart_data_receive
                0x080214c6       0x20 ./FWLIB/gd32f4xx_usart.o
                0x080214c6                usart_data_receive
 .text.usart_hardware_flow_rts_config
                0x080214e6       0x3a ./FWLIB/gd32f4xx_usart.o
                0x080214e6                usart_hardware_flow_rts_config
 .text.usart_hardware_flow_cts_config
                0x08021520       0x3a ./FWLIB/gd32f4xx_usart.o
                0x08021520                usart_hardware_flow_cts_config
 .text.usart_dma_receive_config
                0x0802155a       0x3a ./FWLIB/gd32f4xx_usart.o
                0x0802155a                usart_dma_receive_config
 .text.usart_dma_transmit_config
                0x08021594       0x3a ./FWLIB/gd32f4xx_usart.o
                0x08021594                usart_dma_transmit_config
 .text.usart_flag_get
                0x080215ce       0x3c ./FWLIB/gd32f4xx_usart.o
                0x080215ce                usart_flag_get
 .text.usart_flag_clear
                0x0802160a       0x42 ./FWLIB/gd32f4xx_usart.o
                0x0802160a                usart_flag_clear
 .text.usart_interrupt_enable
                0x0802164c       0x9a ./FWLIB/gd32f4xx_usart.o
                0x0802164c                usart_interrupt_enable
 .text.usart_interrupt_disable
                0x080216e6       0x9a ./FWLIB/gd32f4xx_usart.o
                0x080216e6                usart_interrupt_disable
 .text.usart_interrupt_flag_get
                0x08021780       0x36 ./FWLIB/gd32f4xx_usart.o
                0x08021780                usart_interrupt_flag_get
 *fill*         0x080217b6        0x2 
 .text.timer_deinit
                0x080217b8      0x23c ./FWLIB/gd32f4xx_timer.o
                0x080217b8                timer_deinit
 .text.timer_init
                0x080219f4       0xf8 ./FWLIB/gd32f4xx_timer.o
                0x080219f4                timer_init
 .text.timer_enable
                0x08021aec       0x1e ./FWLIB/gd32f4xx_timer.o
                0x08021aec                timer_enable
 .text.timer_auto_reload_shadow_enable
                0x08021b0a       0x1e ./FWLIB/gd32f4xx_timer.o
                0x08021b0a                timer_auto_reload_shadow_enable
 .text.timer_counter_value_config
                0x08021b28       0x1e ./FWLIB/gd32f4xx_timer.o
                0x08021b28                timer_counter_value_config
 .text.timer_single_pulse_mode_config
                0x08021b46       0x3c ./FWLIB/gd32f4xx_timer.o
                0x08021b46                timer_single_pulse_mode_config
 .text.timer_interrupt_enable
                0x08021b82       0x26 ./FWLIB/gd32f4xx_timer.o
                0x08021b82                timer_interrupt_enable
 .text.timer_interrupt_flag_get
                0x08021ba8       0x3a ./FWLIB/gd32f4xx_timer.o
                0x08021ba8                timer_interrupt_flag_get
 .text.timer_interrupt_flag_clear
                0x08021be2       0x26 ./FWLIB/gd32f4xx_timer.o
                0x08021be2                timer_interrupt_flag_clear
 .text.timer_break_config
                0x08021c08       0x46 ./FWLIB/gd32f4xx_timer.o
                0x08021c08                timer_break_config
 .text.timer_primary_output_config
                0x08021c4e       0x3e ./FWLIB/gd32f4xx_timer.o
                0x08021c4e                timer_primary_output_config
 .text.timer_channel_output_config
                0x08021c8c      0x3c4 ./FWLIB/gd32f4xx_timer.o
                0x08021c8c                timer_channel_output_config
 .text.timer_channel_output_mode_config
                0x08022050       0xc4 ./FWLIB/gd32f4xx_timer.o
                0x08022050                timer_channel_output_mode_config
 .text.timer_channel_output_pulse_value_config
                0x08022114       0x68 ./FWLIB/gd32f4xx_timer.o
                0x08022114                timer_channel_output_pulse_value_config
 .text.timer_channel_output_shadow_config
                0x0802217c       0xc4 ./FWLIB/gd32f4xx_timer.o
                0x0802217c                timer_channel_output_shadow_config
 .text.timer_channel_output_state_config
                0x08022240       0xc8 ./FWLIB/gd32f4xx_timer.o
                0x08022240                timer_channel_output_state_config
 .text.syscfg_exti_line_config
                0x08022308       0xd8 ./FWLIB/gd32f4xx_syscfg.o
                0x08022308                syscfg_exti_line_config
 .text.spi_init
                0x080223e0       0x82 ./FWLIB/gd32f4xx_spi.o
                0x080223e0                spi_init
 .text.spi_enable
                0x08022462       0x1e ./FWLIB/gd32f4xx_spi.o
                0x08022462                spi_enable
 .text.spi_dma_enable
                0x08022480       0x3e ./FWLIB/gd32f4xx_spi.o
                0x08022480                spi_dma_enable
 .text.spi_i2s_data_transmit
                0x080224be       0x20 ./FWLIB/gd32f4xx_spi.o
                0x080224be                spi_i2s_data_transmit
 .text.spi_i2s_data_receive
                0x080224de       0x1a ./FWLIB/gd32f4xx_spi.o
                0x080224de                spi_i2s_data_receive
 .text.spi_i2s_flag_get
                0x080224f8       0x28 ./FWLIB/gd32f4xx_spi.o
                0x080224f8                spi_i2s_flag_get
 .text.spi_crc_polynomial_set
                0x08022520       0x2c ./FWLIB/gd32f4xx_spi.o
                0x08022520                spi_crc_polynomial_set
 .text.rcu_periph_clock_enable
                0x0802254c       0x44 ./FWLIB/gd32f4xx_rcu.o
                0x0802254c                rcu_periph_clock_enable
 .text.rcu_periph_reset_enable
                0x08022590       0x44 ./FWLIB/gd32f4xx_rcu.o
                0x08022590                rcu_periph_reset_enable
 .text.rcu_periph_reset_disable
                0x080225d4       0x48 ./FWLIB/gd32f4xx_rcu.o
                0x080225d4                rcu_periph_reset_disable
 .text.rcu_timer_clock_prescaler_config
                0x0802261c       0x3c ./FWLIB/gd32f4xx_rcu.o
                0x0802261c                rcu_timer_clock_prescaler_config
 .text.rcu_clock_freq_get
                0x08022658      0x18c ./FWLIB/gd32f4xx_rcu.o
                0x08022658                rcu_clock_freq_get
 .text.nvic_priority_group_set
                0x080227e4       0x24 ./FWLIB/gd32f4xx_misc.o
                0x080227e4                nvic_priority_group_set
 .text.nvic_irq_enable
                0x08022808       0xfc ./FWLIB/gd32f4xx_misc.o
                0x08022808                nvic_irq_enable
 .text.nvic_vector_table_set
                0x08022904       0x2c ./FWLIB/gd32f4xx_misc.o
                0x08022904                nvic_vector_table_set
 .text.systick_clksource_set
                0x08022930       0x38 ./FWLIB/gd32f4xx_misc.o
                0x08022930                systick_clksource_set
 .text.gpio_mode_set
                0x08022968       0x9a ./FWLIB/gd32f4xx_gpio.o
                0x08022968                gpio_mode_set
 .text.gpio_output_options_set
                0x08022a02       0x9a ./FWLIB/gd32f4xx_gpio.o
                0x08022a02                gpio_output_options_set
 .text.gpio_bit_set
                0x08022a9c       0x1e ./FWLIB/gd32f4xx_gpio.o
                0x08022a9c                gpio_bit_set
 .text.gpio_bit_reset
                0x08022aba       0x1e ./FWLIB/gd32f4xx_gpio.o
                0x08022aba                gpio_bit_reset
 .text.gpio_af_set
                0x08022ad8       0xc2 ./FWLIB/gd32f4xx_gpio.o
                0x08022ad8                gpio_af_set
 *fill*         0x08022b9a        0x2 
 .text.exti_init
                0x08022b9c       0xf4 ./FWLIB/gd32f4xx_exti.o
                0x08022b9c                exti_init
 .text.exti_interrupt_flag_clear
                0x08022c90       0x1c ./FWLIB/gd32f4xx_exti.o
                0x08022c90                exti_interrupt_flag_clear
 .text.exti_software_interrupt_enable
                0x08022cac       0x24 ./FWLIB/gd32f4xx_exti.o
                0x08022cac                exti_software_interrupt_enable
 .text.dma_deinit
                0x08022cd0      0x13e ./FWLIB/gd32f4xx_dma.o
                0x08022cd0                dma_deinit
 .text.dma_single_data_mode_init
                0x08022e0e      0x24a ./FWLIB/gd32f4xx_dma.o
                0x08022e0e                dma_single_data_mode_init
 .text.dma_interrupt_flag_get
                0x08023058      0x420 ./FWLIB/gd32f4xx_dma.o
                0x08023058                dma_interrupt_flag_get
 .text.dma_interrupt_flag_clear
                0x08023478       0x82 ./FWLIB/gd32f4xx_dma.o
                0x08023478                dma_interrupt_flag_clear
 .text.dma_interrupt_enable
                0x080234fa       0x7c ./FWLIB/gd32f4xx_dma.o
                0x080234fa                dma_interrupt_enable
 .text.dma_interrupt_disable
                0x08023576       0x84 ./FWLIB/gd32f4xx_dma.o
                0x08023576                dma_interrupt_disable
 .text.dma_transfer_number_get
                0x080235fa       0x2a ./FWLIB/gd32f4xx_dma.o
                0x080235fa                dma_transfer_number_get
 .text.dma_channel_enable
                0x08023624       0x44 ./FWLIB/gd32f4xx_dma.o
                0x08023624                dma_channel_enable
 .text.dma_channel_disable
                0x08023668       0x44 ./FWLIB/gd32f4xx_dma.o
                0x08023668                dma_channel_disable
 .text.dma_channel_subperipheral_select
                0x080236ac       0x5a ./FWLIB/gd32f4xx_dma.o
                0x080236ac                dma_channel_subperipheral_select
 .text.adc_enable
                0x08023706       0x30 ./FWLIB/gd32f4xx_adc.o
                0x08023706                adc_enable
 .text.adc_data_alignment_config
                0x08023736       0x3e ./FWLIB/gd32f4xx_adc.o
                0x08023736                adc_data_alignment_config
 .text.adc_calibration_enable
                0x08023774       0x54 ./FWLIB/gd32f4xx_adc.o
                0x08023774                adc_calibration_enable
 .text.adc_special_function_config
                0x080237c8       0xba ./FWLIB/gd32f4xx_adc.o
                0x080237c8                adc_special_function_config
 *fill*         0x08023882        0x2 
 .text.adc_clock_config
                0x08023884       0x30 ./FWLIB/gd32f4xx_adc.o
                0x08023884                adc_clock_config
 .text.adc_channel_length_config
                0x080238b4       0x8e ./FWLIB/gd32f4xx_adc.o
                0x080238b4                adc_channel_length_config
 .text.adc_external_trigger_config
                0x08023942       0x6c ./FWLIB/gd32f4xx_adc.o
                0x08023942                adc_external_trigger_config
 .text.adc_software_trigger_enable
                0x080239ae       0x46 ./FWLIB/gd32f4xx_adc.o
                0x080239ae                adc_software_trigger_enable
 .text.adc_regular_channel_config
                0x080239f4      0x178 ./FWLIB/gd32f4xx_adc.o
                0x080239f4                adc_regular_channel_config
 .text.adc_dma_mode_enable
                0x08023b6c       0x22 ./FWLIB/gd32f4xx_adc.o
                0x08023b6c                adc_dma_mode_enable
 *fill*         0x08023b8e        0x2 
 .text.adc_sync_mode_config
                0x08023b90       0x30 ./FWLIB/gd32f4xx_adc.o
                0x08023b90                adc_sync_mode_config
 .text.adc_sync_delay_config
                0x08023bc0       0x30 ./FWLIB/gd32f4xx_adc.o
                0x08023bc0                adc_sync_delay_config
 .text.adc_sync_dma_config
                0x08023bf0       0x30 ./FWLIB/gd32f4xx_adc.o
                0x08023bf0                adc_sync_dma_config
 .text.adc_sync_dma_request_after_last_enable
                0x08023c20       0x1c ./FWLIB/gd32f4xx_adc.o
                0x08023c20                adc_sync_dma_request_after_last_enable
 .text.SystickInit
                0x08023c3c       0x48 ./DawnSys/systick.o
                0x08023c3c                SystickInit
 .text.systick_dly_ms
                0x08023c84       0x6c ./DawnSys/systick.o
                0x08023c84                systick_dly_ms
 .text.NMI_Handler
                0x08023cf0        0xc ./DawnMain/gd32f4xx_it.o
                0x08023cf0                NMI_Handler
 .text.HardFault_Handler
                0x08023cfc        0x6 ./DawnMain/gd32f4xx_it.o
                0x08023cfc                HardFault_Handler
 .text.MemManage_Handler
                0x08023d02        0x6 ./DawnMain/gd32f4xx_it.o
                0x08023d02                MemManage_Handler
 .text.BusFault_Handler
                0x08023d08        0x6 ./DawnMain/gd32f4xx_it.o
                0x08023d08                BusFault_Handler
 .text.UsageFault_Handler
                0x08023d0e        0x6 ./DawnMain/gd32f4xx_it.o
                0x08023d0e                UsageFault_Handler
 .text.SVC_Handler
                0x08023d14        0xc ./DawnMain/gd32f4xx_it.o
                0x08023d14                SVC_Handler
 .text.DebugMon_Handler
                0x08023d20        0xc ./DawnMain/gd32f4xx_it.o
                0x08023d20                DebugMon_Handler
 .text.PendSV_Handler
                0x08023d2c        0xc ./DawnMain/gd32f4xx_it.o
                0x08023d2c                PendSV_Handler
 .text.SysTick_Handler
                0x08023d38        0xc ./DawnMain/gd32f4xx_it.o
                0x08023d38                SysTick_Handler
 .text.SysLedInit
                0x08023d44       0x3c ./DawnMain/dawn_main.o
                0x08023d44                SysLedInit
 .text.SysLedCmd
                0x08023d80       0x34 ./DawnMain/dawn_main.o
                0x08023d80                SysLedCmd
 .text.main     0x08023db4       0x94 ./DawnMain/dawn_main.o
                0x08023db4                main
 .text.gimbal_business
                0x08023e48       0x18 ./DawnMain/dawn_function.o
                0x08023e48                gimbal_business
 .text.motor_stall_process
                0x08023e60      0x154 ./DawnMain/dawn_function.o
                0x08023e60                motor_stall_process
 .text.GimbalInit
                0x08023fb4        0xc ./DawnGimbal/dawn_gimbal_system.o
                0x08023fb4                GimbalInit
 .text.GimbalWork
                0x08023fc0      0x51c ./DawnGimbal/dawn_gimbal_system.o
                0x08023fc0                GimbalWork
 .text.BLDCUpdata
                0x080244dc      0x14c ./DawnGimbal/dawn_gimbal_system.o
 .text.IMUUpdata
                0x08024628       0x5c ./DawnGimbal/dawn_gimbal_system.o
 .text.CheckBLDCStatus
                0x08024684       0x38 ./DawnGimbal/dawn_gimbal_system.o
 .text.BLDCTorqueUpdata
                0x080246bc       0xa4 ./DawnGimbal/dawn_gimbal_system.o
 .text.AngleRadsLimit
                0x08024760       0x82 ./DawnGimbal/dawn_gimbal_system.o
 *fill*         0x080247e2        0x2 
 .text.ACC2Euler
                0x080247e4      0x13c ./DawnGimbal/dawn_gimbal_math.o
                0x080247e4                ACC2Euler
 .text.Euler2Quat
                0x08024920      0x1a2 ./DawnGimbal/dawn_gimbal_math.o
                0x08024920                Euler2Quat
 .text.Euler2DCM
                0x08024ac2      0x19e ./DawnGimbal/dawn_gimbal_math.o
                0x08024ac2                Euler2DCM
 .text.Quat2Euler
                0x08024c60      0x2f0 ./DawnGimbal/dawn_gimbal_math.o
                0x08024c60                Quat2Euler
 .text.QuatNormalize
                0x08024f50       0xea ./DawnGimbal/dawn_gimbal_math.o
                0x08024f50                QuatNormalize
 .text.CalcJacobianInv
                0x0802503a       0xea ./DawnGimbal/dawn_gimbal_math.o
                0x0802503a                CalcJacobianInv
 .text.CalcJacobianTrans
                0x08025124       0xb4 ./DawnGimbal/dawn_gimbal_math.o
                0x08025124                CalcJacobianTrans
 .text.MatrixAdd
                0x080251d8       0x84 ./DawnGimbal/dawn_gimbal_math.o
                0x080251d8                MatrixAdd
 .text.MatrixSub
                0x0802525c       0x84 ./DawnGimbal/dawn_gimbal_math.o
                0x0802525c                MatrixSub
 .text.MatrixMultiply
                0x080252e0       0xdc ./DawnGimbal/dawn_gimbal_math.o
                0x080252e0                MatrixMultiply
 .text.AttitudeUpdata
                0x080253bc      0x248 ./DawnGimbal/dawn_gimbal_math.o
                0x080253bc                AttitudeUpdata
 .text.PidControl
                0x08025604      0x170 ./DawnGimbal/dawn_gimbal_math.o
                0x08025604                PidControl
 .text.SPI0ReadWriteBytes
                0x08025774       0x7c ./DawnDevice/icm206xx.o
 .text.Icm206XXWriteByte
                0x080257f0       0x3c ./DawnDevice/icm206xx.o
 .text.Icm206XXReadByte
                0x0802582c       0x44 ./DawnDevice/icm206xx.o
 .text.Icm206XXInit
                0x08025870      0x310 ./DawnDevice/icm206xx.o
                0x08025870                Icm206XXInit
 .text.TIMER7_UP_TIMER12_IRQHandler
                0x08025b80       0xac ./DawnDevice/icm206xx.o
                0x08025b80                TIMER7_UP_TIMER12_IRQHandler
 .text.DMA1_Channel2_IRQHandler
                0x08025c2c      0x324 ./DawnDevice/icm206xx.o
                0x08025c2c                DMA1_Channel2_IRQHandler
 .text.EXTI0_IRQHandler
                0x08025f50       0x12 ./DawnDevice/icm206xx.o
                0x08025f50                EXTI0_IRQHandler
 *fill*         0x08025f62        0x2 
 .text.NVIC_SystemReset
                0x08025f64       0x30 ./DawnCom/unpack.o
 .text.FrameUnpack
                0x08025f94      0x118 ./DawnCom/unpack.o
                0x08025f94                FrameUnpack
 .text.DebugUsartInit
                0x080260ac      0x214 ./DawnBsp/usart.o
                0x080260ac                DebugUsartInit
 .text.debug_usart_trans_enable
                0x080262c0       0x24 ./DawnBsp/usart.o
                0x080262c0                debug_usart_trans_enable
 .text.debug_usart_get_byte
                0x080262e4       0x8c ./DawnBsp/usart.o
                0x080262e4                debug_usart_get_byte
 .text.DMA0_Channel1_IRQHandler
                0x08026370      0x118 ./DawnBsp/usart.o
                0x08026370                DMA0_Channel1_IRQHandler
 .text.DMA0_Channel3_IRQHandler
                0x08026488       0x34 ./DawnBsp/usart.o
                0x08026488                DMA0_Channel3_IRQHandler
 .text.USART2_IRQHandler
                0x080264bc      0x220 ./DawnBsp/usart.o
                0x080264bc                USART2_IRQHandler
 .text.TimeBaseInit
                0x080266dc       0x78 ./DawnBsp/timebase.o
                0x080266dc                TimeBaseInit
 .text.TimeBaseStart
                0x08026754       0x28 ./DawnBsp/timebase.o
                0x08026754                TimeBaseStart
 .text.TimeBaseTimeOut
                0x0802677c       0x24 ./DawnBsp/timebase.o
                0x0802677c                TimeBaseTimeOut
 .text.TIMER7_TRG_CMT_TIMER13_IRQHandler
                0x080267a0       0x9c ./DawnBsp/timebase.o
                0x080267a0                TIMER7_TRG_CMT_TIMER13_IRQHandler
 .text.BLDCGpioInit
                0x0802683c      0x710 ./DawnBsp/gpio.o
                0x0802683c                BLDCGpioInit
 .text.BLDCClarke
                0x08026f4c       0x58 ./DawnBLDC/dawn_bldc_math.o
                0x08026f4c                BLDCClarke
 .text.BLDCRevPark
                0x08026fa4       0x94 ./DawnBLDC/dawn_bldc_math.o
                0x08026fa4                BLDCRevPark
 .text.BLDCInit
                0x08027038       0x2c ./DawnBLDC/dawn_bldc.o
                0x08027038                BLDCInit
 .text.BLDCStallState
                0x08027064       0xae ./DawnBLDC/dawn_bldc.o
                0x08027064                BLDCStallState
 *fill*         0x08027112        0x2 
 .text.ArmQuadCcw
                0x08027114       0x9c ./DawnBLDC/dawn_bldc.o
                0x08027114                ArmQuadCcw
 .text.ArmQuadCw
                0x080271b0       0x9c ./DawnBLDC/dawn_bldc.o
                0x080271b0                ArmQuadCw
 .text.CleanBLDCAngle
                0x0802724c       0xac ./DawnBLDC/dawn_bldc.o
                0x0802724c                CleanBLDCAngle
 .text.BLDCAngleCal
                0x080272f8      0x108 ./DawnBLDC/dawn_bldc.o
                0x080272f8                BLDCAngleCal
 .text.BLDCCali
                0x08027400      0x12c ./DawnBLDC/dawn_bldc.o
                0x08027400                BLDCCali
 .text.BLDCSvpwm
                0x0802752c      0x490 ./DawnBLDC/dawn_bldc.o
                0x0802752c                BLDCSvpwm
 .text.TurnOnPWM
                0x080279bc      0x100 ./DawnBLDC/dawn_bldc.o
                0x080279bc                TurnOnPWM
 .text.ShutOffPWM
                0x08027abc       0x94 ./DawnBLDC/dawn_bldc.o
                0x08027abc                ShutOffPWM
 .text.HallDataRead
                0x08027b50       0xbc ./DawnBLDC/dawn_bldc.o
                0x08027b50                HallDataRead
 .text.SystemInit
                0x08027c0c       0x80 ./CMSIS/system_gd32f4xx.o
                0x08027c0c                SystemInit
 .text.system_clock_config
                0x08027c8c        0xc ./CMSIS/system_gd32f4xx.o
 .text.system_clock_200m_25m_hxtal
                0x08027c98      0x120 ./CMSIS/system_gd32f4xx.o
 .text.BLDCEAngle
                0x08027db8      0x170 C:/Users/leonardo/Desktop/Code/Github/DawnBGC/GD32EBuilder_project\dawn_lib\libDawnBGC.a(dawn_lib.o)
                0x08027db8                BLDCEAngle
 .text.AttitudeCali
                0x08027f28      0x448 C:/Users/leonardo/Desktop/Code/Github/DawnBGC/GD32EBuilder_project\dawn_lib\libDawnBGC.a(dawn_lib.o)
                0x08027f28                AttitudeCali
 .text.__libc_init_array
                0x08028370       0x48 c:/users/leonardo/desktop/gd32embeddedbuilder_v1.5.6_rel/tools/gnu tools arm embedded/xpack-arm-none-eabi-gcc/9.2.1-1.1/bin/../lib/gcc/arm-none-eabi/9.2.1/../../../../arm-none-eabi/lib/thumb/v7e-m/nofp\libg_nano.a(lib_a-init.o)
                0x08028370                __libc_init_array
 .text.memcpy   0x080283b8       0x1c c:/users/leonardo/desktop/gd32embeddedbuilder_v1.5.6_rel/tools/gnu tools arm embedded/xpack-arm-none-eabi-gcc/9.2.1-1.1/bin/../lib/gcc/arm-none-eabi/9.2.1/../../../../arm-none-eabi/lib/thumb/v7e-m/nofp\libg_nano.a(lib_a-memcpy-stub.o)
                0x080283b8                memcpy
 .text.memset   0x080283d4       0x10 c:/users/leonardo/desktop/gd32embeddedbuilder_v1.5.6_rel/tools/gnu tools arm embedded/xpack-arm-none-eabi-gcc/9.2.1-1.1/bin/../lib/gcc/arm-none-eabi/9.2.1/../../../../arm-none-eabi/lib/thumb/v7e-m/nofp\libg_nano.a(lib_a-memset.o)
                0x080283d4                memset
 .text.cosf     0x080283e4       0x78 c:/users/leonardo/desktop/gd32embeddedbuilder_v1.5.6_rel/tools/gnu tools arm embedded/xpack-arm-none-eabi-gcc/9.2.1-1.1/bin/../lib/gcc/arm-none-eabi/9.2.1/../../../../arm-none-eabi/lib/thumb/v7e-m/nofp\libm.a(lib_a-sf_cos.o)
                0x080283e4                cosf
 .text.sinf     0x0802845c       0x7c c:/users/leonardo/desktop/gd32embeddedbuilder_v1.5.6_rel/tools/gnu tools arm embedded/xpack-arm-none-eabi-gcc/9.2.1-1.1/bin/../lib/gcc/arm-none-eabi/9.2.1/../../../../arm-none-eabi/lib/thumb/v7e-m/nofp\libm.a(lib_a-sf_sin.o)
                0x0802845c                sinf
 .text.asinf    0x080284d8       0xa4 c:/users/leonardo/desktop/gd32embeddedbuilder_v1.5.6_rel/tools/gnu tools arm embedded/xpack-arm-none-eabi-gcc/9.2.1-1.1/bin/../lib/gcc/arm-none-eabi/9.2.1/../../../../arm-none-eabi/lib/thumb/v7e-m/nofp\libm.a(lib_a-wf_asin.o)
                0x080284d8                asinf
 .text.atan2f   0x0802857c        0x4 c:/users/leonardo/desktop/gd32embeddedbuilder_v1.5.6_rel/tools/gnu tools arm embedded/xpack-arm-none-eabi-gcc/9.2.1-1.1/bin/../lib/gcc/arm-none-eabi/9.2.1/../../../../arm-none-eabi/lib/thumb/v7e-m/nofp\libm.a(lib_a-wf_atan2.o)
                0x0802857c                atan2f
 .text.fmodf    0x08028580       0xc0 c:/users/leonardo/desktop/gd32embeddedbuilder_v1.5.6_rel/tools/gnu tools arm embedded/xpack-arm-none-eabi-gcc/9.2.1-1.1/bin/../lib/gcc/arm-none-eabi/9.2.1/../../../../arm-none-eabi/lib/thumb/v7e-m/nofp\libm.a(lib_a-wf_fmod.o)
                0x08028580                fmodf
 .text.sqrtf    0x08028640       0xa4 c:/users/leonardo/desktop/gd32embeddedbuilder_v1.5.6_rel/tools/gnu tools arm embedded/xpack-arm-none-eabi-gcc/9.2.1-1.1/bin/../lib/gcc/arm-none-eabi/9.2.1/../../../../arm-none-eabi/lib/thumb/v7e-m/nofp\libm.a(lib_a-wf_sqrt.o)
                0x08028640                sqrtf
 .text.__ieee754_asinf
                0x080286e4      0x298 c:/users/leonardo/desktop/gd32embeddedbuilder_v1.5.6_rel/tools/gnu tools arm embedded/xpack-arm-none-eabi-gcc/9.2.1-1.1/bin/../lib/gcc/arm-none-eabi/9.2.1/../../../../arm-none-eabi/lib/thumb/v7e-m/nofp\libm.a(lib_a-ef_asin.o)
                0x080286e4                __ieee754_asinf
 .text.__ieee754_atan2f
                0x0802897c      0x110 c:/users/leonardo/desktop/gd32embeddedbuilder_v1.5.6_rel/tools/gnu tools arm embedded/xpack-arm-none-eabi-gcc/9.2.1-1.1/bin/../lib/gcc/arm-none-eabi/9.2.1/../../../../arm-none-eabi/lib/thumb/v7e-m/nofp\libm.a(lib_a-ef_atan2.o)
                0x0802897c                __ieee754_atan2f
 .text.__ieee754_fmodf
                0x08028a8c      0x104 c:/users/leonardo/desktop/gd32embeddedbuilder_v1.5.6_rel/tools/gnu tools arm embedded/xpack-arm-none-eabi-gcc/9.2.1-1.1/bin/../lib/gcc/arm-none-eabi/9.2.1/../../../../arm-none-eabi/lib/thumb/v7e-m/nofp\libm.a(lib_a-ef_fmod.o)
                0x08028a8c                __ieee754_fmodf
 .text.__ieee754_rem_pio2f
                0x08028b90      0x2e8 c:/users/leonardo/desktop/gd32embeddedbuilder_v1.5.6_rel/tools/gnu tools arm embedded/xpack-arm-none-eabi-gcc/9.2.1-1.1/bin/../lib/gcc/arm-none-eabi/9.2.1/../../../../arm-none-eabi/lib/thumb/v7e-m/nofp\libm.a(lib_a-ef_rem_pio2.o)
                0x08028b90                __ieee754_rem_pio2f
 .text.__ieee754_sqrtf
                0x08028e78       0xa4 c:/users/leonardo/desktop/gd32embeddedbuilder_v1.5.6_rel/tools/gnu tools arm embedded/xpack-arm-none-eabi-gcc/9.2.1-1.1/bin/../lib/gcc/arm-none-eabi/9.2.1/../../../../arm-none-eabi/lib/thumb/v7e-m/nofp\libm.a(lib_a-ef_sqrt.o)
                0x08028e78                __ieee754_sqrtf
 .text.__kernel_cosf
                0x08028f1c      0x18c c:/users/leonardo/desktop/gd32embeddedbuilder_v1.5.6_rel/tools/gnu tools arm embedded/xpack-arm-none-eabi-gcc/9.2.1-1.1/bin/../lib/gcc/arm-none-eabi/9.2.1/../../../../arm-none-eabi/lib/thumb/v7e-m/nofp\libm.a(lib_a-kf_cos.o)
                0x08028f1c                __kernel_cosf
 .text.__kernel_rem_pio2f
                0x080290a8      0x6e0 c:/users/leonardo/desktop/gd32embeddedbuilder_v1.5.6_rel/tools/gnu tools arm embedded/xpack-arm-none-eabi-gcc/9.2.1-1.1/bin/../lib/gcc/arm-none-eabi/9.2.1/../../../../arm-none-eabi/lib/thumb/v7e-m/nofp\libm.a(lib_a-kf_rem_pio2.o)
                0x080290a8                __kernel_rem_pio2f
 .text.__kernel_sinf
                0x08029788       0xec c:/users/leonardo/desktop/gd32embeddedbuilder_v1.5.6_rel/tools/gnu tools arm embedded/xpack-arm-none-eabi-gcc/9.2.1-1.1/bin/../lib/gcc/arm-none-eabi/9.2.1/../../../../arm-none-eabi/lib/thumb/v7e-m/nofp\libm.a(lib_a-kf_sin.o)
                0x08029788                __kernel_sinf
 .text.matherr  0x08029874        0x4 c:/users/leonardo/desktop/gd32embeddedbuilder_v1.5.6_rel/tools/gnu tools arm embedded/xpack-arm-none-eabi-gcc/9.2.1-1.1/bin/../lib/gcc/arm-none-eabi/9.2.1/../../../../arm-none-eabi/lib/thumb/v7e-m/nofp\libm.a(lib_a-s_matherr.o)
                0x08029874                matherr
 .text.nan      0x08029878        0xc c:/users/leonardo/desktop/gd32embeddedbuilder_v1.5.6_rel/tools/gnu tools arm embedded/xpack-arm-none-eabi-gcc/9.2.1-1.1/bin/../lib/gcc/arm-none-eabi/9.2.1/../../../../arm-none-eabi/lib/thumb/v7e-m/nofp\libm.a(lib_a-s_nan.o)
                0x08029878                nan
 .text.atanf    0x08029884      0x230 c:/users/leonardo/desktop/gd32embeddedbuilder_v1.5.6_rel/tools/gnu tools arm embedded/xpack-arm-none-eabi-gcc/9.2.1-1.1/bin/../lib/gcc/arm-none-eabi/9.2.1/../../../../arm-none-eabi/lib/thumb/v7e-m/nofp\libm.a(lib_a-sf_atan.o)
                0x08029884                atanf
 .text.fabsf    0x08029ab4        0x8 c:/users/leonardo/desktop/gd32embeddedbuilder_v1.5.6_rel/tools/gnu tools arm embedded/xpack-arm-none-eabi-gcc/9.2.1-1.1/bin/../lib/gcc/arm-none-eabi/9.2.1/../../../../arm-none-eabi/lib/thumb/v7e-m/nofp\libm.a(lib_a-sf_fabs.o)
                0x08029ab4                fabsf
 .text.floorf   0x08029abc       0x80 c:/users/leonardo/desktop/gd32embeddedbuilder_v1.5.6_rel/tools/gnu tools arm embedded/xpack-arm-none-eabi-gcc/9.2.1-1.1/bin/../lib/gcc/arm-none-eabi/9.2.1/../../../../arm-none-eabi/lib/thumb/v7e-m/nofp\libm.a(lib_a-sf_floor.o)
                0x08029abc                floorf
 .text.scalbnf  0x08029b3c       0xac c:/users/leonardo/desktop/gd32embeddedbuilder_v1.5.6_rel/tools/gnu tools arm embedded/xpack-arm-none-eabi-gcc/9.2.1-1.1/bin/../lib/gcc/arm-none-eabi/9.2.1/../../../../arm-none-eabi/lib/thumb/v7e-m/nofp\libm.a(lib_a-sf_scalbn.o)
                0x08029b3c                scalbnf
 .text.__errno  0x08029be8        0xc c:/users/leonardo/desktop/gd32embeddedbuilder_v1.5.6_rel/tools/gnu tools arm embedded/xpack-arm-none-eabi-gcc/9.2.1-1.1/bin/../lib/gcc/arm-none-eabi/9.2.1/../../../../arm-none-eabi/lib/thumb/v7e-m/nofp\libc.a(lib_a-errno.o)
                0x08029be8                __errno
 *(.glue_7)
 .glue_7        0x08029bf4        0x0 linker stubs
 *(.glue_7t)
 .glue_7t       0x08029bf4        0x0 linker stubs
 *(.eh_frame)
 .eh_frame      0x08029bf4        0x0 c:/users/leonardo/desktop/gd32embeddedbuilder_v1.5.6_rel/tools/gnu tools arm embedded/xpack-arm-none-eabi-gcc/9.2.1-1.1/bin/../lib/gcc/arm-none-eabi/9.2.1/thumb/v7e-m/nofp/crtbegin.o
 *(.init)
 .init          0x08029bf4        0x4 c:/users/leonardo/desktop/gd32embeddedbuilder_v1.5.6_rel/tools/gnu tools arm embedded/xpack-arm-none-eabi-gcc/9.2.1-1.1/bin/../lib/gcc/arm-none-eabi/9.2.1/thumb/v7e-m/nofp/crti.o
                0x08029bf4                _init
 .init          0x08029bf8        0x8 c:/users/leonardo/desktop/gd32embeddedbuilder_v1.5.6_rel/tools/gnu tools arm embedded/xpack-arm-none-eabi-gcc/9.2.1-1.1/bin/../lib/gcc/arm-none-eabi/9.2.1/thumb/v7e-m/nofp/crtn.o
 *(.fini)
 .fini          0x08029c00        0x4 c:/users/leonardo/desktop/gd32embeddedbuilder_v1.5.6_rel/tools/gnu tools arm embedded/xpack-arm-none-eabi-gcc/9.2.1-1.1/bin/../lib/gcc/arm-none-eabi/9.2.1/thumb/v7e-m/nofp/crti.o
                0x08029c00                _fini
 .fini          0x08029c04        0x8 c:/users/leonardo/desktop/gd32embeddedbuilder_v1.5.6_rel/tools/gnu tools arm embedded/xpack-arm-none-eabi-gcc/9.2.1-1.1/bin/../lib/gcc/arm-none-eabi/9.2.1/thumb/v7e-m/nofp/crtn.o
                0x08029c0c                . = ALIGN (0x4)
                0x08029c0c                _etext = .

.vfp11_veneer   0x08029c0c        0x0
 .vfp11_veneer  0x08029c0c        0x0 linker stubs

.v4_bx          0x08029c0c        0x0
 .v4_bx         0x08029c0c        0x0 linker stubs

.iplt           0x08029c0c        0x0
 .iplt          0x08029c0c        0x0 c:/users/leonardo/desktop/gd32embeddedbuilder_v1.5.6_rel/tools/gnu tools arm embedded/xpack-arm-none-eabi-gcc/9.2.1-1.1/bin/../lib/gcc/arm-none-eabi/9.2.1/thumb/v7e-m/nofp/crtbegin.o

.rodata         0x08029c0c      0x444
                0x08029c0c                . = ALIGN (0x4)
 *(.rodata)
 .rodata        0x08029c0c       0x18 ./FWLIB/gd32f4xx_rcu.o
 *(.rodata*)
 .rodata.asinf.str1.4
                0x08029c24        0x9 c:/users/leonardo/desktop/gd32embeddedbuilder_v1.5.6_rel/tools/gnu tools arm embedded/xpack-arm-none-eabi-gcc/9.2.1-1.1/bin/../lib/gcc/arm-none-eabi/9.2.1/../../../../arm-none-eabi/lib/thumb/v7e-m/nofp\libm.a(lib_a-wf_asin.o)
 *fill*         0x08029c2d        0x3 
 .rodata.fmodf.str1.4
                0x08029c30        0x6 c:/users/leonardo/desktop/gd32embeddedbuilder_v1.5.6_rel/tools/gnu tools arm embedded/xpack-arm-none-eabi-gcc/9.2.1-1.1/bin/../lib/gcc/arm-none-eabi/9.2.1/../../../../arm-none-eabi/lib/thumb/v7e-m/nofp\libm.a(lib_a-wf_fmod.o)
 *fill*         0x08029c36        0x2 
 .rodata.sqrtf.str1.4
                0x08029c38        0x6 c:/users/leonardo/desktop/gd32embeddedbuilder_v1.5.6_rel/tools/gnu tools arm embedded/xpack-arm-none-eabi-gcc/9.2.1-1.1/bin/../lib/gcc/arm-none-eabi/9.2.1/../../../../arm-none-eabi/lib/thumb/v7e-m/nofp\libm.a(lib_a-wf_sqrt.o)
 *fill*         0x08029c3e        0x2 
 .rodata.CSWTCH.8
                0x08029c40        0xc c:/users/leonardo/desktop/gd32embeddedbuilder_v1.5.6_rel/tools/gnu tools arm embedded/xpack-arm-none-eabi-gcc/9.2.1-1.1/bin/../lib/gcc/arm-none-eabi/9.2.1/../../../../arm-none-eabi/lib/thumb/v7e-m/nofp\libm.a(lib_a-ef_atan2.o)
 .rodata.CSWTCH.9
                0x08029c4c        0xc c:/users/leonardo/desktop/gd32embeddedbuilder_v1.5.6_rel/tools/gnu tools arm embedded/xpack-arm-none-eabi-gcc/9.2.1-1.1/bin/../lib/gcc/arm-none-eabi/9.2.1/../../../../arm-none-eabi/lib/thumb/v7e-m/nofp\libm.a(lib_a-ef_atan2.o)
 .rodata.Zero   0x08029c58        0x8 c:/users/leonardo/desktop/gd32embeddedbuilder_v1.5.6_rel/tools/gnu tools arm embedded/xpack-arm-none-eabi-gcc/9.2.1-1.1/bin/../lib/gcc/arm-none-eabi/9.2.1/../../../../arm-none-eabi/lib/thumb/v7e-m/nofp\libm.a(lib_a-ef_fmod.o)
 .rodata.npio2_hw
                0x08029c60       0x80 c:/users/leonardo/desktop/gd32embeddedbuilder_v1.5.6_rel/tools/gnu tools arm embedded/xpack-arm-none-eabi-gcc/9.2.1-1.1/bin/../lib/gcc/arm-none-eabi/9.2.1/../../../../arm-none-eabi/lib/thumb/v7e-m/nofp\libm.a(lib_a-ef_rem_pio2.o)
 .rodata.two_over_pi
                0x08029ce0      0x318 c:/users/leonardo/desktop/gd32embeddedbuilder_v1.5.6_rel/tools/gnu tools arm embedded/xpack-arm-none-eabi-gcc/9.2.1-1.1/bin/../lib/gcc/arm-none-eabi/9.2.1/../../../../arm-none-eabi/lib/thumb/v7e-m/nofp\libm.a(lib_a-ef_rem_pio2.o)
 .rodata.PIo2   0x08029ff8       0x2c c:/users/leonardo/desktop/gd32embeddedbuilder_v1.5.6_rel/tools/gnu tools arm embedded/xpack-arm-none-eabi-gcc/9.2.1-1.1/bin/../lib/gcc/arm-none-eabi/9.2.1/../../../../arm-none-eabi/lib/thumb/v7e-m/nofp\libm.a(lib_a-kf_rem_pio2.o)
 .rodata.init_jk
                0x0802a024        0xc c:/users/leonardo/desktop/gd32embeddedbuilder_v1.5.6_rel/tools/gnu tools arm embedded/xpack-arm-none-eabi-gcc/9.2.1-1.1/bin/../lib/gcc/arm-none-eabi/9.2.1/../../../../arm-none-eabi/lib/thumb/v7e-m/nofp\libm.a(lib_a-kf_rem_pio2.o)
 .rodata.atanhi
                0x0802a030       0x10 c:/users/leonardo/desktop/gd32embeddedbuilder_v1.5.6_rel/tools/gnu tools arm embedded/xpack-arm-none-eabi-gcc/9.2.1-1.1/bin/../lib/gcc/arm-none-eabi/9.2.1/../../../../arm-none-eabi/lib/thumb/v7e-m/nofp\libm.a(lib_a-sf_atan.o)
 .rodata.atanlo
                0x0802a040       0x10 c:/users/leonardo/desktop/gd32embeddedbuilder_v1.5.6_rel/tools/gnu tools arm embedded/xpack-arm-none-eabi-gcc/9.2.1-1.1/bin/../lib/gcc/arm-none-eabi/9.2.1/../../../../arm-none-eabi/lib/thumb/v7e-m/nofp\libm.a(lib_a-sf_atan.o)
                0x0802a050                . = ALIGN (0x4)

.rel.dyn        0x0802a050        0x0
 .rel.iplt      0x0802a050        0x0 c:/users/leonardo/desktop/gd32embeddedbuilder_v1.5.6_rel/tools/gnu tools arm embedded/xpack-arm-none-eabi-gcc/9.2.1-1.1/bin/../lib/gcc/arm-none-eabi/9.2.1/thumb/v7e-m/nofp/crtbegin.o

.ARM.extab
 *(.ARM.extab* .gnu.linkonce.armextab.*)

.ARM            0x0802a050        0x0
                0x0802a050                __exidx_start = .
 *(.ARM.exidx*)
                0x0802a050                __exidx_end = .

.ARM.attributes
                0x0802a050       0x2a
 *(.ARM.attributes)
 .ARM.attributes
                0x0802a050       0x1e c:/users/leonardo/desktop/gd32embeddedbuilder_v1.5.6_rel/tools/gnu tools arm embedded/xpack-arm-none-eabi-gcc/9.2.1-1.1/bin/../lib/gcc/arm-none-eabi/9.2.1/thumb/v7e-m/nofp/crti.o
 .ARM.attributes
                0x0802a06e       0x2e c:/users/leonardo/desktop/gd32embeddedbuilder_v1.5.6_rel/tools/gnu tools arm embedded/xpack-arm-none-eabi-gcc/9.2.1-1.1/bin/../lib/gcc/arm-none-eabi/9.2.1/thumb/v7e-m/nofp/crtbegin.o
 .ARM.attributes
                0x0802a09c       0x21 ./gcc_startup/startup_gd32f405_425.o
 .ARM.attributes
                0x0802a0bd       0x2e ./FWLIB/gd32f4xx_usart.o
 .ARM.attributes
                0x0802a0eb       0x2e ./FWLIB/gd32f4xx_timer.o
 .ARM.attributes
                0x0802a119       0x2e ./FWLIB/gd32f4xx_syscfg.o
 .ARM.attributes
                0x0802a147       0x2e ./FWLIB/gd32f4xx_spi.o
 .ARM.attributes
                0x0802a175       0x2e ./FWLIB/gd32f4xx_rcu.o
 .ARM.attributes
                0x0802a1a3       0x2e ./FWLIB/gd32f4xx_misc.o
 .ARM.attributes
                0x0802a1d1       0x2e ./FWLIB/gd32f4xx_gpio.o
 .ARM.attributes
                0x0802a1ff       0x2e ./FWLIB/gd32f4xx_exti.o
 .ARM.attributes
                0x0802a22d       0x2e ./FWLIB/gd32f4xx_dma.o
 .ARM.attributes
                0x0802a25b       0x2e ./FWLIB/gd32f4xx_adc.o
 .ARM.attributes
                0x0802a289       0x2e ./DawnSys/systick.o
 .ARM.attributes
                0x0802a2b7       0x2e ./DawnMain/gd32f4xx_it.o
 .ARM.attributes
                0x0802a2e5       0x33 ./DawnMain/dawn_parameter.o
 .ARM.attributes
                0x0802a318       0x2e ./DawnMain/dawn_main.o
 .ARM.attributes
                0x0802a346       0x2e ./DawnMain/dawn_function.o
 .ARM.attributes
                0x0802a374       0x2e ./DawnGimbal/dawn_gimbal_system.o
 .ARM.attributes
                0x0802a3a2       0x2e ./DawnGimbal/dawn_gimbal_math.o
 .ARM.attributes
                0x0802a3d0       0x2e ./DawnDevice/icm206xx.o
 .ARM.attributes
                0x0802a3fe       0x2e ./DawnCom/unpack.o
 .ARM.attributes
                0x0802a42c       0x2e ./DawnBsp/usart.o
 .ARM.attributes
                0x0802a45a       0x2e ./DawnBsp/timebase.o
 .ARM.attributes
                0x0802a488       0x2e ./DawnBsp/gpio.o
 .ARM.attributes
                0x0802a4b6       0x2e ./DawnBLDC/dawn_bldc_math.o
 .ARM.attributes
                0x0802a4e4       0x2e ./DawnBLDC/dawn_bldc.o
 .ARM.attributes
                0x0802a512       0x2e ./CMSIS/system_gd32f4xx.o
 .ARM.attributes
                0x0802a540       0x2e C:/Users/leonardo/Desktop/Code/Github/DawnBGC/GD32EBuilder_project\dawn_lib\libDawnBGC.a(dawn_lib.o)
 .ARM.attributes
                0x0802a56e       0x1e c:/users/leonardo/desktop/gd32embeddedbuilder_v1.5.6_rel/tools/gnu tools arm embedded/xpack-arm-none-eabi-gcc/9.2.1-1.1/bin/../lib/gcc/arm-none-eabi/9.2.1/thumb/v7e-m/nofp\libgcc.a(_arm_addsubdf3.o)
 .ARM.attributes
                0x0802a58c       0x1e c:/users/leonardo/desktop/gd32embeddedbuilder_v1.5.6_rel/tools/gnu tools arm embedded/xpack-arm-none-eabi-gcc/9.2.1-1.1/bin/../lib/gcc/arm-none-eabi/9.2.1/thumb/v7e-m/nofp\libgcc.a(_arm_muldivdf3.o)
 .ARM.attributes
                0x0802a5aa       0x1e c:/users/leonardo/desktop/gd32embeddedbuilder_v1.5.6_rel/tools/gnu tools arm embedded/xpack-arm-none-eabi-gcc/9.2.1-1.1/bin/../lib/gcc/arm-none-eabi/9.2.1/thumb/v7e-m/nofp\libgcc.a(_arm_truncdfsf2.o)
 .ARM.attributes
                0x0802a5c8       0x1e c:/users/leonardo/desktop/gd32embeddedbuilder_v1.5.6_rel/tools/gnu tools arm embedded/xpack-arm-none-eabi-gcc/9.2.1-1.1/bin/../lib/gcc/arm-none-eabi/9.2.1/thumb/v7e-m/nofp\libgcc.a(_arm_addsubsf3.o)
 .ARM.attributes
                0x0802a5e6       0x1e c:/users/leonardo/desktop/gd32embeddedbuilder_v1.5.6_rel/tools/gnu tools arm embedded/xpack-arm-none-eabi-gcc/9.2.1-1.1/bin/../lib/gcc/arm-none-eabi/9.2.1/thumb/v7e-m/nofp\libgcc.a(_arm_muldivsf3.o)
 .ARM.attributes
                0x0802a604       0x1e c:/users/leonardo/desktop/gd32embeddedbuilder_v1.5.6_rel/tools/gnu tools arm embedded/xpack-arm-none-eabi-gcc/9.2.1-1.1/bin/../lib/gcc/arm-none-eabi/9.2.1/thumb/v7e-m/nofp\libgcc.a(_arm_cmpsf2.o)
 .ARM.attributes
                0x0802a622       0x1e c:/users/leonardo/desktop/gd32embeddedbuilder_v1.5.6_rel/tools/gnu tools arm embedded/xpack-arm-none-eabi-gcc/9.2.1-1.1/bin/../lib/gcc/arm-none-eabi/9.2.1/thumb/v7e-m/nofp\libgcc.a(_arm_fixsfsi.o)
 .ARM.attributes
                0x0802a640       0x1e c:/users/leonardo/desktop/gd32embeddedbuilder_v1.5.6_rel/tools/gnu tools arm embedded/xpack-arm-none-eabi-gcc/9.2.1-1.1/bin/../lib/gcc/arm-none-eabi/9.2.1/thumb/v7e-m/nofp\libgcc.a(_arm_fixunssfsi.o)
 .ARM.attributes
                0x0802a65e       0x2e c:/users/leonardo/desktop/gd32embeddedbuilder_v1.5.6_rel/tools/gnu tools arm embedded/xpack-arm-none-eabi-gcc/9.2.1-1.1/bin/../lib/gcc/arm-none-eabi/9.2.1/../../../../arm-none-eabi/lib/thumb/v7e-m/nofp\libg_nano.a(lib_a-impure.o)
 .ARM.attributes
                0x0802a68c       0x2e c:/users/leonardo/desktop/gd32embeddedbuilder_v1.5.6_rel/tools/gnu tools arm embedded/xpack-arm-none-eabi-gcc/9.2.1-1.1/bin/../lib/gcc/arm-none-eabi/9.2.1/../../../../arm-none-eabi/lib/thumb/v7e-m/nofp\libg_nano.a(lib_a-init.o)
 .ARM.attributes
                0x0802a6ba       0x2e c:/users/leonardo/desktop/gd32embeddedbuilder_v1.5.6_rel/tools/gnu tools arm embedded/xpack-arm-none-eabi-gcc/9.2.1-1.1/bin/../lib/gcc/arm-none-eabi/9.2.1/../../../../arm-none-eabi/lib/thumb/v7e-m/nofp\libg_nano.a(lib_a-memcpy-stub.o)
 .ARM.attributes
                0x0802a6e8       0x2e c:/users/leonardo/desktop/gd32embeddedbuilder_v1.5.6_rel/tools/gnu tools arm embedded/xpack-arm-none-eabi-gcc/9.2.1-1.1/bin/../lib/gcc/arm-none-eabi/9.2.1/../../../../arm-none-eabi/lib/thumb/v7e-m/nofp\libg_nano.a(lib_a-memset.o)
 .ARM.attributes
                0x0802a716       0x1e c:/users/leonardo/desktop/gd32embeddedbuilder_v1.5.6_rel/tools/gnu tools arm embedded/xpack-arm-none-eabi-gcc/9.2.1-1.1/bin/../lib/gcc/arm-none-eabi/9.2.1/thumb/v7e-m/nofp/crtn.o
 .ARM.attributes
                0x0802a734       0x2e c:/users/leonardo/desktop/gd32embeddedbuilder_v1.5.6_rel/tools/gnu tools arm embedded/xpack-arm-none-eabi-gcc/9.2.1-1.1/bin/../lib/gcc/arm-none-eabi/9.2.1/../../../../arm-none-eabi/lib/thumb/v7e-m/nofp\libm.a(lib_a-sf_cos.o)
 .ARM.attributes
                0x0802a762       0x2e c:/users/leonardo/desktop/gd32embeddedbuilder_v1.5.6_rel/tools/gnu tools arm embedded/xpack-arm-none-eabi-gcc/9.2.1-1.1/bin/../lib/gcc/arm-none-eabi/9.2.1/../../../../arm-none-eabi/lib/thumb/v7e-m/nofp\libm.a(lib_a-sf_sin.o)
 .ARM.attributes
                0x0802a790       0x2e c:/users/leonardo/desktop/gd32embeddedbuilder_v1.5.6_rel/tools/gnu tools arm embedded/xpack-arm-none-eabi-gcc/9.2.1-1.1/bin/../lib/gcc/arm-none-eabi/9.2.1/../../../../arm-none-eabi/lib/thumb/v7e-m/nofp\libm.a(lib_a-wf_asin.o)
 .ARM.attributes
                0x0802a7be       0x2e c:/users/leonardo/desktop/gd32embeddedbuilder_v1.5.6_rel/tools/gnu tools arm embedded/xpack-arm-none-eabi-gcc/9.2.1-1.1/bin/../lib/gcc/arm-none-eabi/9.2.1/../../../../arm-none-eabi/lib/thumb/v7e-m/nofp\libm.a(lib_a-wf_atan2.o)
 .ARM.attributes
                0x0802a7ec       0x2e c:/users/leonardo/desktop/gd32embeddedbuilder_v1.5.6_rel/tools/gnu tools arm embedded/xpack-arm-none-eabi-gcc/9.2.1-1.1/bin/../lib/gcc/arm-none-eabi/9.2.1/../../../../arm-none-eabi/lib/thumb/v7e-m/nofp\libm.a(lib_a-wf_fmod.o)
 .ARM.attributes
                0x0802a81a       0x2e c:/users/leonardo/desktop/gd32embeddedbuilder_v1.5.6_rel/tools/gnu tools arm embedded/xpack-arm-none-eabi-gcc/9.2.1-1.1/bin/../lib/gcc/arm-none-eabi/9.2.1/../../../../arm-none-eabi/lib/thumb/v7e-m/nofp\libm.a(lib_a-wf_sqrt.o)
 .ARM.attributes
                0x0802a848       0x2e c:/users/leonardo/desktop/gd32embeddedbuilder_v1.5.6_rel/tools/gnu tools arm embedded/xpack-arm-none-eabi-gcc/9.2.1-1.1/bin/../lib/gcc/arm-none-eabi/9.2.1/../../../../arm-none-eabi/lib/thumb/v7e-m/nofp\libm.a(lib_a-ef_asin.o)
 .ARM.attributes
                0x0802a876       0x2e c:/users/leonardo/desktop/gd32embeddedbuilder_v1.5.6_rel/tools/gnu tools arm embedded/xpack-arm-none-eabi-gcc/9.2.1-1.1/bin/../lib/gcc/arm-none-eabi/9.2.1/../../../../arm-none-eabi/lib/thumb/v7e-m/nofp\libm.a(lib_a-ef_atan2.o)
 .ARM.attributes
                0x0802a8a4       0x2e c:/users/leonardo/desktop/gd32embeddedbuilder_v1.5.6_rel/tools/gnu tools arm embedded/xpack-arm-none-eabi-gcc/9.2.1-1.1/bin/../lib/gcc/arm-none-eabi/9.2.1/../../../../arm-none-eabi/lib/thumb/v7e-m/nofp\libm.a(lib_a-ef_fmod.o)
 .ARM.attributes
                0x0802a8d2       0x2e c:/users/leonardo/desktop/gd32embeddedbuilder_v1.5.6_rel/tools/gnu tools arm embedded/xpack-arm-none-eabi-gcc/9.2.1-1.1/bin/../lib/gcc/arm-none-eabi/9.2.1/../../../../arm-none-eabi/lib/thumb/v7e-m/nofp\libm.a(lib_a-ef_rem_pio2.o)
 .ARM.attributes
                0x0802a900       0x2e c:/users/leonardo/desktop/gd32embeddedbuilder_v1.5.6_rel/tools/gnu tools arm embedded/xpack-arm-none-eabi-gcc/9.2.1-1.1/bin/../lib/gcc/arm-none-eabi/9.2.1/../../../../arm-none-eabi/lib/thumb/v7e-m/nofp\libm.a(lib_a-ef_sqrt.o)
 .ARM.attributes
                0x0802a92e       0x2e c:/users/leonardo/desktop/gd32embeddedbuilder_v1.5.6_rel/tools/gnu tools arm embedded/xpack-arm-none-eabi-gcc/9.2.1-1.1/bin/../lib/gcc/arm-none-eabi/9.2.1/../../../../arm-none-eabi/lib/thumb/v7e-m/nofp\libm.a(lib_a-kf_cos.o)
 .ARM.attributes
                0x0802a95c       0x2e c:/users/leonardo/desktop/gd32embeddedbuilder_v1.5.6_rel/tools/gnu tools arm embedded/xpack-arm-none-eabi-gcc/9.2.1-1.1/bin/../lib/gcc/arm-none-eabi/9.2.1/../../../../arm-none-eabi/lib/thumb/v7e-m/nofp\libm.a(lib_a-kf_rem_pio2.o)
 .ARM.attributes
                0x0802a98a       0x2e c:/users/leonardo/desktop/gd32embeddedbuilder_v1.5.6_rel/tools/gnu tools arm embedded/xpack-arm-none-eabi-gcc/9.2.1-1.1/bin/../lib/gcc/arm-none-eabi/9.2.1/../../../../arm-none-eabi/lib/thumb/v7e-m/nofp\libm.a(lib_a-kf_sin.o)
 .ARM.attributes
                0x0802a9b8       0x2e c:/users/leonardo/desktop/gd32embeddedbuilder_v1.5.6_rel/tools/gnu tools arm embedded/xpack-arm-none-eabi-gcc/9.2.1-1.1/bin/../lib/gcc/arm-none-eabi/9.2.1/../../../../arm-none-eabi/lib/thumb/v7e-m/nofp\libm.a(lib_a-s_lib_ver.o)
 .ARM.attributes
                0x0802a9e6       0x2e c:/users/leonardo/desktop/gd32embeddedbuilder_v1.5.6_rel/tools/gnu tools arm embedded/xpack-arm-none-eabi-gcc/9.2.1-1.1/bin/../lib/gcc/arm-none-eabi/9.2.1/../../../../arm-none-eabi/lib/thumb/v7e-m/nofp\libm.a(lib_a-s_matherr.o)
 .ARM.attributes
                0x0802aa14       0x2e c:/users/leonardo/desktop/gd32embeddedbuilder_v1.5.6_rel/tools/gnu tools arm embedded/xpack-arm-none-eabi-gcc/9.2.1-1.1/bin/../lib/gcc/arm-none-eabi/9.2.1/../../../../arm-none-eabi/lib/thumb/v7e-m/nofp\libm.a(lib_a-s_nan.o)
 .ARM.attributes
                0x0802aa42       0x2e c:/users/leonardo/desktop/gd32embeddedbuilder_v1.5.6_rel/tools/gnu tools arm embedded/xpack-arm-none-eabi-gcc/9.2.1-1.1/bin/../lib/gcc/arm-none-eabi/9.2.1/../../../../arm-none-eabi/lib/thumb/v7e-m/nofp\libm.a(lib_a-sf_atan.o)
 .ARM.attributes
                0x0802aa70       0x2e c:/users/leonardo/desktop/gd32embeddedbuilder_v1.5.6_rel/tools/gnu tools arm embedded/xpack-arm-none-eabi-gcc/9.2.1-1.1/bin/../lib/gcc/arm-none-eabi/9.2.1/../../../../arm-none-eabi/lib/thumb/v7e-m/nofp\libm.a(lib_a-sf_fabs.o)
 .ARM.attributes
                0x0802aa9e       0x2e c:/users/leonardo/desktop/gd32embeddedbuilder_v1.5.6_rel/tools/gnu tools arm embedded/xpack-arm-none-eabi-gcc/9.2.1-1.1/bin/../lib/gcc/arm-none-eabi/9.2.1/../../../../arm-none-eabi/lib/thumb/v7e-m/nofp\libm.a(lib_a-sf_floor.o)
 .ARM.attributes
                0x0802aacc       0x2e c:/users/leonardo/desktop/gd32embeddedbuilder_v1.5.6_rel/tools/gnu tools arm embedded/xpack-arm-none-eabi-gcc/9.2.1-1.1/bin/../lib/gcc/arm-none-eabi/9.2.1/../../../../arm-none-eabi/lib/thumb/v7e-m/nofp\libm.a(lib_a-sf_scalbn.o)
 .ARM.attributes
                0x0802aafa       0x1e c:/users/leonardo/desktop/gd32embeddedbuilder_v1.5.6_rel/tools/gnu tools arm embedded/xpack-arm-none-eabi-gcc/9.2.1-1.1/bin/../lib/gcc/arm-none-eabi/9.2.1/thumb/v7e-m/nofp\libgcc.a(_arm_unordsf2.o)
 .ARM.attributes
                0x0802ab18       0x2e c:/users/leonardo/desktop/gd32embeddedbuilder_v1.5.6_rel/tools/gnu tools arm embedded/xpack-arm-none-eabi-gcc/9.2.1-1.1/bin/../lib/gcc/arm-none-eabi/9.2.1/../../../../arm-none-eabi/lib/thumb/v7e-m/nofp\libc.a(lib_a-errno.o)

.preinit_array  0x0802a050        0x0
                0x0802a050                PROVIDE (__preinit_array_start = .)
 *(.preinit_array*)
                0x0802a050                PROVIDE (__preinit_array_end = .)

.init_array     0x0802a050        0x4
                0x0802a050                PROVIDE (__init_array_start = .)
 *(SORT_BY_NAME(.init_array.*))
 *(.init_array*)
 .init_array    0x0802a050        0x4 c:/users/leonardo/desktop/gd32embeddedbuilder_v1.5.6_rel/tools/gnu tools arm embedded/xpack-arm-none-eabi-gcc/9.2.1-1.1/bin/../lib/gcc/arm-none-eabi/9.2.1/thumb/v7e-m/nofp/crtbegin.o
                0x0802a054                PROVIDE (__init_array_end = .)

.fini_array     0x0802a054        0x4
                [!provide]                PROVIDE (__fini_array_start = .)
 *(.fini_array*)
 .fini_array    0x0802a054        0x4 c:/users/leonardo/desktop/gd32embeddedbuilder_v1.5.6_rel/tools/gnu tools arm embedded/xpack-arm-none-eabi-gcc/9.2.1-1.1/bin/../lib/gcc/arm-none-eabi/9.2.1/thumb/v7e-m/nofp/crtbegin.o
 *(SORT_BY_NAME(.fini_array.*))
                [!provide]                PROVIDE (__fini_array_end = .)
                0x0802a058                _sidata = LOADADDR (.data)

.data           0x20000000      0x690 load address 0x0802a058
                0x20000000                . = ALIGN (0x4)
                0x20000000                _sdata = .
 *(.data)
 *(.data*)
 .data.GimbalSystem
                0x20000000      0x40c ./DawnMain/dawn_parameter.o
                0x20000000                GimbalSystem
 .data.Icm206XXTxBufGyro
                0x2000040c        0x7 ./DawnDevice/icm206xx.o
 *fill*         0x20000413        0x1 
 .data.Icm206XXTxBufGyroTemp
                0x20000414        0xf ./DawnDevice/icm206xx.o
 .data.is_debug_usart_dma_trans_completed
                0x20000423        0x1 ./DawnBsp/usart.o
 .data.BLDCYaw  0x20000424       0xac C:/Users/leonardo/Desktop/Code/Github/DawnBGC/GD32EBuilder_project\dawn_lib\libDawnBGC.a(dawn_lib.o)
                0x20000424                BLDCYaw
 .data.BLDCRoll
                0x200004d0       0xac C:/Users/leonardo/Desktop/Code/Github/DawnBGC/GD32EBuilder_project\dawn_lib\libDawnBGC.a(dawn_lib.o)
                0x200004d0                BLDCRoll
 .data.BLDCPitch
                0x2000057c       0xac C:/Users/leonardo/Desktop/Code/Github/DawnBGC/GD32EBuilder_project\dawn_lib\libDawnBGC.a(dawn_lib.o)
                0x2000057c                BLDCPitch
 .data._impure_ptr
                0x20000628        0x4 c:/users/leonardo/desktop/gd32embeddedbuilder_v1.5.6_rel/tools/gnu tools arm embedded/xpack-arm-none-eabi-gcc/9.2.1-1.1/bin/../lib/gcc/arm-none-eabi/9.2.1/../../../../arm-none-eabi/lib/thumb/v7e-m/nofp\libg_nano.a(lib_a-impure.o)
                0x20000628                _impure_ptr
 .data.impure_data
                0x2000062c       0x60 c:/users/leonardo/desktop/gd32embeddedbuilder_v1.5.6_rel/tools/gnu tools arm embedded/xpack-arm-none-eabi-gcc/9.2.1-1.1/bin/../lib/gcc/arm-none-eabi/9.2.1/../../../../arm-none-eabi/lib/thumb/v7e-m/nofp\libg_nano.a(lib_a-impure.o)
 .data.__fdlib_version
                0x2000068c        0x1 c:/users/leonardo/desktop/gd32embeddedbuilder_v1.5.6_rel/tools/gnu tools arm embedded/xpack-arm-none-eabi-gcc/9.2.1-1.1/bin/../lib/gcc/arm-none-eabi/9.2.1/../../../../arm-none-eabi/lib/thumb/v7e-m/nofp\libm.a(lib_a-s_lib_ver.o)
                0x2000068c                __fdlib_version
                0x20000690                . = ALIGN (0x4)
 *fill*         0x2000068d        0x3 
                0x20000690                _edata = .

.igot.plt       0x20000690        0x0 load address 0x0802a6e8
 .igot.plt      0x20000690        0x0 c:/users/leonardo/desktop/gd32embeddedbuilder_v1.5.6_rel/tools/gnu tools arm embedded/xpack-arm-none-eabi-gcc/9.2.1-1.1/bin/../lib/gcc/arm-none-eabi/9.2.1/thumb/v7e-m/nofp/crtbegin.o
                0x20000690                . = ALIGN (0x4)

.bss            0x20000690      0x8c4 load address 0x0802a6e8
                0x20000690                . = ALIGN (0x4)
                0x20000690                _sbss = .
                0x20000690                __bss_start__ = _sbss
 *(.bss)
 *(.bss*)
 .bss.completed.8911
                0x20000690        0x1 c:/users/leonardo/desktop/gd32embeddedbuilder_v1.5.6_rel/tools/gnu tools arm embedded/xpack-arm-none-eabi-gcc/9.2.1-1.1/bin/../lib/gcc/arm-none-eabi/9.2.1/thumb/v7e-m/nofp/crtbegin.o
 *fill*         0x20000691        0x3 
 .bss.object.8916
                0x20000694       0x18 c:/users/leonardo/desktop/gd32embeddedbuilder_v1.5.6_rel/tools/gnu tools arm embedded/xpack-arm-none-eabi-gcc/9.2.1-1.1/bin/../lib/gcc/arm-none-eabi/9.2.1/thumb/v7e-m/nofp/crtbegin.o
 .bss.fac_us    0x200006ac        0x1 ./DawnSys/systick.o
 *fill*         0x200006ad        0x1 
 .bss.fac_ms    0x200006ae        0x2 ./DawnSys/systick.o
 .bss.StallTime.11219
                0x200006b0        0x4 ./DawnMain/dawn_function.o
 .bss.StallTimes.11220
                0x200006b4        0x1 ./DawnMain/dawn_function.o
 .bss.Icm206XXRegData
                0x200006b5        0x1 ./DawnDevice/icm206xx.o
 .bss.Icm206XXRxBufIndex
                0x200006b6        0x1 ./DawnDevice/icm206xx.o
 *fill*         0x200006b7        0x1 
 .bss.Icm206XXRxBuf
                0x200006b8        0xf ./DawnDevice/icm206xx.o
 *fill*         0x200006c7        0x1 
 .bss.GyroXSum.11249
                0x200006c8        0x4 ./DawnDevice/icm206xx.o
 .bss.GyroYSum.11250
                0x200006cc        0x4 ./DawnDevice/icm206xx.o
 .bss.GyroZSum.11251
                0x200006d0        0x4 ./DawnDevice/icm206xx.o
 .bss.DebugUsartFrame
                0x200006d4      0x108 ./DawnCom/unpack.o
                0x200006d4                DebugUsartFrame
 .bss.pbuf.11222
                0x200007dc      0x100 ./DawnCom/unpack.o
 .bss.debug_usart_rx_buf
                0x200008dc      0x200 ./DawnBsp/usart.o
 .bss.debug_usart_tx_buf
                0x20000adc      0x400 ./DawnBsp/usart.o
 .bss.debug_usart_rx_buff_head
                0x20000edc        0x2 ./DawnBsp/usart.o
 .bss.debug_usart_rx_buff_tail
                0x20000ede        0x2 ./DawnBsp/usart.o
 .bss.debug_usart_rx_buff_tail_last
                0x20000ee0        0x2 ./DawnBsp/usart.o
 .bss.debug_usart_rx_dma_cnt
                0x20000ee2        0x2 ./DawnBsp/usart.o
 .bss.debug_usart_tx_buff_head
                0x20000ee4        0x2 ./DawnBsp/usart.o
 .bss.debug_usart_tx_buff_tail
                0x20000ee6        0x2 ./DawnBsp/usart.o
 .bss.isr_cnt.11230
                0x20000ee8        0x1 ./DawnBsp/timebase.o
 *fill*         0x20000ee9        0x3 
 .bss.AdcDate   0x20000eec       0x14 ./DawnBsp/gpio.o
                0x20000eec                AdcDate
 .bss.StannTimes.11233
                0x20000f00        0x1 ./DawnBLDC/dawn_bldc.o
 *(COMMON)
 *fill*         0x20000f01        0x3 
 COMMON         0x20000f04       0x3c ./DawnDevice/icm206xx.o
                0x20000f04                Icm206XXData
 COMMON         0x20000f40       0x12 ./DawnBsp/timebase.o
                0x20000f40                TimeOutArray
                0x20000f54                . = ALIGN (0x4)
 *fill*         0x20000f52        0x2 
                0x20000f54                _ebss = .
                0x20000f54                __bss_end__ = _ebss

.heap_stack     0x20000f54      0xc04 load address 0x0802a6e8
                0x20000f58                . = ALIGN (0x8)
 *fill*         0x20000f54        0x4 
                [!provide]                PROVIDE (end = _ebss)
                [!provide]                PROVIDE (_end = _ebss)
                0x20001358                . = (. + __heap_size)
 *fill*         0x20000f58      0x400 
                [!provide]                PROVIDE (_heap_end = .)
                0x20001b58                . = (. + __stack_size)
 *fill*         0x20001358      0x800 
                0x20001b58                PROVIDE (_sp = .)
                0x20001b58                . = ALIGN (0x8)
                0x0802a6e8                _sitcmram = LOADADDR (.tcmram)

.tcmram         0x10000000        0x0 load address 0x0802a6e8
                0x10000000                . = ALIGN (0x4)
                0x10000000                .stcmram = .
 *(.tcmram)
 *(.tcmram*)
                0x10000000                . = ALIGN (0x4)
                0x10000000                _etcmram = .
START GROUP
LOAD c:/users/leonardo/desktop/gd32embeddedbuilder_v1.5.6_rel/tools/gnu tools arm embedded/xpack-arm-none-eabi-gcc/9.2.1-1.1/bin/../lib/gcc/arm-none-eabi/9.2.1/thumb/v7e-m/nofp\libgcc.a
LOAD c:/users/leonardo/desktop/gd32embeddedbuilder_v1.5.6_rel/tools/gnu tools arm embedded/xpack-arm-none-eabi-gcc/9.2.1-1.1/bin/../lib/gcc/arm-none-eabi/9.2.1/../../../../arm-none-eabi/lib/thumb/v7e-m/nofp\libc.a
LOAD c:/users/leonardo/desktop/gd32embeddedbuilder_v1.5.6_rel/tools/gnu tools arm embedded/xpack-arm-none-eabi-gcc/9.2.1-1.1/bin/../lib/gcc/arm-none-eabi/9.2.1/../../../../arm-none-eabi/lib/thumb/v7e-m/nofp\libm.a
LOAD c:/users/leonardo/desktop/gd32embeddedbuilder_v1.5.6_rel/tools/gnu tools arm embedded/xpack-arm-none-eabi-gcc/9.2.1-1.1/bin/../lib/gcc/arm-none-eabi/9.2.1/../../../../arm-none-eabi/lib/thumb/v7e-m/nofp\libnosys.a
END GROUP
OUTPUT(DawnBGC.elf elf32-littlearm)

.debug_line     0x00000000    0x11373
 .debug_line    0x00000000       0x80 ./gcc_startup/startup_gd32f405_425.o
 .debug_line    0x00000080      0xd0a ./FWLIB/gd32f4xx_usart.o
 .debug_line    0x00000d8a     0x1350 ./FWLIB/gd32f4xx_timer.o
 .debug_line    0x000020da      0x701 ./FWLIB/gd32f4xx_syscfg.o
 .debug_line    0x000027db      0xb55 ./FWLIB/gd32f4xx_spi.o
 .debug_line    0x00003330      0xeb2 ./FWLIB/gd32f4xx_rcu.o
 .debug_line    0x000041e2      0x720 ./FWLIB/gd32f4xx_misc.o
 .debug_line    0x00004902      0x8b1 ./FWLIB/gd32f4xx_gpio.o
 .debug_line    0x000051b3      0x79b ./FWLIB/gd32f4xx_exti.o
 .debug_line    0x0000594e      0xc05 ./FWLIB/gd32f4xx_dma.o
 .debug_line    0x00006553      0xe3d ./FWLIB/gd32f4xx_adc.o
 .debug_line    0x00007390      0x8fe ./DawnSys/systick.o
 .debug_line    0x00007c8e      0x691 ./DawnMain/gd32f4xx_it.o
 .debug_line    0x0000831f      0x82a ./DawnMain/dawn_parameter.o
 .debug_line    0x00008b49      0x8ba ./DawnMain/dawn_main.o
 .debug_line    0x00009403      0x911 ./DawnMain/dawn_function.o
 .debug_line    0x00009d14      0xc08 ./DawnGimbal/dawn_gimbal_system.o
 .debug_line    0x0000a91c      0xfe9 ./DawnGimbal/dawn_gimbal_math.o
 .debug_line    0x0000b905      0xb74 ./DawnDevice/icm206xx.o
 .debug_line    0x0000c479      0x926 ./DawnCom/unpack.o
 .debug_line    0x0000cd9f      0xb17 ./DawnBsp/usart.o
 .debug_line    0x0000d8b6      0x900 ./DawnBsp/timebase.o
 .debug_line    0x0000e1b6      0x93b ./DawnBsp/gpio.o
 .debug_line    0x0000eaf1      0x8ed ./DawnBLDC/dawn_bldc_math.o
 .debug_line    0x0000f3de      0xdde ./DawnBLDC/dawn_bldc.o
 .debug_line    0x000101bc      0x764 ./CMSIS/system_gd32f4xx.o
 .debug_line    0x00010920      0xa53 C:/Users/leonardo/Desktop/Code/Github/DawnBGC/GD32EBuilder_project\dawn_lib\libDawnBGC.a(dawn_lib.o)

.debug_info     0x00000000    0x1e791
 .debug_info    0x00000000       0x22 ./gcc_startup/startup_gd32f405_425.o
 .debug_info    0x00000022      0xf02 ./FWLIB/gd32f4xx_usart.o
 .debug_info    0x00000f24     0x1463 ./FWLIB/gd32f4xx_timer.o
 .debug_info    0x00002387      0x42f ./FWLIB/gd32f4xx_syscfg.o
 .debug_info    0x000027b6      0xba0 ./FWLIB/gd32f4xx_spi.o
 .debug_info    0x00003356     0x12ff ./FWLIB/gd32f4xx_rcu.o
 .debug_info    0x00004655      0x578 ./FWLIB/gd32f4xx_misc.o
 .debug_info    0x00004bcd      0x6b7 ./FWLIB/gd32f4xx_gpio.o
 .debug_info    0x00005284      0x3f5 ./FWLIB/gd32f4xx_exti.o
 .debug_info    0x00005679      0xc14 ./FWLIB/gd32f4xx_dma.o
 .debug_info    0x0000628d      0xc5e ./FWLIB/gd32f4xx_adc.o
 .debug_info    0x00006eeb     0x1831 ./DawnSys/systick.o
 .debug_info    0x0000871c      0x160 ./DawnMain/gd32f4xx_it.o
 .debug_info    0x0000887c     0x1756 ./DawnMain/dawn_parameter.o
 .debug_info    0x00009fd2     0x19fa ./DawnMain/dawn_main.o
 .debug_info    0x0000b9cc     0x17ab ./DawnMain/dawn_function.o
 .debug_info    0x0000d177     0x1861 ./DawnGimbal/dawn_gimbal_system.o
 .debug_info    0x0000e9d8     0x1f75 ./DawnGimbal/dawn_gimbal_math.o
 .debug_info    0x0001094d     0x204f ./DawnDevice/icm206xx.o
 .debug_info    0x0001299c     0x19d8 ./DawnCom/unpack.o
 .debug_info    0x00014374     0x1f55 ./DawnBsp/usart.o
 .debug_info    0x000162c9     0x1ca9 ./DawnBsp/timebase.o
 .debug_info    0x00017f72     0x1be5 ./DawnBsp/gpio.o
 .debug_info    0x00019b57     0x17ec ./DawnBLDC/dawn_bldc_math.o
 .debug_info    0x0001b343     0x197d ./DawnBLDC/dawn_bldc.o
 .debug_info    0x0001ccc0      0x232 ./CMSIS/system_gd32f4xx.o
 .debug_info    0x0001cef2     0x189f C:/Users/leonardo/Desktop/Code/Github/DawnBGC/GD32EBuilder_project\dawn_lib\libDawnBGC.a(dawn_lib.o)

.debug_abbrev   0x00000000     0x38b5
 .debug_abbrev  0x00000000       0x12 ./gcc_startup/startup_gd32f405_425.o
 .debug_abbrev  0x00000012      0x1bc ./FWLIB/gd32f4xx_usart.o
 .debug_abbrev  0x000001ce      0x1bf ./FWLIB/gd32f4xx_timer.o
 .debug_abbrev  0x0000038d      0x12b ./FWLIB/gd32f4xx_syscfg.o
 .debug_abbrev  0x000004b8      0x1d2 ./FWLIB/gd32f4xx_spi.o
 .debug_abbrev  0x0000068a      0x1c7 ./FWLIB/gd32f4xx_rcu.o
 .debug_abbrev  0x00000851      0x154 ./FWLIB/gd32f4xx_misc.o
 .debug_abbrev  0x000009a5      0x1bc ./FWLIB/gd32f4xx_gpio.o
 .debug_abbrev  0x00000b61      0x138 ./FWLIB/gd32f4xx_exti.o
 .debug_abbrev  0x00000c99      0x1b3 ./FWLIB/gd32f4xx_dma.o
 .debug_abbrev  0x00000e4c      0x190 ./FWLIB/gd32f4xx_adc.o
 .debug_abbrev  0x00000fdc      0x280 ./DawnSys/systick.o
 .debug_abbrev  0x0000125c       0x83 ./DawnMain/gd32f4xx_it.o
 .debug_abbrev  0x000012df      0x235 ./DawnMain/dawn_parameter.o
 .debug_abbrev  0x00001514      0x2f6 ./DawnMain/dawn_main.o
 .debug_abbrev  0x0000180a      0x280 ./DawnMain/dawn_function.o
 .debug_abbrev  0x00001a8a      0x326 ./DawnGimbal/dawn_gimbal_system.o
 .debug_abbrev  0x00001db0      0x311 ./DawnGimbal/dawn_gimbal_math.o
 .debug_abbrev  0x000020c1      0x38d ./DawnDevice/icm206xx.o
 .debug_abbrev  0x0000244e      0x2c2 ./DawnCom/unpack.o
 .debug_abbrev  0x00002710      0x30c ./DawnBsp/usart.o
 .debug_abbrev  0x00002a1c      0x2fa ./DawnBsp/timebase.o
 .debug_abbrev  0x00002d16      0x280 ./DawnBsp/gpio.o
 .debug_abbrev  0x00002f96      0x284 ./DawnBLDC/dawn_bldc_math.o
 .debug_abbrev  0x0000321a      0x2de ./DawnBLDC/dawn_bldc.o
 .debug_abbrev  0x000034f8      0x135 ./CMSIS/system_gd32f4xx.o
 .debug_abbrev  0x0000362d      0x288 C:/Users/leonardo/Desktop/Code/Github/DawnBGC/GD32EBuilder_project\dawn_lib\libDawnBGC.a(dawn_lib.o)

.debug_aranges  0x00000000      0xf68
 .debug_aranges
                0x00000000       0x28 ./gcc_startup/startup_gd32f405_425.o
 .debug_aranges
                0x00000028      0x1c8 ./FWLIB/gd32f4xx_usart.o
 .debug_aranges
                0x000001f0      0x238 ./FWLIB/gd32f4xx_timer.o
 .debug_aranges
                0x00000428       0x58 ./FWLIB/gd32f4xx_syscfg.o
 .debug_aranges
                0x00000480      0x148 ./FWLIB/gd32f4xx_spi.o
 .debug_aranges
                0x000005c8      0x188 ./FWLIB/gd32f4xx_rcu.o
 .debug_aranges
                0x00000750       0x50 ./FWLIB/gd32f4xx_misc.o
 .debug_aranges
                0x000007a0       0x90 ./FWLIB/gd32f4xx_gpio.o
 .debug_aranges
                0x00000830       0x78 ./FWLIB/gd32f4xx_exti.o
 .debug_aranges
                0x000008a8      0x110 ./FWLIB/gd32f4xx_dma.o
 .debug_aranges
                0x000009b8      0x178 ./FWLIB/gd32f4xx_adc.o
 .debug_aranges
                0x00000b30       0x30 ./DawnSys/systick.o
 .debug_aranges
                0x00000b60       0x60 ./DawnMain/gd32f4xx_it.o
 .debug_aranges
                0x00000bc0       0x18 ./DawnMain/dawn_parameter.o
 .debug_aranges
                0x00000bd8       0x30 ./DawnMain/dawn_main.o
 .debug_aranges
                0x00000c08       0x28 ./DawnMain/dawn_function.o
 .debug_aranges
                0x00000c30       0x50 ./DawnGimbal/dawn_gimbal_system.o
 .debug_aranges
                0x00000c80       0xb8 ./DawnGimbal/dawn_gimbal_math.o
 .debug_aranges
                0x00000d38       0x50 ./DawnDevice/icm206xx.o
 .debug_aranges
                0x00000d88       0x28 ./DawnCom/unpack.o
 .debug_aranges
                0x00000db0       0x58 ./DawnBsp/usart.o
 .debug_aranges
                0x00000e08       0x40 ./DawnBsp/timebase.o
 .debug_aranges
                0x00000e48       0x20 ./DawnBsp/gpio.o
 .debug_aranges
                0x00000e68       0x30 ./DawnBLDC/dawn_bldc_math.o
 .debug_aranges
                0x00000e98       0x70 ./DawnBLDC/dawn_bldc.o
 .debug_aranges
                0x00000f08       0x38 ./CMSIS/system_gd32f4xx.o
 .debug_aranges
                0x00000f40       0x28 C:/Users/leonardo/Desktop/Code/Github/DawnBGC/GD32EBuilder_project\dawn_lib\libDawnBGC.a(dawn_lib.o)

.debug_str      0x00000000    0x33688
 .debug_str     0x00000000       0x7f ./gcc_startup/startup_gd32f405_425.o
 .debug_str     0x0000007f    0x29429 ./FWLIB/gd32f4xx_usart.o
                              0x29617 (size before relaxing)
 .debug_str     0x000294a8      0xc62 ./FWLIB/gd32f4xx_timer.o
                              0x29a93 (size before relaxing)
 .debug_str     0x0002a10a      0x19f ./FWLIB/gd32f4xx_syscfg.o
                              0x28f8c (size before relaxing)
 .debug_str     0x0002a2a9      0x52d ./FWLIB/gd32f4xx_spi.o
                              0x2934a (size before relaxing)
 .debug_str     0x0002a7d6     0x11d6 ./FWLIB/gd32f4xx_rcu.o
                              0x2a06c (size before relaxing)
 .debug_str     0x0002b9ac      0x246 ./FWLIB/gd32f4xx_misc.o
                              0x28d1b (size before relaxing)
 .debug_str     0x0002bbf2      0x1a8 ./FWLIB/gd32f4xx_gpio.o
                              0x28fb8 (size before relaxing)
 .debug_str     0x0002bd9a      0x29a ./FWLIB/gd32f4xx_exti.o
                              0x28d6c (size before relaxing)
 .debug_str     0x0002c034      0x5c9 ./FWLIB/gd32f4xx_dma.o
                              0x29121 (size before relaxing)
 .debug_str     0x0002c5fd      0x693 ./FWLIB/gd32f4xx_adc.o
                              0x294ec (size before relaxing)
 .debug_str     0x0002cc90     0x521b ./DawnSys/systick.o
                              0x2def5 (size before relaxing)
 .debug_str     0x00031eab       0xe9 ./DawnMain/gd32f4xx_it.o
                              0x28ba5 (size before relaxing)
 .debug_str     0x00031f94       0x5d ./DawnMain/dawn_parameter.o
                              0x2dea8 (size before relaxing)
 .debug_str     0x00031ff1       0x85 ./DawnMain/dawn_main.o
                              0x2e1a7 (size before relaxing)
 .debug_str     0x00032076       0x7b ./DawnMain/dawn_function.o
                              0x2ded6 (size before relaxing)
 .debug_str     0x000320f1       0xd0 ./DawnGimbal/dawn_gimbal_system.o
                              0x2df3c (size before relaxing)
 .debug_str     0x000321c1      0x1d9 ./DawnGimbal/dawn_gimbal_math.o
                              0x2e05f (size before relaxing)
 .debug_str     0x0003239a      0x9dc ./DawnDevice/icm206xx.o
                              0x2edfa (size before relaxing)
 .debug_str     0x00032d76       0x87 ./DawnCom/unpack.o
                              0x2df30 (size before relaxing)
 .debug_str     0x00032dfd      0x296 ./DawnBsp/usart.o
                              0x2eaeb (size before relaxing)
 .debug_str     0x00033093       0xb1 ./DawnBsp/timebase.o
                              0x2e738 (size before relaxing)
 .debug_str     0x00033144       0xd1 ./DawnBsp/gpio.o
                              0x2e3e6 (size before relaxing)
 .debug_str     0x00033215       0x91 ./DawnBLDC/dawn_bldc_math.o
                              0x2dedc (size before relaxing)
 .debug_str     0x000332a6       0xed ./DawnBLDC/dawn_bldc.o
                              0x2df43 (size before relaxing)
 .debug_str     0x00033393      0x19c ./CMSIS/system_gd32f4xx.o
                              0x28cb5 (size before relaxing)
 .debug_str     0x0003352f      0x159 C:/Users/leonardo/Desktop/Code/Github/DawnBGC/GD32EBuilder_project\dawn_lib\libDawnBGC.a(dawn_lib.o)
                              0x2df6c (size before relaxing)

.debug_ranges   0x00000000      0xdb8
 .debug_ranges  0x00000000       0x20 ./gcc_startup/startup_gd32f405_425.o
 .debug_ranges  0x00000020      0x1b8 ./FWLIB/gd32f4xx_usart.o
 .debug_ranges  0x000001d8      0x228 ./FWLIB/gd32f4xx_timer.o
 .debug_ranges  0x00000400       0x48 ./FWLIB/gd32f4xx_syscfg.o
 .debug_ranges  0x00000448      0x138 ./FWLIB/gd32f4xx_spi.o
 .debug_ranges  0x00000580      0x178 ./FWLIB/gd32f4xx_rcu.o
 .debug_ranges  0x000006f8       0x40 ./FWLIB/gd32f4xx_misc.o
 .debug_ranges  0x00000738       0x80 ./FWLIB/gd32f4xx_gpio.o
 .debug_ranges  0x000007b8       0x68 ./FWLIB/gd32f4xx_exti.o
 .debug_ranges  0x00000820      0x100 ./FWLIB/gd32f4xx_dma.o
 .debug_ranges  0x00000920      0x168 ./FWLIB/gd32f4xx_adc.o
 .debug_ranges  0x00000a88       0x20 ./DawnSys/systick.o
 .debug_ranges  0x00000aa8       0x50 ./DawnMain/gd32f4xx_it.o
 .debug_ranges  0x00000af8       0x20 ./DawnMain/dawn_main.o
 .debug_ranges  0x00000b18       0x18 ./DawnMain/dawn_function.o
 .debug_ranges  0x00000b30       0x40 ./DawnGimbal/dawn_gimbal_system.o
 .debug_ranges  0x00000b70       0xa8 ./DawnGimbal/dawn_gimbal_math.o
 .debug_ranges  0x00000c18       0x40 ./DawnDevice/icm206xx.o
 .debug_ranges  0x00000c58       0x18 ./DawnCom/unpack.o
 .debug_ranges  0x00000c70       0x48 ./DawnBsp/usart.o
 .debug_ranges  0x00000cb8       0x30 ./DawnBsp/timebase.o
 .debug_ranges  0x00000ce8       0x10 ./DawnBsp/gpio.o
 .debug_ranges  0x00000cf8       0x20 ./DawnBLDC/dawn_bldc_math.o
 .debug_ranges  0x00000d18       0x60 ./DawnBLDC/dawn_bldc.o
 .debug_ranges  0x00000d78       0x28 ./CMSIS/system_gd32f4xx.o
 .debug_ranges  0x00000da0       0x18 C:/Users/leonardo/Desktop/Code/Github/DawnBGC/GD32EBuilder_project\dawn_lib\libDawnBGC.a(dawn_lib.o)

.debug_macro    0x00000000     0x7302
 .debug_macro   0x00000000      0x1b2 ./FWLIB/gd32f4xx_usart.o
 .debug_macro   0x000001b2       0x64 ./FWLIB/gd32f4xx_usart.o
 .debug_macro   0x00000216      0x48d ./FWLIB/gd32f4xx_usart.o
 .debug_macro   0x000006a3      0x1b2 ./FWLIB/gd32f4xx_timer.o
 .debug_macro   0x00000855      0x9ed ./FWLIB/gd32f4xx_timer.o
 .debug_macro   0x00001242      0x1b2 ./FWLIB/gd32f4xx_syscfg.o
 .debug_macro   0x000013f4      0x1c8 ./FWLIB/gd32f4xx_syscfg.o
 .debug_macro   0x000015bc      0x1c4 ./FWLIB/gd32f4xx_spi.o
 .debug_macro   0x00001780      0x404 ./FWLIB/gd32f4xx_spi.o
 .debug_macro   0x00001b84      0x1d0 ./FWLIB/gd32f4xx_rcu.o
 .debug_macro   0x00001d54      0x6cf ./FWLIB/gd32f4xx_rcu.o
 .debug_macro   0x00002423      0x1b2 ./FWLIB/gd32f4xx_misc.o
 .debug_macro   0x000025d5       0x6a ./FWLIB/gd32f4xx_misc.o
 .debug_macro   0x0000263f      0x1b2 ./FWLIB/gd32f4xx_gpio.o
 .debug_macro   0x000027f1      0x72f ./FWLIB/gd32f4xx_gpio.o
 .debug_macro   0x00002f20      0x1b2 ./FWLIB/gd32f4xx_exti.o
 .debug_macro   0x000030d2      0x398 ./FWLIB/gd32f4xx_exti.o
 .debug_macro   0x0000346a      0x1b8 ./FWLIB/gd32f4xx_dma.o
 .debug_macro   0x00003622      0x41c ./FWLIB/gd32f4xx_dma.o
 .debug_macro   0x00003a3e      0x1d0 ./FWLIB/gd32f4xx_adc.o
 .debug_macro   0x00003c0e      0x37b ./DawnSys/systick.o
 .debug_macro   0x00003f89      0x1b2 ./DawnMain/gd32f4xx_it.o
 .debug_macro   0x0000413b      0x37b ./DawnMain/dawn_parameter.o
 .debug_macro   0x000044b6      0x37b ./DawnMain/dawn_main.o
 .debug_macro   0x00004831      0x37b ./DawnMain/dawn_function.o
 .debug_macro   0x00004bac      0x37b ./DawnGimbal/dawn_gimbal_system.o
 .debug_macro   0x00004f27      0x37b ./DawnGimbal/dawn_gimbal_math.o
 .debug_macro   0x000052a2      0x423 ./DawnDevice/icm206xx.o
 .debug_macro   0x000056c5      0x37b ./DawnCom/unpack.o
 .debug_macro   0x00005a40      0x37f ./DawnBsp/usart.o
 .debug_macro   0x00005dbf      0x37b ./DawnBsp/timebase.o
 .debug_macro   0x0000613a      0x37b ./DawnBsp/gpio.o
 .debug_macro   0x000064b5      0x37b ./DawnBLDC/dawn_bldc_math.o
 .debug_macro   0x00006830      0x37b ./DawnBLDC/dawn_bldc.o
 .debug_macro   0x00006bab      0x1d8 ./CMSIS/system_gd32f4xx.o
 .debug_macro   0x00006d83      0x37b C:/Users/leonardo/Desktop/Code/Github/DawnBGC/GD32EBuilder_project\dawn_lib\libDawnBGC.a(dawn_lib.o)
 .debug_macro   0x000070fe       0x10 C:/Users/leonardo/Desktop/Code/Github/DawnBGC/GD32EBuilder_project\dawn_lib\libDawnBGC.a(dawn_lib.o)
 .debug_macro   0x0000710e       0x28 C:/Users/leonardo/Desktop/Code/Github/DawnBGC/GD32EBuilder_project\dawn_lib\libDawnBGC.a(dawn_lib.o)
 .debug_macro   0x00007136       0x40 C:/Users/leonardo/Desktop/Code/Github/DawnBGC/GD32EBuilder_project\dawn_lib\libDawnBGC.a(dawn_lib.o)
 .debug_macro   0x00007176       0x16 C:/Users/leonardo/Desktop/Code/Github/DawnBGC/GD32EBuilder_project\dawn_lib\libDawnBGC.a(dawn_lib.o)
 .debug_macro   0x0000718c       0x22 C:/Users/leonardo/Desktop/Code/Github/DawnBGC/GD32EBuilder_project\dawn_lib\libDawnBGC.a(dawn_lib.o)
 .debug_macro   0x000071ae       0x1c C:/Users/leonardo/Desktop/Code/Github/DawnBGC/GD32EBuilder_project\dawn_lib\libDawnBGC.a(dawn_lib.o)
 .debug_macro   0x000071ca       0x5e C:/Users/leonardo/Desktop/Code/Github/DawnBGC/GD32EBuilder_project\dawn_lib\libDawnBGC.a(dawn_lib.o)
 .debug_macro   0x00007228       0x28 C:/Users/leonardo/Desktop/Code/Github/DawnBGC/GD32EBuilder_project\dawn_lib\libDawnBGC.a(dawn_lib.o)
 .debug_macro   0x00007250       0xb2 C:/Users/leonardo/Desktop/Code/Github/DawnBGC/GD32EBuilder_project\dawn_lib\libDawnBGC.a(dawn_lib.o)

.comment        0x00000000       0x66
 .comment       0x00000000       0x66 ./FWLIB/gd32f4xx_usart.o
                                 0x67 (size before relaxing)
 .comment       0x00000066       0x67 ./FWLIB/gd32f4xx_timer.o
 .comment       0x00000066       0x67 ./FWLIB/gd32f4xx_syscfg.o
 .comment       0x00000066       0x67 ./FWLIB/gd32f4xx_spi.o
 .comment       0x00000066       0x67 ./FWLIB/gd32f4xx_rcu.o
 .comment       0x00000066       0x67 ./FWLIB/gd32f4xx_misc.o
 .comment       0x00000066       0x67 ./FWLIB/gd32f4xx_gpio.o
 .comment       0x00000066       0x67 ./FWLIB/gd32f4xx_exti.o
 .comment       0x00000066       0x67 ./FWLIB/gd32f4xx_dma.o
 .comment       0x00000066       0x67 ./FWLIB/gd32f4xx_adc.o
 .comment       0x00000066       0x67 ./DawnSys/systick.o
 .comment       0x00000066       0x67 ./DawnMain/gd32f4xx_it.o
 .comment       0x00000066       0x67 ./DawnMain/dawn_parameter.o
 .comment       0x00000066       0x67 ./DawnMain/dawn_main.o
 .comment       0x00000066       0x67 ./DawnMain/dawn_function.o
 .comment       0x00000066       0x67 ./DawnGimbal/dawn_gimbal_system.o
 .comment       0x00000066       0x67 ./DawnGimbal/dawn_gimbal_math.o
 .comment       0x00000066       0x67 ./DawnDevice/icm206xx.o
 .comment       0x00000066       0x67 ./DawnCom/unpack.o
 .comment       0x00000066       0x67 ./DawnBsp/usart.o
 .comment       0x00000066       0x67 ./DawnBsp/timebase.o
 .comment       0x00000066       0x67 ./DawnBsp/gpio.o
 .comment       0x00000066       0x67 ./DawnBLDC/dawn_bldc_math.o
 .comment       0x00000066       0x67 ./DawnBLDC/dawn_bldc.o
 .comment       0x00000066       0x67 ./CMSIS/system_gd32f4xx.o
 .comment       0x00000066       0x67 C:/Users/leonardo/Desktop/Code/Github/DawnBGC/GD32EBuilder_project\dawn_lib\libDawnBGC.a(dawn_lib.o)

.debug_frame    0x00000000     0x4850
 .debug_frame   0x00000000      0x880 ./FWLIB/gd32f4xx_usart.o
 .debug_frame   0x00000880      0xab4 ./FWLIB/gd32f4xx_timer.o
 .debug_frame   0x00001334      0x140 ./FWLIB/gd32f4xx_syscfg.o
 .debug_frame   0x00001474      0x600 ./FWLIB/gd32f4xx_spi.o
 .debug_frame   0x00001a74      0x718 ./FWLIB/gd32f4xx_rcu.o
 .debug_frame   0x0000218c      0x128 ./FWLIB/gd32f4xx_misc.o
 .debug_frame   0x000022b4      0x268 ./FWLIB/gd32f4xx_gpio.o
 .debug_frame   0x0000251c      0x1ec ./FWLIB/gd32f4xx_exti.o
 .debug_frame   0x00002708      0x4fc ./FWLIB/gd32f4xx_dma.o
 .debug_frame   0x00002c04      0x6d8 ./FWLIB/gd32f4xx_adc.o
 .debug_frame   0x000032dc       0x88 ./DawnSys/systick.o
 .debug_frame   0x00003364      0x134 ./DawnMain/gd32f4xx_it.o
 .debug_frame   0x00003498       0x74 ./DawnMain/dawn_main.o
 .debug_frame   0x0000350c       0x50 ./DawnMain/dawn_function.o
 .debug_frame   0x0000355c      0x110 ./DawnGimbal/dawn_gimbal_system.o
 .debug_frame   0x0000366c      0x350 ./DawnGimbal/dawn_gimbal_math.o
 .debug_frame   0x000039bc      0x118 ./DawnDevice/icm206xx.o
 .debug_frame   0x00003ad4       0x54 ./DawnCom/unpack.o
 .debug_frame   0x00003b28      0x12c ./DawnBsp/usart.o
 .debug_frame   0x00003c54       0xd8 ./DawnBsp/timebase.o
 .debug_frame   0x00003d2c       0x40 ./DawnBsp/gpio.o
 .debug_frame   0x00003d6c       0x90 ./DawnBLDC/dawn_bldc_math.o
 .debug_frame   0x00003dfc      0x1d8 ./DawnBLDC/dawn_bldc.o
 .debug_frame   0x00003fd4       0xac ./CMSIS/system_gd32f4xx.o
 .debug_frame   0x00004080       0x68 C:/Users/leonardo/Desktop/Code/Github/DawnBGC/GD32EBuilder_project\dawn_lib\libDawnBGC.a(dawn_lib.o)