   1              		.cpu cortex-m4
   2              		.eabi_attribute 20, 1
   3              		.eabi_attribute 21, 1
   4              		.eabi_attribute 23, 3
   5              		.eabi_attribute 24, 1
   6              		.eabi_attribute 25, 1
   7              		.eabi_attribute 26, 1
   8              		.eabi_attribute 30, 6
   9              		.eabi_attribute 34, 1
  10              		.eabi_attribute 18, 4
  11              		.file	"dawn_function.c"
  12              		.text
  13              	.Ltext0:
  14              		.cfi_sections	.debug_frame
  15              		.global	customer_operation
  16              		.section	.data.customer_operation,"aw"
  17              		.align	2
  20              	customer_operation:
  21 0000 00000000 		.space	4
  22 0004 0000803F 		.word	1065353216
  23 0008 0000803F 		.word	1065353216
  24 000c 00000000 		.word	0
  25 0010 00       		.byte	0
  26 0011 000000   		.space	3
  27 0014 00000000 		.word	0
  28 0018 00000000 		.word	0
  29 001c 00000000 		.word	0
  30 0020 00000000 		.space	4
  31              		.section	.text.gimbal_business,"ax",%progbits
  32              		.align	1
  33              		.global	gimbal_business
  34              		.arch armv7e-m
  35              		.syntax unified
  36              		.thumb
  37              		.thumb_func
  38              		.fpu softvfp
  40              	gimbal_business:
  41              	.LFB156:
  42              		.file 1 "C:/Users/leonardo/Desktop/Code/Github/DawnBGC/Dawn/DawnMain/dawn_function.c"
   1:C:/Users/leonardo/Desktop/Code/Github/DawnBGC/Dawn/DawnMain\dawn_function.c **** /*
   2:C:/Users/leonardo/Desktop/Code/Github/DawnBGC/Dawn/DawnMain\dawn_function.c ****  * DawnBGC - Open Source Brushless Gimbal Controller
   3:C:/Users/leonardo/Desktop/Code/Github/DawnBGC/Dawn/DawnMain\dawn_function.c ****  *
   4:C:/Users/leonardo/Desktop/Code/Github/DawnBGC/Dawn/DawnMain\dawn_function.c ****  * Copyright (c) 2025 MarsDawn
   5:C:/Users/leonardo/Desktop/Code/Github/DawnBGC/Dawn/DawnMain\dawn_function.c ****  *
   6:C:/Users/leonardo/Desktop/Code/Github/DawnBGC/Dawn/DawnMain\dawn_function.c ****  * Project repository:
   7:C:/Users/leonardo/Desktop/Code/Github/DawnBGC/Dawn/DawnMain\dawn_function.c ****  *     https://github.com/MarsDawn
   8:C:/Users/leonardo/Desktop/Code/Github/DawnBGC/Dawn/DawnMain\dawn_function.c ****  *
   9:C:/Users/leonardo/Desktop/Code/Github/DawnBGC/Dawn/DawnMain\dawn_function.c ****  * This file is part of the DawnBGC project.
  10:C:/Users/leonardo/Desktop/Code/Github/DawnBGC/Dawn/DawnMain\dawn_function.c ****  *
  11:C:/Users/leonardo/Desktop/Code/Github/DawnBGC/Dawn/DawnMain\dawn_function.c ****  * Redistribution and use in source or binary forms, with or without
  12:C:/Users/leonardo/Desktop/Code/Github/DawnBGC/Dawn/DawnMain\dawn_function.c ****  * modification, are permitted under the MIT License, provided that
  13:C:/Users/leonardo/Desktop/Code/Github/DawnBGC/Dawn/DawnMain\dawn_function.c ****  * this copyright notice and this permission notice are retained.
  14:C:/Users/leonardo/Desktop/Code/Github/DawnBGC/Dawn/DawnMain\dawn_function.c ****  *
  15:C:/Users/leonardo/Desktop/Code/Github/DawnBGC/Dawn/DawnMain\dawn_function.c ****  * Licensed under the MIT License.
  16:C:/Users/leonardo/Desktop/Code/Github/DawnBGC/Dawn/DawnMain\dawn_function.c ****  * You may obtain a copy of the License at:
  17:C:/Users/leonardo/Desktop/Code/Github/DawnBGC/Dawn/DawnMain\dawn_function.c ****  *
  18:C:/Users/leonardo/Desktop/Code/Github/DawnBGC/Dawn/DawnMain\dawn_function.c ****  *     https://opensource.org/licenses/MIT
  19:C:/Users/leonardo/Desktop/Code/Github/DawnBGC/Dawn/DawnMain\dawn_function.c ****  *
  20:C:/Users/leonardo/Desktop/Code/Github/DawnBGC/Dawn/DawnMain\dawn_function.c ****  * THE SOFTWARE IS PROVIDED "AS IS", WITHOUT WARRANTY OF ANY KIND.
  21:C:/Users/leonardo/Desktop/Code/Github/DawnBGC/Dawn/DawnMain\dawn_function.c ****  */
  22:C:/Users/leonardo/Desktop/Code/Github/DawnBGC/Dawn/DawnMain\dawn_function.c **** 
  23:C:/Users/leonardo/Desktop/Code/Github/DawnBGC/Dawn/DawnMain\dawn_function.c **** 
  24:C:/Users/leonardo/Desktop/Code/Github/DawnBGC/Dawn/DawnMain\dawn_function.c **** #include "includes.h"
  25:C:/Users/leonardo/Desktop/Code/Github/DawnBGC/Dawn/DawnMain\dawn_function.c **** 
  26:C:/Users/leonardo/Desktop/Code/Github/DawnBGC/Dawn/DawnMain\dawn_function.c **** customer_operation_struct customer_operation =
  27:C:/Users/leonardo/Desktop/Code/Github/DawnBGC/Dawn/DawnMain\dawn_function.c ****     {
  28:C:/Users/leonardo/Desktop/Code/Github/DawnBGC/Dawn/DawnMain\dawn_function.c ****         .CtrlMode.Pitch = ATTITUDE_MODE,
  29:C:/Users/leonardo/Desktop/Code/Github/DawnBGC/Dawn/DawnMain\dawn_function.c ****         .CtrlMode.Roll = ATTITUDE_MODE,
  30:C:/Users/leonardo/Desktop/Code/Github/DawnBGC/Dawn/DawnMain\dawn_function.c ****         .CtrlMode.Yaw = ANGLE_MODE,
  31:C:/Users/leonardo/Desktop/Code/Github/DawnBGC/Dawn/DawnMain\dawn_function.c ****         .GeoEulerTraget =
  32:C:/Users/leonardo/Desktop/Code/Github/DawnBGC/Dawn/DawnMain\dawn_function.c ****             {
  33:C:/Users/leonardo/Desktop/Code/Github/DawnBGC/Dawn/DawnMain\dawn_function.c ****                 .Order = EULER_ORDER_ZXY,
  34:C:/Users/leonardo/Desktop/Code/Github/DawnBGC/Dawn/DawnMain\dawn_function.c ****                 .Pitch = 0.0f,
  35:C:/Users/leonardo/Desktop/Code/Github/DawnBGC/Dawn/DawnMain\dawn_function.c ****                 .Roll = 0.0f,
  36:C:/Users/leonardo/Desktop/Code/Github/DawnBGC/Dawn/DawnMain\dawn_function.c ****                 .Yaw = 0.0f,
  37:C:/Users/leonardo/Desktop/Code/Github/DawnBGC/Dawn/DawnMain\dawn_function.c ****             },
  38:C:/Users/leonardo/Desktop/Code/Github/DawnBGC/Dawn/DawnMain\dawn_function.c **** };
  39:C:/Users/leonardo/Desktop/Code/Github/DawnBGC/Dawn/DawnMain\dawn_function.c **** 
  40:C:/Users/leonardo/Desktop/Code/Github/DawnBGC/Dawn/DawnMain\dawn_function.c **** void gimbal_business(void)
  41:C:/Users/leonardo/Desktop/Code/Github/DawnBGC/Dawn/DawnMain\dawn_function.c **** {
  43              		.loc 1 41 1
  44              		.cfi_startproc
  45              		@ args = 0, pretend = 0, frame = 0
  46              		@ frame_needed = 1, uses_anonymous_args = 0
  47 0000 80B5     		push	{r7, lr}
  48              		.cfi_def_cfa_offset 8
  49              		.cfi_offset 7, -8
  50              		.cfi_offset 14, -4
  51 0002 00AF     		add	r7, sp, #0
  52              		.cfi_def_cfa_register 7
  42:C:/Users/leonardo/Desktop/Code/Github/DawnBGC/Dawn/DawnMain\dawn_function.c **** 
  43:C:/Users/leonardo/Desktop/Code/Github/DawnBGC/Dawn/DawnMain\dawn_function.c ****     if (GimbalSystem.GimbalState == SYSTEM_STATUS)
  53              		.loc 1 43 21
  54 0004 034B     		ldr	r3, .L4
  55 0006 1B78     		ldrb	r3, [r3]	@ zero_extendqisi2
  56              		.loc 1 43 8
  57 0008 032B     		cmp	r3, #3
  58 000a 01D1     		bne	.L3
  44:C:/Users/leonardo/Desktop/Code/Github/DawnBGC/Dawn/DawnMain\dawn_function.c ****     {
  45:C:/Users/leonardo/Desktop/Code/Github/DawnBGC/Dawn/DawnMain\dawn_function.c ****         motor_stall_process();
  59              		.loc 1 45 9
  60 000c FFF7FEFF 		bl	motor_stall_process
  61              	.L3:
  46:C:/Users/leonardo/Desktop/Code/Github/DawnBGC/Dawn/DawnMain\dawn_function.c ****     }
  47:C:/Users/leonardo/Desktop/Code/Github/DawnBGC/Dawn/DawnMain\dawn_function.c **** }
  62              		.loc 1 47 1
  63 0010 00BF     		nop
  64 0012 80BD     		pop	{r7, pc}
  65              	.L5:
  66              		.align	2
  67              	.L4:
  68 0014 00000000 		.word	GimbalSystem
  69              		.cfi_endproc
  70              	.LFE156:
  72              		.global	__aeabi_fadd
  73              		.global	__aeabi_fcmplt
  74              		.global	__aeabi_fsub
  75              		.global	__aeabi_fcmpgt
  76              		.global	__aeabi_ui2f
  77              		.section	.text.motor_stall_process,"ax",%progbits
  78              		.align	1
  79              		.global	motor_stall_process
  80              		.syntax unified
  81              		.thumb
  82              		.thumb_func
  83              		.fpu softvfp
  85              	motor_stall_process:
  86              	.LFB157:
  48:C:/Users/leonardo/Desktop/Code/Github/DawnBGC/Dawn/DawnMain\dawn_function.c **** void motor_stall_process(void)
  49:C:/Users/leonardo/Desktop/Code/Github/DawnBGC/Dawn/DawnMain\dawn_function.c **** {
  87              		.loc 1 49 1
  88              		.cfi_startproc
  89              		@ args = 0, pretend = 0, frame = 0
  90              		@ frame_needed = 1, uses_anonymous_args = 0
  91 0000 98B5     		push	{r3, r4, r7, lr}
  92              		.cfi_def_cfa_offset 16
  93              		.cfi_offset 3, -16
  94              		.cfi_offset 4, -12
  95              		.cfi_offset 7, -8
  96              		.cfi_offset 14, -4
  97 0002 00AF     		add	r7, sp, #0
  98              		.cfi_def_cfa_register 7
  50:C:/Users/leonardo/Desktop/Code/Github/DawnBGC/Dawn/DawnMain\dawn_function.c ****     static uint32_t StallTime = 0;
  51:C:/Users/leonardo/Desktop/Code/Github/DawnBGC/Dawn/DawnMain\dawn_function.c ****     static uint8_t StallTimes = 0;
  52:C:/Users/leonardo/Desktop/Code/Github/DawnBGC/Dawn/DawnMain\dawn_function.c **** 
  53:C:/Users/leonardo/Desktop/Code/Github/DawnBGC/Dawn/DawnMain\dawn_function.c ****     
  54:C:/Users/leonardo/Desktop/Code/Github/DawnBGC/Dawn/DawnMain\dawn_function.c ****     if (
  55:C:/Users/leonardo/Desktop/Code/Github/DawnBGC/Dawn/DawnMain\dawn_function.c ****         (GimbalSystem.ArmTorqueRef.Data.Latge) < (GimbalSystem.ArmRadsPID.Data.Latge.OutLimitMin + 
  99              		.loc 1 55 40
 100 0004 224B     		ldr	r3, .L15
 101 0006 D3F8E841 		ldr	r4, [r3, #488]	@ float
 102              		.loc 1 55 85
 103 000a 214B     		ldr	r3, .L15
 104 000c D3F85833 		ldr	r3, [r3, #856]	@ float
 105              		.loc 1 55 98
 106 0010 2049     		ldr	r1, .L15+4
 107 0012 1846     		mov	r0, r3
 108 0014 FFF7FEFF 		bl	__aeabi_fadd
 109              	.LVL0:
 110 0018 0346     		mov	r3, r0
  54:C:/Users/leonardo/Desktop/Code/Github/DawnBGC/Dawn/DawnMain\dawn_function.c ****         (GimbalSystem.ArmTorqueRef.Data.Latge) < (GimbalSystem.ArmRadsPID.Data.Latge.OutLimitMin + 
 111              		.loc 1 54 8
 112 001a 1946     		mov	r1, r3
 113 001c 2046     		mov	r0, r4
 114 001e FFF7FEFF 		bl	__aeabi_fcmplt
 115              	.LVL1:
 116 0022 0346     		mov	r3, r0
 117 0024 002B     		cmp	r3, #0
 118 0026 11D1     		bne	.L7
  56:C:/Users/leonardo/Desktop/Code/Github/DawnBGC/Dawn/DawnMain\dawn_function.c ****         || (GimbalSystem.ArmTorqueRef.Data.Latge) > (GimbalSystem.ArmRadsPID.Data.Latge.OutLimitMax
 119              		.loc 1 56 43
 120 0028 194B     		ldr	r3, .L15
 121 002a D3F8E841 		ldr	r4, [r3, #488]	@ float
 122              		.loc 1 56 88
 123 002e 184B     		ldr	r3, .L15
 124 0030 D3F85C33 		ldr	r3, [r3, #860]	@ float
 125              		.loc 1 56 101
 126 0034 1749     		ldr	r1, .L15+4
 127 0036 1846     		mov	r0, r3
 128 0038 FFF7FEFF 		bl	__aeabi_fsub
 129              	.LVL2:
 130 003c 0346     		mov	r3, r0
 131              		.loc 1 56 9
 132 003e 1946     		mov	r1, r3
 133 0040 2046     		mov	r0, r4
 134 0042 FFF7FEFF 		bl	__aeabi_fcmpgt
 135              	.LVL3:
 136 0046 0346     		mov	r3, r0
 137 0048 002B     		cmp	r3, #0
 138 004a 1BD0     		beq	.L14
 139              	.L7:
  57:C:/Users/leonardo/Desktop/Code/Github/DawnBGC/Dawn/DawnMain\dawn_function.c ****     {
  58:C:/Users/leonardo/Desktop/Code/Github/DawnBGC/Dawn/DawnMain\dawn_function.c ****         StallTime++;
 140              		.loc 1 58 18
 141 004c 124B     		ldr	r3, .L15+8
 142 004e 1B68     		ldr	r3, [r3]
 143 0050 0133     		adds	r3, r3, #1
 144 0052 114A     		ldr	r2, .L15+8
 145 0054 1360     		str	r3, [r2]
  59:C:/Users/leonardo/Desktop/Code/Github/DawnBGC/Dawn/DawnMain\dawn_function.c ****         if (StallTime > (0.2f * CLOSELOOP_EXECUTE_FREQ))
 146              		.loc 1 59 23
 147 0056 104B     		ldr	r3, .L15+8
 148 0058 1B68     		ldr	r3, [r3]
 149 005a 1846     		mov	r0, r3
 150 005c FFF7FEFF 		bl	__aeabi_ui2f
 151              	.LVL4:
 152 0060 0346     		mov	r3, r0
 153              		.loc 1 59 12
 154 0062 0E49     		ldr	r1, .L15+12
 155 0064 1846     		mov	r0, r3
 156 0066 FFF7FEFF 		bl	__aeabi_fcmpgt
 157              	.LVL5:
 158 006a 0346     		mov	r3, r0
 159 006c 002B     		cmp	r3, #0
 160 006e 0DD0     		beq	.L12
  60:C:/Users/leonardo/Desktop/Code/Github/DawnBGC/Dawn/DawnMain\dawn_function.c ****         {
  61:C:/Users/leonardo/Desktop/Code/Github/DawnBGC/Dawn/DawnMain\dawn_function.c ****             
  62:C:/Users/leonardo/Desktop/Code/Github/DawnBGC/Dawn/DawnMain\dawn_function.c ****             StallTime = 0;
 161              		.loc 1 62 23
 162 0070 094B     		ldr	r3, .L15+8
 163 0072 0022     		movs	r2, #0
 164 0074 1A60     		str	r2, [r3]
  63:C:/Users/leonardo/Desktop/Code/Github/DawnBGC/Dawn/DawnMain\dawn_function.c **** 
  64:C:/Users/leonardo/Desktop/Code/Github/DawnBGC/Dawn/DawnMain\dawn_function.c ****             GimbalSystem.GeoEulerTraget.Pitch = GimbalSystem.GeoEulerQuat.Pitch;
 165              		.loc 1 64 74
 166 0076 064B     		ldr	r3, .L15
 167 0078 D3F88430 		ldr	r3, [r3, #132]	@ float
 168              		.loc 1 64 47
 169 007c 044A     		ldr	r2, .L15
 170 007e C2F89430 		str	r3, [r2, #148]	@ float
  59:C:/Users/leonardo/Desktop/Code/Github/DawnBGC/Dawn/DawnMain\dawn_function.c ****         {
 171              		.loc 1 59 12
 172 0082 03E0     		b	.L12
 173              	.L14:
  65:C:/Users/leonardo/Desktop/Code/Github/DawnBGC/Dawn/DawnMain\dawn_function.c ****             // BDC_ShutOffPWM(&BLDCRoll);
  66:C:/Users/leonardo/Desktop/Code/Github/DawnBGC/Dawn/DawnMain\dawn_function.c ****             // BDC_ShutOffPWM(&BLDCPitch);
  67:C:/Users/leonardo/Desktop/Code/Github/DawnBGC/Dawn/DawnMain\dawn_function.c **** 
  68:C:/Users/leonardo/Desktop/Code/Github/DawnBGC/Dawn/DawnMain\dawn_function.c ****             // ShutOffPWM(&BLDCYaw);
  69:C:/Users/leonardo/Desktop/Code/Github/DawnBGC/Dawn/DawnMain\dawn_function.c ****             // ShutOffPWM(&BLDCRoll);
  70:C:/Users/leonardo/Desktop/Code/Github/DawnBGC/Dawn/DawnMain\dawn_function.c ****             // ShutOffPWM(&BLDCPitch);
  71:C:/Users/leonardo/Desktop/Code/Github/DawnBGC/Dawn/DawnMain\dawn_function.c ****         }
  72:C:/Users/leonardo/Desktop/Code/Github/DawnBGC/Dawn/DawnMain\dawn_function.c ****     }
  73:C:/Users/leonardo/Desktop/Code/Github/DawnBGC/Dawn/DawnMain\dawn_function.c ****     else
  74:C:/Users/leonardo/Desktop/Code/Github/DawnBGC/Dawn/DawnMain\dawn_function.c ****         StallTime = 0;
 174              		.loc 1 74 19
 175 0084 044B     		ldr	r3, .L15+8
 176 0086 0022     		movs	r2, #0
 177 0088 1A60     		str	r2, [r3]
  75:C:/Users/leonardo/Desktop/Code/Github/DawnBGC/Dawn/DawnMain\dawn_function.c **** }
 178              		.loc 1 75 1
 179 008a 00BF     		nop
 180              	.L12:
 181 008c 00BF     		nop
 182 008e 98BD     		pop	{r3, r4, r7, pc}
 183              	.L16:
 184              		.align	2
 185              	.L15:
 186 0090 00000000 		.word	GimbalSystem
 187 0094 0000C842 		.word	1120403456
 188 0098 00000000 		.word	StallTime.11229
 189 009c 00004844 		.word	1145569280
 190              		.cfi_endproc
 191              	.LFE157:
 193              		.section	.bss.StallTime.11229,"aw",%nobits
 194              		.align	2
 197              	StallTime.11229:
 198 0000 00000000 		.space	4
 199              		.section	.bss.StallTimes.11230,"aw",%nobits
 202              	StallTimes.11230:
 203 0000 00       		.space	1
 204              		.text
 205              	.Letext0:
 206              		.file 2 "c:\\users\\leonardo\\desktop\\gd32embeddedbuilder_v1.5.6_rel\\tools\\gnu tools arm embedd
 207              		.file 3 "c:\\users\\leonardo\\desktop\\gd32embeddedbuilder_v1.5.6_rel\\tools\\gnu tools arm embedd
 208              		.file 4 "c:\\users\\leonardo\\desktop\\gd32embeddedbuilder_v1.5.6_rel\\tools\\gnu tools arm embedd
 209              		.file 5 "c:\\users\\leonardo\\desktop\\gd32embeddedbuilder_v1.5.6_rel\\tools\\gnu tools arm embedd
 210              		.file 6 "c:\\users\\leonardo\\desktop\\gd32embeddedbuilder_v1.5.6_rel\\tools\\gnu tools arm embedd
 211              		.file 7 "c:\\users\\leonardo\\desktop\\gd32embeddedbuilder_v1.5.6_rel\\tools\\gnu tools arm embedd
 212              		.file 8 "c:\\users\\leonardo\\desktop\\gd32embeddedbuilder_v1.5.6_rel\\tools\\gnu tools arm embedd
 213              		.file 9 "c:\\users\\leonardo\\desktop\\gd32embeddedbuilder_v1.5.6_rel\\tools\\gnu tools arm embedd
 214              		.file 10 "../../CMSIS/DSP/Include/core_cm4.h"
 215              		.file 11 "../../CMSIS/system_gd32f4xx.h"
 216              		.file 12 "../../CMSIS/gd32f4xx.h"
 217              		.file 13 "../../Dawn/DawnBLDC/dawn_bldc_math.h"
 218              		.file 14 "../../Dawn/DawnLib/dawn_lib.h"
 219              		.file 15 "../../Dawn/DawnBsp/timebase.h"
 220              		.file 16 "../../Dawn/DawnCom/unpack.h"
 221              		.file 17 "../../Dawn/DawnDevice/icm206xx.h"
 222              		.file 18 "../../Dawn/DawnGimbal/dawn_gimbal_math.h"
 223              		.file 19 "../../Dawn/DawnGimbal/dawn_gimbal_system.h"
 224              		.file 20 "C:/Users/leonardo/Desktop/Code/Github/DawnBGC/Dawn/DawnMain/dawn_function.h"
 225              		.file 21 "../../Dawn/DawnBsp/gpio.h"
DEFINED SYMBOLS
                            *ABS*:00000000 dawn_function.c
C:\Users\leonardo\AppData\Local\Temp\ccg4uPRb.s:20     .data.customer_operation:00000000 customer_operation
C:\Users\leonardo\AppData\Local\Temp\ccg4uPRb.s:17     .data.customer_operation:00000000 $d
C:\Users\leonardo\AppData\Local\Temp\ccg4uPRb.s:32     .text.gimbal_business:00000000 $t
C:\Users\leonardo\AppData\Local\Temp\ccg4uPRb.s:40     .text.gimbal_business:00000000 gimbal_business
C:\Users\leonardo\AppData\Local\Temp\ccg4uPRb.s:85     .text.motor_stall_process:00000000 motor_stall_process
C:\Users\leonardo\AppData\Local\Temp\ccg4uPRb.s:68     .text.gimbal_business:00000014 $d
C:\Users\leonardo\AppData\Local\Temp\ccg4uPRb.s:78     .text.motor_stall_process:00000000 $t
C:\Users\leonardo\AppData\Local\Temp\ccg4uPRb.s:186    .text.motor_stall_process:00000090 $d
C:\Users\leonardo\AppData\Local\Temp\ccg4uPRb.s:197    .bss.StallTime.11229:00000000 StallTime.11229
C:\Users\leonardo\AppData\Local\Temp\ccg4uPRb.s:194    .bss.StallTime.11229:00000000 $d
C:\Users\leonardo\AppData\Local\Temp\ccg4uPRb.s:202    .bss.StallTimes.11230:00000000 StallTimes.11230
C:\Users\leonardo\AppData\Local\Temp\ccg4uPRb.s:203    .bss.StallTimes.11230:00000000 $d
                           .group:00000000 wm4.0.a684136774235169b6efdc382df56ab0
                           .group:00000000 wm4._newlib_version.h.4.9ba035841e762c3308916a0ce96032e7
                           .group:00000000 wm4.features.h.33.5bd1eea2d80518b50f7af0b5ce6750e0
                           .group:00000000 wm4._default_types.h.15.247e5cd201eca3442cbf5404108c4935
                           .group:00000000 wm4._intsup.h.10.cce27fed8484c08a33f522034c30d2b5
                           .group:00000000 wm4._stdint.h.10.c24fa3af3bc1706662bb5593a907e841
                           .group:00000000 wm4.stdint.h.23.d53047a68f4a85177f80b422d52785ed
                           .group:00000000 wm4.stddef.h.39.27677723d43e5b5a7afdf8d798429f1d
                           .group:00000000 wm4.newlib.h.8.2aecb9f3b2dc9d2e83d06d10f0c6ed3e
                           .group:00000000 wm4.ieeefp.h.77.d5685ba212d3ed6e914898d045f873e3
                           .group:00000000 wm4.config.h.220.6cac6a9685cfce5e83c17784171638d9
                           .group:00000000 wm4._ansi.h.31.de524f58584151836e90d8620a16f8e8
                           .group:00000000 wm4.lock.h.2.1461d1fff82dffe8bfddc23307f6484f
                           .group:00000000 wm4._types.h.125.5cf8a495f1f7ef36777ad868a1e32068
                           .group:00000000 wm4.stddef.h.155.3588ebfdd1e8c7ede80509bb9c3b8009
                           .group:00000000 wm4._types.h.184.03611d4f6b5bec9997bcf4279eceba07
                           .group:00000000 wm4.reent.h.17.90c2574d4acdcfce933db5cb09ff35fe
                           .group:00000000 wm4.cdefs.h.49.2bf373aedffd8b393ccd11dc057e8547
                           .group:00000000 wm4.string.h.15.dab3980bf35408a4c507182805e2de3a
                           .group:00000000 wm4.stddef.h.155.ba788add86a0e365f264484f110c3c29
                           .group:00000000 wm4.stdlib.h.13.4ed386f5c1a80d71e72172885d946ef2
                           .group:00000000 wm4.alloca.h.8.dfc0c703c47ec3e69746825b17d9e66d
                           .group:00000000 wm4.stdlib.h.56.d4493cd3736e51e9d56335045f26df45
                           .group:00000000 wm4.math.h.13.adb102f7bd7860b1f241e149d6914a1e
                           .group:00000000 wm4.gd32f4xx.h.13.7e2e481b0ab689b59679fcf9de8ad53f
                           .group:00000000 wm4.core_cm4.h.43.9593ac0dcec24a3a6f1d638d754e90b2
                           .group:00000000 wm4.core_cmInstr.h.39.addda81f1f3453ba31dd54fc5b6fcee8
                           .group:00000000 wm4.core_cmSimd.h.43.c355993beb49ccd10586af5b1cfe5aee
                           .group:00000000 wm4.core_cm4.h.201.38b66ea2c12d55e26a2374d5521b1bde
                           .group:00000000 wm4.gd32f4xx.h.268.6244d4312c046a64f69632f7ef07b287
                           .group:00000000 wm4.gd32f4xx_rcu.h.18.5c1e5e7e0de404504004d8bb7db8129d
                           .group:00000000 wm4.gd32f4xx_adc.h.13.555e7341a9ddcdbc980571a940325972
                           .group:00000000 wm4.gd32f4xx_can.h.13.2811f1e7e0dd1a163a8850b48ae09a18
                           .group:00000000 wm4.gd32f4xx_crc.h.13.e3fa8cb47f74e88ac6e7a18c10f0cae7
                           .group:00000000 wm4.gd32f4xx_ctc.h.13.979d5c7db9c07247dafcdc888120aeeb
                           .group:00000000 wm4.gd32f4xx_dac.h.13.6aae99156ce94e45e273c87252f3e1b5
                           .group:00000000 wm4.gd32f4xx_dbg.h.13.c5f36ebf9ff6bf00cb705dace0230749
                           .group:00000000 wm4.gd32f4xx_dci.h.13.43c4239de7bb8115ecac688727adc34d
                           .group:00000000 wm4.gd32f4xx_dma.h.13.dd34986dcd88f37eef0ac885fade6a96
                           .group:00000000 wm4.gd32f4xx_exti.h.13.f61fefc984e3d5d6bfd619e837d781f0
                           .group:00000000 wm4.gd32f4xx_fmc.h.12.6ad1d5b3792ad9539d3cdeacd021dc9f
                           .group:00000000 wm4.gd32f4xx_fwdgt.h.13.cc9a34a06b043d4b817ab3d1a6056177
                           .group:00000000 wm4.gd32f4xx_gpio.h.13.ac5c85bea0e960885418a329bb1f1322
                           .group:00000000 wm4.gd32f4xx_syscfg.h.13.b2bd3727e52dfdd22af4632a1311bbb7
                           .group:00000000 wm4.gd32f4xx_i2c.h.13.eb0f8b31bd16ee5fe82cc39a9dd42f2d
                           .group:00000000 wm4.gd32f4xx_iref.h.13.7fc1143691d228493f7100d3cc247638
                           .group:00000000 wm4.gd32f4xx_pmu.h.13.724bacbcb5c124f50a6b00f61a9eb756
                           .group:00000000 wm4.gd32f4xx_rtc.h.13.fc493d83f9d78f0b7c4919b6d2f31956
                           .group:00000000 wm4.gd32f4xx_sdio.h.13.81c3455a223eea59b64370eea49a57de
                           .group:00000000 wm4.gd32f4xx_spi.h.13.03d2444bcb21a0c2481c42cb6d9fce79
                           .group:00000000 wm4.gd32f4xx_timer.h.13.6cb5bef9444452fac8393c6f9325aaca
                           .group:00000000 wm4.gd32f4xx_trng.h.13.8e3605226dc73eb8a884d03608e7b6df
                           .group:00000000 wm4.gd32f4xx_usart.h.13.2986dbbf12f17711a1874d27609e0b55
                           .group:00000000 wm4.gd32f4xx_wwdgt.h.13.1abc40e3831eb7a2ed947144f7cb9188
                           .group:00000000 wm4.gd32f4xx_misc.h.13.b10945aa7ed210c08c1585a4b5874d8c
                           .group:00000000 wm4.arm_math.h.289.5e959424b5305a9624e101328824bdf9
                           .group:00000000 wm4.arm_math.h.309.e0917c8c6aa37995c408e917008fa910
                           .group:00000000 wm4.dawn_main.h.25.26e38e321c8b35cbe4de27b260dda59b
                           .group:00000000 wm4.usart.h.25.fc01861d7892853aa83247b640021348
                           .group:00000000 wm4.timebase.h.25.148c98407bdc7ce1114915cde093d87a
                           .group:00000000 wm4.unpack.h.25.91bc4c6c266694549e3c97bc659d6890
                           .group:00000000 wm4.icm206xx.h.25.1a18715348b9cffd270504658e08606f
                           .group:00000000 wm4.dawn_gimbal_system.h.30.8227ed645aeaf3d3a6c9940ae39ea25c
                           .group:00000000 wm4.dawn_bdc.h.23.03eb0a77d8dad854dbfdbe1cd39a5bd7
                           .group:00000000 wm4.dawn_bldc.h.29.3546f2d9ec9f7c73acb60442fea0569b
                           .group:00000000 wm4.gpio.h.25.9dbce65fd9496973b249fa462e17a01b
                           .group:00000000 wm4.flash.h.25.8e339cfaaf976c4d7bfe969ee8266e65

UNDEFINED SYMBOLS
GimbalSystem
__aeabi_fadd
__aeabi_fcmplt
__aeabi_fsub
__aeabi_fcmpgt
__aeabi_ui2f
