Archive member included to satisfy reference by file (symbol)

c:/users/leonardo/desktop/gd32embeddedbuilder_v1.5.6_rel/tools/gnu tools arm embedded/xpack-arm-none-eabi-gcc/9.2.1-1.1/bin/../lib/gcc/arm-none-eabi/9.2.1/thumb/v7e-m/nofp\libgcc.a(_arm_mulsf3.o)
                              ./DawnLib/dawn_lib.o (__aeabi_fmul)
c:/users/leonardo/desktop/gd32embeddedbuilder_v1.5.6_rel/tools/gnu tools arm embedded/xpack-arm-none-eabi-gcc/9.2.1-1.1/bin/../lib/gcc/arm-none-eabi/9.2.1/thumb/v7e-m/nofp\libgcc.a(_arm_addsubsf3.o)
                              ./DawnLib/dawn_lib.o (__aeabi_fsub)
c:/users/leonardo/desktop/gd32embeddedbuilder_v1.5.6_rel/tools/gnu tools arm embedded/xpack-arm-none-eabi-gcc/9.2.1-1.1/bin/../lib/gcc/arm-none-eabi/9.2.1/thumb/v7e-m/nofp\libgcc.a(_arm_muldivsf3.o)
                              ./DawnLib/dawn_lib.o (__aeabi_fdiv)
c:/users/leonardo/desktop/gd32embeddedbuilder_v1.5.6_rel/tools/gnu tools arm embedded/xpack-arm-none-eabi-gcc/9.2.1-1.1/bin/../lib/gcc/arm-none-eabi/9.2.1/thumb/v7e-m/nofp\libgcc.a(_arm_cmpsf2.o)
                              ./DawnLib/dawn_lib.o (__aeabi_fcmpeq)
c:/users/leonardo/desktop/gd32embeddedbuilder_v1.5.6_rel/tools/gnu tools arm embedded/xpack-arm-none-eabi-gcc/9.2.1-1.1/bin/../lib/gcc/arm-none-eabi/9.2.1/../../../../arm-none-eabi/lib/thumb/v7e-m/nofp\libg_nano.a(lib_a-exit.o)
                              c:/users/leonardo/desktop/gd32embeddedbuilder_v1.5.6_rel/tools/gnu tools arm embedded/xpack-arm-none-eabi-gcc/9.2.1-1.1/bin/../lib/gcc/arm-none-eabi/9.2.1/../../../../arm-none-eabi/lib/thumb/v7e-m/nofp/crt0.o (exit)
c:/users/leonardo/desktop/gd32embeddedbuilder_v1.5.6_rel/tools/gnu tools arm embedded/xpack-arm-none-eabi-gcc/9.2.1-1.1/bin/../lib/gcc/arm-none-eabi/9.2.1/../../../../arm-none-eabi/lib/thumb/v7e-m/nofp\libg_nano.a(lib_a-impure.o)
                              c:/users/leonardo/desktop/gd32embeddedbuilder_v1.5.6_rel/tools/gnu tools arm embedded/xpack-arm-none-eabi-gcc/9.2.1-1.1/bin/../lib/gcc/arm-none-eabi/9.2.1/../../../../arm-none-eabi/lib/thumb/v7e-m/nofp\libg_nano.a(lib_a-exit.o) (_global_impure_ptr)
c:/users/leonardo/desktop/gd32embeddedbuilder_v1.5.6_rel/tools/gnu tools arm embedded/xpack-arm-none-eabi-gcc/9.2.1-1.1/bin/../lib/gcc/arm-none-eabi/9.2.1/../../../../arm-none-eabi/lib/thumb/v7e-m/nofp\libg_nano.a(lib_a-init.o)
                              c:/users/leonardo/desktop/gd32embeddedbuilder_v1.5.6_rel/tools/gnu tools arm embedded/xpack-arm-none-eabi-gcc/9.2.1-1.1/bin/../lib/gcc/arm-none-eabi/9.2.1/../../../../arm-none-eabi/lib/thumb/v7e-m/nofp/crt0.o (__libc_init_array)
c:/users/leonardo/desktop/gd32embeddedbuilder_v1.5.6_rel/tools/gnu tools arm embedded/xpack-arm-none-eabi-gcc/9.2.1-1.1/bin/../lib/gcc/arm-none-eabi/9.2.1/../../../../arm-none-eabi/lib/thumb/v7e-m/nofp\libg_nano.a(lib_a-memset.o)
                              c:/users/leonardo/desktop/gd32embeddedbuilder_v1.5.6_rel/tools/gnu tools arm embedded/xpack-arm-none-eabi-gcc/9.2.1-1.1/bin/../lib/gcc/arm-none-eabi/9.2.1/../../../../arm-none-eabi/lib/thumb/v7e-m/nofp/crt0.o (memset)
c:/users/leonardo/desktop/gd32embeddedbuilder_v1.5.6_rel/tools/gnu tools arm embedded/xpack-arm-none-eabi-gcc/9.2.1-1.1/bin/../lib/gcc/arm-none-eabi/9.2.1/../../../../arm-none-eabi/lib/thumb/v7e-m/nofp\libnosys.a(_exit.o)
                              c:/users/leonardo/desktop/gd32embeddedbuilder_v1.5.6_rel/tools/gnu tools arm embedded/xpack-arm-none-eabi-gcc/9.2.1-1.1/bin/../lib/gcc/arm-none-eabi/9.2.1/../../../../arm-none-eabi/lib/thumb/v7e-m/nofp\libg_nano.a(lib_a-exit.o) (_exit)
c:/users/leonardo/desktop/gd32embeddedbuilder_v1.5.6_rel/tools/gnu tools arm embedded/xpack-arm-none-eabi-gcc/9.2.1-1.1/bin/../lib/gcc/arm-none-eabi/9.2.1/../../../../arm-none-eabi/lib/thumb/v7e-m/nofp\libm.a(lib_a-sf_cos.o)
                              ./DawnLib/dawn_lib.o (cosf)
c:/users/leonardo/desktop/gd32embeddedbuilder_v1.5.6_rel/tools/gnu tools arm embedded/xpack-arm-none-eabi-gcc/9.2.1-1.1/bin/../lib/gcc/arm-none-eabi/9.2.1/../../../../arm-none-eabi/lib/thumb/v7e-m/nofp\libm.a(lib_a-sf_sin.o)
                              ./DawnLib/dawn_lib.o (sinf)
c:/users/leonardo/desktop/gd32embeddedbuilder_v1.5.6_rel/tools/gnu tools arm embedded/xpack-arm-none-eabi-gcc/9.2.1-1.1/bin/../lib/gcc/arm-none-eabi/9.2.1/../../../../arm-none-eabi/lib/thumb/v7e-m/nofp\libm.a(lib_a-wf_fmod.o)
                              ./DawnLib/dawn_lib.o (fmodf)
c:/users/leonardo/desktop/gd32embeddedbuilder_v1.5.6_rel/tools/gnu tools arm embedded/xpack-arm-none-eabi-gcc/9.2.1-1.1/bin/../lib/gcc/arm-none-eabi/9.2.1/../../../../arm-none-eabi/lib/thumb/v7e-m/nofp\libm.a(lib_a-wf_sqrt.o)
                              ./DawnLib/dawn_lib.o (sqrtf)
c:/users/leonardo/desktop/gd32embeddedbuilder_v1.5.6_rel/tools/gnu tools arm embedded/xpack-arm-none-eabi-gcc/9.2.1-1.1/bin/../lib/gcc/arm-none-eabi/9.2.1/../../../../arm-none-eabi/lib/thumb/v7e-m/nofp\libm.a(lib_a-ef_fmod.o)
[...]
Memory Configuration

Name             Origin             Length             Attributes
FLASH            0x08020000         0x00060000         xr
RAM              0x20000000         0x00020000         xrw
TCMRAM           0x10000000         0x00010000         xrw
*default*        0x00000000         0xffffffff

Linker script and memory map

LOAD c:/users/leonardo/desktop/gd32embeddedbuilder_v1.5.6_rel/tools/gnu tools arm embedded/xpack-arm-none-eabi-gcc/9.2.1-1.1/bin/../lib/gcc/arm-none-eabi/9.2.1/thumb/v7e-m/nofp/crti.o
LOAD c:/users/leonardo/desktop/gd32embeddedbuilder_v1.5.6_rel/tools/gnu tools arm embedded/xpack-arm-none-eabi-gcc/9.2.1-1.1/bin/../lib/gcc/arm-none-eabi/9.2.1/thumb/v7e-m/nofp/crtbegin.o
LOAD c:/users/leonardo/desktop/gd32embeddedbuilder_v1.5.6_rel/tools/gnu tools arm embedded/xpack-arm-none-eabi-gcc/9.2.1-1.1/bin/../lib/gcc/arm-none-eabi/9.2.1/../../../../arm-none-eabi/lib/thumb/v7e-m/nofp/crt0.o
LOAD ./gcc_startup/startup_gd32f405_425.o
LOAD ./FWLIB/gd32f4xx_wwdgt.o
LOAD ./FWLIB/gd32f4xx_usart.o
LOAD ./FWLIB/gd32f4xx_trng.o
LOAD ./FWLIB/gd32f4xx_tli.o
LOAD ./FWLIB/gd32f4xx_timer.o
LOAD ./FWLIB/gd32f4xx_syscfg.o
LOAD ./FWLIB/gd32f4xx_spi.o
LOAD ./FWLIB/gd32f4xx_sdio.o
LOAD ./FWLIB/gd32f4xx_rtc.o
LOAD ./FWLIB/gd32f4xx_rcu.o
LOAD ./FWLIB/gd32f4xx_pmu.o
LOAD ./FWLIB/gd32f4xx_misc.o
LOAD ./FWLIB/gd32f4xx_iref.o
LOAD ./FWLIB/gd32f4xx_ipa.o
LOAD ./FWLIB/gd32f4xx_i2c.o
LOAD ./FWLIB/gd32f4xx_gpio.o
LOAD ./FWLIB/gd32f4xx_fwdgt.o
LOAD ./FWLIB/gd32f4xx_fmc.o
LOAD ./FWLIB/gd32f4xx_exti.o
LOAD ./FWLIB/gd32f4xx_exmc.o
LOAD ./FWLIB/gd32f4xx_dma.o
LOAD ./FWLIB/gd32f4xx_dci.o
LOAD ./FWLIB/gd32f4xx_dbg.o
LOAD ./FWLIB/gd32f4xx_dac.o
LOAD ./FWLIB/gd32f4xx_ctc.o
LOAD ./FWLIB/gd32f4xx_crc.o
LOAD ./FWLIB/gd32f4xx_can.o
LOAD ./FWLIB/gd32f4xx_adc.o
LOAD ./DawnLib/dawn_lib.o
LOAD ./CMSIS/system_gd32f4xx.o
START GROUP
LOAD c:/users/leonardo/desktop/gd32embeddedbuilder_v1.5.6_rel/tools/gnu tools arm embedded/xpack-arm-none-eabi-gcc/9.2.1-1.1/bin/../lib/gcc/arm-none-eabi/9.2.1/thumb/v7e-m/nofp\libgcc.a
LOAD c:/users/leonardo/desktop/gd32embeddedbuilder_v1.5.6_rel/tools/gnu tools arm embedded/xpack-arm-none-eabi-gcc/9.2.1-1.1/bin/../lib/gcc/arm-none-eabi/9.2.1/../../../../arm-none-eabi/lib/thumb/v7e-m/nofp\libg_nano.a
LOAD c:/users/leonardo/desktop/gd32embeddedbuilder_v1.5.6_rel/tools/gnu tools arm embedded/xpack-arm-none-eabi-gcc/9.2.1-1.1/bin/../lib/gcc/arm-none-eabi/9.2.1/../../../../arm-none-eabi/lib/thumb/v7e-m/nofp\libc_nano.a
END GROUP
START GROUP
LOAD c:/users/leonardo/desktop/gd32embeddedbuilder_v1.5.6_rel/tools/gnu tools arm embedded/xpack-arm-none-eabi-gcc/9.2.1-1.1/bin/../lib/gcc/arm-none-eabi/9.2.1/thumb/v7e-m/nofp\libgcc.a
LOAD c:/users/leonardo/desktop/gd32embeddedbuilder_v1.5.6_rel/tools/gnu tools arm embedded/xpack-arm-none-eabi-gcc/9.2.1-1.1/bin/../lib/gcc/arm-none-eabi/9.2.1/../../../../arm-none-eabi/lib/thumb/v7e-m/nofp\libc_nano.a
LOAD c:/users/leonardo/desktop/gd32embeddedbuilder_v1.5.6_rel/tools/gnu tools arm embedded/xpack-arm-none-eabi-gcc/9.2.1-1.1/bin/../lib/gcc/arm-none-eabi/9.2.1/../../../../arm-none-eabi/lib/thumb/v7e-m/nofp\libnosys.a
END GROUP
START GROUP
LOAD c:/users/leonardo/desktop/gd32embeddedbuilder_v1.5.6_rel/tools/gnu tools arm embedded/xpack-arm-none-eabi-gcc/9.2.1-1.1/bin/../lib/gcc/arm-none-eabi/9.2.1/thumb/v7e-m/nofp\libgcc.a
LOAD c:/users/leonardo/desktop/gd32embeddedbuilder_v1.5.6_rel/tools/gnu tools arm embedded/xpack-arm-none-eabi-gcc/9.2.1-1.1/bin/../lib/gcc/arm-none-eabi/9.2.1/../../../../arm-none-eabi/lib/thumb/v7e-m/nofp\libc_nano.a
LOAD c:/users/leonardo/desktop/gd32embeddedbuilder_v1.5.6_rel/tools/gnu tools arm embedded/xpack-arm-none-eabi-gcc/9.2.1-1.1/bin/../lib/gcc/arm-none-eabi/9.2.1/../../../../arm-none-eabi/lib/thumb/v7e-m/nofp\libnosys.a
END GROUP
LOAD c:/users/leonardo/desktop/gd32embeddedbuilder_v1.5.6_rel/tools/gnu tools arm embedded/xpack-arm-none-eabi-gcc/9.2.1-1.1/bin/../lib/gcc/arm-none-eabi/9.2.1/thumb/v7e-m/nofp/crtend.o
LOAD c:/users/leonardo/desktop/gd32embeddedbuilder_v1.5.6_rel/tools/gnu tools arm embedded/xpack-arm-none-eabi-gcc/9.2.1-1.1/bin/../lib/gcc/arm-none-eabi/9.2.1/thumb/v7e-m/nofp/crtn.o
                0x00000800                __stack_size = DEFINED (__stack_size)?__stack_size:0x800
                0x00000400                __heap_size = DEFINED (__heap_size)?__heap_size:0x400

.vectors        0x08020000      0x188
                0x08020000                . = ALIGN (0x4)
 *(.vectors)
 .vectors       0x08020000      0x188 ./gcc_startup/startup_gd32f405_425.o
                0x08020000                __gVectors
                0x08020188                . = ALIGN (0x4)
                0x08020188                __Vectors_End = .
                0x08020188                __Vectors_Size = (__Vectors_End - __gVectors)

.text           0x08020188      0x298
                0x08020188                . = ALIGN (0x4)
 *(.text)
 *(.text*)
 .text.__do_global_dtors_aux
                0x08020188       0x24 c:/users/leonardo/desktop/gd32embeddedbuilder_v1.5.6_rel/tools/gnu tools arm embedded/xpack-arm-none-eabi-gcc/9.2.1-1.1/bin/../lib/gcc/arm-none-eabi/9.2.1/thumb/v7e-m/nofp/crtbegin.o
 .text.frame_dummy
                0x080201ac       0x1c c:/users/leonardo/desktop/gd32embeddedbuilder_v1.5.6_rel/tools/gnu tools arm embedded/xpack-arm-none-eabi-gcc/9.2.1-1.1/bin/../lib/gcc/arm-none-eabi/9.2.1/thumb/v7e-m/nofp/crtbegin.o
 .text.Reset_Handler
                0x080201c8       0x48 ./gcc_startup/startup_gd32f405_425.o
                0x080201c8                Reset_Handler
 .text.Default_Handler
                0x08020210        0x2 ./gcc_startup/startup_gd32f405_425.o
                0x08020210                RTC_Alarm_IRQHandler
                0x08020210                EXTI2_IRQHandler
                0x08020210                TIMER2_IRQHandler
                0x08020210                DebugMon_Handler
                0x08020210                LVD_IRQHandler
                0x08020210                CAN1_EWMC_IRQHandler
                0x08020210                HardFault_Handler
                0x08020210                TIMER7_UP_TIMER12_IRQHandler
                0x08020210                SysTick_Handler
                0x08020210                SDIO_IRQHandler
                0x08020210                PendSV_Handler
                0x08020210                NMI_Handler
                0x08020210                EXTI3_IRQHandler
                0x08020210                DCI_IRQHandler
                0x08020210                USBFS_WKUP_IRQHandler
                0x08020210                USBHS_IRQHandler
                0x08020210                TIMER5_DAC_IRQHandler
                0x08020210                TIMER0_TRG_CMT_TIMER10_IRQHandler
                0x08020210                USBFS_IRQHandler
                0x08020210                TIMER3_IRQHandler
                0x08020210                DMA0_Channel6_IRQHandler
                0x08020210                I2C0_EV_IRQHandler
                0x08020210                EXTI0_IRQHandler
                0x08020210                I2C2_EV_IRQHandler
                0x08020210                CAN1_RX0_IRQHandler
                0x08020210                FPU_IRQHandler
                0x08020210                TIMER7_TRG_CMT_TIMER13_IRQHandler
                0x08020210                UsageFault_Handler
                0x08020210                TIMER4_IRQHandler
                0x08020210                SPI1_IRQHandler
                0x08020210                DMA0_Channel0_IRQHandler
                0x08020210                USART5_IRQHandler
                0x08020210                TIMER0_BRK_TIMER8_IRQHandler
                0x08020210                DMA1_Channel0_IRQHandler
                0x08020210                TIMER7_BRK_TIMER11_IRQHandler
                0x08020210                TIMER6_IRQHandler
                0x08020210                DMA1_Channel4_IRQHandler
                0x08020210                DMA0_Channel3_IRQHandler
                0x08020210                I2C0_ER_IRQHandler
                0x08020210                TIMER0_UP_TIMER9_IRQHandler
                0x08020210                DMA1_Channel7_IRQHandler
                0x08020210                CAN1_RX1_IRQHandler
                0x08020210                DMA0_Channel2_IRQHandler
                0x08020210                USART0_IRQHandler
                0x08020210                TIMER1_IRQHandler
                0x08020210                I2C1_EV_IRQHandler
                0x08020210                DMA1_Channel6_IRQHandler
                0x08020210                UART4_IRQHandler
                0x08020210                EXTI10_15_IRQHandler
                0x08020210                DMA1_Channel1_IRQHandler
                0x08020210                Default_Handler
                0x08020210                TIMER7_Channel_IRQHandler
                0x08020210                DMA0_Channel7_IRQHandler
                0x08020210                ADC_IRQHandler
                0x08020210                CAN0_TX_IRQHandler
                0x08020210                WWDGT_IRQHandler
                0x08020210                TAMPER_STAMP_IRQHandler
                0x08020210                RTC_WKUP_IRQHandler
                0x08020210                SPI2_IRQHandler
                0x08020210                MemManage_Handler
                0x08020210                CAN1_TX_IRQHandler
                0x08020210                SVC_Handler
                0x08020210                RCU_CTC_IRQHandler
                0x08020210                DMA1_Channel5_IRQHandler
                0x08020210                EXTI4_IRQHandler
                0x08020210                CAN0_RX1_IRQHandler
                0x08020210                DMA0_Channel5_IRQHandler
                0x08020210                DMA1_Channel3_IRQHandler
                0x08020210                EXTI5_9_IRQHandler
                0x08020210                DMA0_Channel1_IRQHandler
                0x08020210                TIMER0_Channel_IRQHandler
                0x08020210                EXTI1_IRQHandler
                0x08020210                USBHS_EP1_In_IRQHandler
                0x08020210                SPI0_IRQHandler
                0x08020210                USART2_IRQHandler
                0x08020210                CAN0_EWMC_IRQHandler
                0x08020210                CAN0_RX0_IRQHandler
                0x08020210                I2C2_ER_IRQHandler
                0x08020210                DMA1_Channel2_IRQHandler
                0x08020210                BusFault_Handler
                0x08020210                USART1_IRQHandler
                0x08020210                UART3_IRQHandler
                0x08020210                I2C1_ER_IRQHandler
                0x08020210                FMC_IRQHandler
                0x08020210                USBHS_WKUP_IRQHandler
                0x08020210                DMA0_Channel4_IRQHandler
                0x08020210                TRNG_IRQHandler
                0x08020210                USBHS_EP1_Out_IRQHandler
 *fill*         0x08020212        0x2 
 .text.SystemInit
                0x08020214       0x80 ./CMSIS/system_gd32f4xx.o
                0x08020214                SystemInit
 .text.system_clock_config
                0x08020294        0xc ./CMSIS/system_gd32f4xx.o
 .text.system_clock_200m_25m_hxtal
                0x080202a0      0x120 ./CMSIS/system_gd32f4xx.o
 .text.__libc_init_array
                0x080203c0       0x48 c:/users/leonardo/desktop/gd32embeddedbuilder_v1.5.6_rel/tools/gnu tools arm embedded/xpack-arm-none-eabi-gcc/9.2.1-1.1/bin/../lib/gcc/arm-none-eabi/9.2.1/../../../../arm-none-eabi/lib/thumb/v7e-m/nofp\libg_nano.a(lib_a-init.o)
                0x080203c0                __libc_init_array
 *(.glue_7)
 .glue_7        0x08020408        0x0 linker stubs
 *(.glue_7t)
 .glue_7t       0x08020408        0x0 linker stubs
 *(.eh_frame)
 .eh_frame      0x08020408        0x0 c:/users/leonardo/desktop/gd32embeddedbuilder_v1.5.6_rel/tools/gnu tools arm embedded/xpack-arm-none-eabi-gcc/9.2.1-1.1/bin/../lib/gcc/arm-none-eabi/9.2.1/thumb/v7e-m/nofp/crtbegin.o
 *(.init)
 .init          0x08020408        0x4 c:/users/leonardo/desktop/gd32embeddedbuilder_v1.5.6_rel/tools/gnu tools arm embedded/xpack-arm-none-eabi-gcc/9.2.1-1.1/bin/../lib/gcc/arm-none-eabi/9.2.1/thumb/v7e-m/nofp/crti.o
                0x08020408                _init
 .init          0x0802040c        0x8 c:/users/leonardo/desktop/gd32embeddedbuilder_v1.5.6_rel/tools/gnu tools arm embedded/xpack-arm-none-eabi-gcc/9.2.1-1.1/bin/../lib/gcc/arm-none-eabi/9.2.1/thumb/v7e-m/nofp/crtn.o
 *(.fini)
 .fini          0x08020414        0x4 c:/users/leonardo/desktop/gd32embeddedbuilder_v1.5.6_rel/tools/gnu tools arm embedded/xpack-arm-none-eabi-gcc/9.2.1-1.1/bin/../lib/gcc/arm-none-eabi/9.2.1/thumb/v7e-m/nofp/crti.o
                0x08020414                _fini
 .fini          0x08020418        0x8 c:/users/leonardo/desktop/gd32embeddedbuilder_v1.5.6_rel/tools/gnu tools arm embedded/xpack-arm-none-eabi-gcc/9.2.1-1.1/bin/../lib/gcc/arm-none-eabi/9.2.1/thumb/v7e-m/nofp/crtn.o
                0x08020420                . = ALIGN (0x4)
                0x08020420                _etext = .

.vfp11_veneer   0x08020420        0x0
 .vfp11_veneer  0x08020420        0x0 linker stubs

.v4_bx          0x08020420        0x0
 .v4_bx         0x08020420        0x0 linker stubs

.iplt           0x08020420        0x0
 .iplt          0x08020420        0x0 c:/users/leonardo/desktop/gd32embeddedbuilder_v1.5.6_rel/tools/gnu tools arm embedded/xpack-arm-none-eabi-gcc/9.2.1-1.1/bin/../lib/gcc/arm-none-eabi/9.2.1/thumb/v7e-m/nofp/crtbegin.o

.rel.dyn        0x08020420        0x0
 .rel.iplt      0x08020420        0x0 c:/users/leonardo/desktop/gd32embeddedbuilder_v1.5.6_rel/tools/gnu tools arm embedded/xpack-arm-none-eabi-gcc/9.2.1-1.1/bin/../lib/gcc/arm-none-eabi/9.2.1/thumb/v7e-m/nofp/crtbegin.o

.rodata         0x08020420        0x0
                0x08020420                . = ALIGN (0x4)
 *(.rodata)
 *(.rodata*)
                0x08020420                . = ALIGN (0x4)

.ARM.extab
 *(.ARM.extab* .gnu.linkonce.armextab.*)

.ARM            0x08020420        0x0
                0x08020420                __exidx_start = .
 *(.ARM.exidx*)
                0x08020420                __exidx_end = .

.ARM.attributes
                0x08020420       0x2a
 *(.ARM.attributes)
 .ARM.attributes
                0x08020420       0x1e c:/users/leonardo/desktop/gd32embeddedbuilder_v1.5.6_rel/tools/gnu tools arm embedded/xpack-arm-none-eabi-gcc/9.2.1-1.1/bin/../lib/gcc/arm-none-eabi/9.2.1/thumb/v7e-m/nofp/crti.o
 .ARM.attributes
                0x0802043e       0x2e c:/users/leonardo/desktop/gd32embeddedbuilder_v1.5.6_rel/tools/gnu tools arm embedded/xpack-arm-none-eabi-gcc/9.2.1-1.1/bin/../lib/gcc/arm-none-eabi/9.2.1/thumb/v7e-m/nofp/crtbegin.o
 .ARM.attributes
                0x0802046c       0x21 ./gcc_startup/startup_gd32f405_425.o
 .ARM.attributes
                0x0802048d       0x2e ./CMSIS/system_gd32f4xx.o
 .ARM.attributes
                0x080204bb       0x2e c:/users/leonardo/desktop/gd32embeddedbuilder_v1.5.6_rel/tools/gnu tools arm embedded/xpack-arm-none-eabi-gcc/9.2.1-1.1/bin/../lib/gcc/arm-none-eabi/9.2.1/../../../../arm-none-eabi/lib/thumb/v7e-m/nofp\libg_nano.a(lib_a-init.o)
 .ARM.attributes
                0x080204e9       0x1e c:/users/leonardo/desktop/gd32embeddedbuilder_v1.5.6_rel/tools/gnu tools arm embedded/xpack-arm-none-eabi-gcc/9.2.1-1.1/bin/../lib/gcc/arm-none-eabi/9.2.1/thumb/v7e-m/nofp/crtn.o

.preinit_array  0x08020420        0x0
                0x08020420                PROVIDE (__preinit_array_start = .)
 *(.preinit_array*)
                0x08020420                PROVIDE (__preinit_array_end = .)

.init_array     0x08020420        0x4
                0x08020420                PROVIDE (__init_array_start = .)
 *(SORT_BY_NAME(.init_array.*))
 *(.init_array*)
 .init_array    0x08020420        0x4 c:/users/leonardo/desktop/gd32embeddedbuilder_v1.5.6_rel/tools/gnu tools arm embedded/xpack-arm-none-eabi-gcc/9.2.1-1.1/bin/../lib/gcc/arm-none-eabi/9.2.1/thumb/v7e-m/nofp/crtbegin.o
                0x08020424                PROVIDE (__init_array_end = .)

.fini_array     0x08020424        0x4
                [!provide]                PROVIDE (__fini_array_start = .)
 *(.fini_array*)
 .fini_array    0x08020424        0x4 c:/users/leonardo/desktop/gd32embeddedbuilder_v1.5.6_rel/tools/gnu tools arm embedded/xpack-arm-none-eabi-gcc/9.2.1-1.1/bin/../lib/gcc/arm-none-eabi/9.2.1/thumb/v7e-m/nofp/crtbegin.o
 *(SORT_BY_NAME(.fini_array.*))
                [!provide]                PROVIDE (__fini_array_end = .)
                0x08020428                _sidata = LOADADDR (.data)

.data           0x20000000        0x0 load address 0x08020428
                0x20000000                . = ALIGN (0x4)
                0x20000000                _sdata = .
 *(.data)
 *(.data*)
                0x20000000                . = ALIGN (0x4)
                0x20000000                _edata = .

.igot.plt       0x20000000        0x0 load address 0x08020428
 .igot.plt      0x20000000        0x0 c:/users/leonardo/desktop/gd32embeddedbuilder_v1.5.6_rel/tools/gnu tools arm embedded/xpack-arm-none-eabi-gcc/9.2.1-1.1/bin/../lib/gcc/arm-none-eabi/9.2.1/thumb/v7e-m/nofp/crtbegin.o
                0x20000000                . = ALIGN (0x4)

.bss            0x20000000       0x1c load address 0x08020428
                0x20000000                . = ALIGN (0x4)
                0x20000000                _sbss = .
                0x20000000                __bss_start__ = _sbss
 *(.bss)
 *(.bss*)
 .bss.completed.8911
                0x20000000        0x1 c:/users/leonardo/desktop/gd32embeddedbuilder_v1.5.6_rel/tools/gnu tools arm embedded/xpack-arm-none-eabi-gcc/9.2.1-1.1/bin/../lib/gcc/arm-none-eabi/9.2.1/thumb/v7e-m/nofp/crtbegin.o
 *fill*         0x20000001        0x3 
 .bss.object.8916
                0x20000004       0x18 c:/users/leonardo/desktop/gd32embeddedbuilder_v1.5.6_rel/tools/gnu tools arm embedded/xpack-arm-none-eabi-gcc/9.2.1-1.1/bin/../lib/gcc/arm-none-eabi/9.2.1/thumb/v7e-m/nofp/crtbegin.o
 *(COMMON)
                0x2000001c                . = ALIGN (0x4)
                0x2000001c                _ebss = .
                0x2000001c                __bss_end__ = _ebss

.heap_stack     0x2000001c      0xc04 load address 0x08020428
                0x20000020                . = ALIGN (0x8)
 *fill*         0x2000001c        0x4 
                [!provide]                PROVIDE (end = _ebss)
                [!provide]                PROVIDE (_end = _ebss)
                0x20000420                . = (. + __heap_size)
 *fill*         0x20000020      0x400 
                [!provide]                PROVIDE (_heap_end = .)
                0x20000c20                . = (. + __stack_size)
 *fill*         0x20000420      0x800 
                0x20000c20                PROVIDE (_sp = .)
                0x20000c20                . = ALIGN (0x8)
                0x08020428                _sitcmram = LOADADDR (.tcmram)

.tcmram         0x10000000        0x0 load address 0x08020428
                0x10000000                . = ALIGN (0x4)
                0x10000000                .stcmram = .
 *(.tcmram)
 *(.tcmram*)
                0x10000000                . = ALIGN (0x4)
                0x10000000                _etcmram = .
START GROUP
LOAD c:/users/leonardo/desktop/gd32embeddedbuilder_v1.5.6_rel/tools/gnu tools arm embedded/xpack-arm-none-eabi-gcc/9.2.1-1.1/bin/../lib/gcc/arm-none-eabi/9.2.1/thumb/v7e-m/nofp\libgcc.a
LOAD c:/users/leonardo/desktop/gd32embeddedbuilder_v1.5.6_rel/tools/gnu tools arm embedded/xpack-arm-none-eabi-gcc/9.2.1-1.1/bin/../lib/gcc/arm-none-eabi/9.2.1/../../../../arm-none-eabi/lib/thumb/v7e-m/nofp\libc.a
LOAD c:/users/leonardo/desktop/gd32embeddedbuilder_v1.5.6_rel/tools/gnu tools arm embedded/xpack-arm-none-eabi-gcc/9.2.1-1.1/bin/../lib/gcc/arm-none-eabi/9.2.1/../../../../arm-none-eabi/lib/thumb/v7e-m/nofp\libm.a
LOAD c:/users/leonardo/desktop/gd32embeddedbuilder_v1.5.6_rel/tools/gnu tools arm embedded/xpack-arm-none-eabi-gcc/9.2.1-1.1/bin/../lib/gcc/arm-none-eabi/9.2.1/../../../../arm-none-eabi/lib/thumb/v7e-m/nofp\libnosys.a
END GROUP
OUTPUT(DawnBGC.elf elf32-littlearm)

.debug_line     0x00000000      0x7e4
 .debug_line    0x00000000       0x80 ./gcc_startup/startup_gd32f405_425.o
 .debug_line    0x00000080      0x764 ./CMSIS/system_gd32f4xx.o

.debug_info     0x00000000      0x254
 .debug_info    0x00000000       0x22 ./gcc_startup/startup_gd32f405_425.o
 .debug_info    0x00000022      0x232 ./CMSIS/system_gd32f4xx.o

.debug_abbrev   0x00000000      0x147
 .debug_abbrev  0x00000000       0x12 ./gcc_startup/startup_gd32f405_425.o
 .debug_abbrev  0x00000012      0x135 ./CMSIS/system_gd32f4xx.o

.debug_aranges  0x00000000       0x60
 .debug_aranges
                0x00000000       0x28 ./gcc_startup/startup_gd32f405_425.o
 .debug_aranges
                0x00000028       0x38 ./CMSIS/system_gd32f4xx.o

.debug_str      0x00000000    0x28b61
 .debug_str     0x00000000       0x80 ./gcc_startup/startup_gd32f405_425.o
 .debug_str     0x00000080    0x28ae1 ./CMSIS/system_gd32f4xx.o
                              0x28cb6 (size before relaxing)

.debug_ranges   0x00000000       0x48
 .debug_ranges  0x00000000       0x20 ./gcc_startup/startup_gd32f405_425.o
 .debug_ranges  0x00000020       0x28 ./CMSIS/system_gd32f4xx.o

.debug_macro    0x00000000      0x1d8
 .debug_macro   0x00000000      0x1d8 ./CMSIS/system_gd32f4xx.o

.comment        0x00000000       0x66
 .comment       0x00000000       0x66 ./CMSIS/system_gd32f4xx.o
                                 0x67 (size before relaxing)

.debug_frame    0x00000000       0xd8
 .debug_frame   0x00000000       0xac ./CMSIS/system_gd32f4xx.o
 .debug_frame   0x000000ac       0x2c c:/users/leonardo/desktop/gd32embeddedbuilder_v1.5.6_rel/tools/gnu tools arm embedded/xpack-arm-none-eabi-gcc/9.2.1-1.1/bin/../lib/gcc/arm-none-eabi/9.2.1/../../../../arm-none-eabi/lib/thumb/v7e-m/nofp\libg_nano.a(lib_a-init.o)
