   1              		.cpu cortex-m4
   2              		.eabi_attribute 20, 1
   3              		.eabi_attribute 21, 1
   4              		.eabi_attribute 23, 3
   5              		.eabi_attribute 24, 1
   6              		.eabi_attribute 25, 1
   7              		.eabi_attribute 26, 1
   8              		.eabi_attribute 30, 6
   9              		.eabi_attribute 34, 1
  10              		.eabi_attribute 18, 4
  11              		.file	"dawn_bdc.c"
  12              		.text
  13              	.Ltext0:
  14              		.cfi_sections	.debug_frame
  15              		.section	.text.BDCInit,"ax",%progbits
  16              		.align	1
  17              		.global	BDCInit
  18              		.arch armv7e-m
  19              		.syntax unified
  20              		.thumb
  21              		.thumb_func
  22              		.fpu softvfp
  24              	BDCInit:
  25              	.LFB156:
  26              		.file 1 "../DawnBDC/dawn_bdc.c"
   1:../DawnBDC/dawn_bdc.c **** /*
   2:../DawnBDC/dawn_bdc.c ****  * DawnBGC - Open Source Brushless Gimbal Controller
   3:../DawnBDC/dawn_bdc.c ****  *
   4:../DawnBDC/dawn_bdc.c ****  * Copyright (c) 2025 MarsDawn
   5:../DawnBDC/dawn_bdc.c ****  *
   6:../DawnBDC/dawn_bdc.c ****  * Project repository:
   7:../DawnBDC/dawn_bdc.c ****  *     https://github.com/MarsDawn
   8:../DawnBDC/dawn_bdc.c ****  *
   9:../DawnBDC/dawn_bdc.c ****  * This file is part of the DawnBGC project.
  10:../DawnBDC/dawn_bdc.c ****  *
  11:../DawnBDC/dawn_bdc.c ****  * Redistribution and use in source or binary forms, with or without
  12:../DawnBDC/dawn_bdc.c ****  * modification, are permitted under the MIT License, provided that
  13:../DawnBDC/dawn_bdc.c ****  * this copyright notice and this permission notice are retained.
  14:../DawnBDC/dawn_bdc.c ****  *
  15:../DawnBDC/dawn_bdc.c ****  * Licensed under the MIT License.
  16:../DawnBDC/dawn_bdc.c ****  * You may obtain a copy of the License at:
  17:../DawnBDC/dawn_bdc.c ****  *
  18:../DawnBDC/dawn_bdc.c ****  *     https://opensource.org/licenses/MIT
  19:../DawnBDC/dawn_bdc.c ****  *
  20:../DawnBDC/dawn_bdc.c ****  * THE SOFTWARE IS PROVIDED "AS IS", WITHOUT WARRANTY OF ANY KIND.
  21:../DawnBDC/dawn_bdc.c ****  */
  22:../DawnBDC/dawn_bdc.c **** #include "includes.h"
  23:../DawnBDC/dawn_bdc.c **** 
  24:../DawnBDC/dawn_bdc.c **** void BDCInit(void)
  25:../DawnBDC/dawn_bdc.c **** {
  27              		.loc 1 25 1
  28              		.cfi_startproc
  29              		@ args = 0, pretend = 0, frame = 0
  30              		@ frame_needed = 1, uses_anonymous_args = 0
  31 0000 80B5     		push	{r7, lr}
  32              		.cfi_def_cfa_offset 8
  33              		.cfi_offset 7, -8
  34              		.cfi_offset 14, -4
  35 0002 00AF     		add	r7, sp, #0
  36              		.cfi_def_cfa_register 7
  26:../DawnBDC/dawn_bdc.c ****     BDCGpioInit();
  37              		.loc 1 26 5
  38 0004 FFF7FEFF 		bl	BDCGpioInit
  27:../DawnBDC/dawn_bdc.c **** 
  28:../DawnBDC/dawn_bdc.c ****     BDC_TurnOnPWM(&BLDCYaw);
  39              		.loc 1 28 5
  40 0008 0548     		ldr	r0, .L2
  41 000a FFF7FEFF 		bl	BDC_TurnOnPWM
  29:../DawnBDC/dawn_bdc.c ****     BDC_TurnOnPWM(&BLDCRoll);
  42              		.loc 1 29 5
  43 000e 0548     		ldr	r0, .L2+4
  44 0010 FFF7FEFF 		bl	BDC_TurnOnPWM
  30:../DawnBDC/dawn_bdc.c ****     BDC_TurnOnPWM(&BLDCPitch);
  45              		.loc 1 30 5
  46 0014 0448     		ldr	r0, .L2+8
  47 0016 FFF7FEFF 		bl	BDC_TurnOnPWM
  31:../DawnBDC/dawn_bdc.c **** }
  48              		.loc 1 31 1
  49 001a 00BF     		nop
  50 001c 80BD     		pop	{r7, pc}
  51              	.L3:
  52 001e 00BF     		.align	2
  53              	.L2:
  54 0020 00000000 		.word	BLDCYaw
  55 0024 00000000 		.word	BLDCRoll
  56 0028 00000000 		.word	BLDCPitch
  57              		.cfi_endproc
  58              	.LFE156:
  60              		.section	.text.BDC_MapMagToCcr,"ax",%progbits
  61              		.align	1
  62              		.syntax unified
  63              		.thumb
  64              		.thumb_func
  65              		.fpu softvfp
  67              	BDC_MapMagToCcr:
  68              	.LFB157:
  32:../DawnBDC/dawn_bdc.c **** 
  33:../DawnBDC/dawn_bdc.c **** static inline uint16_t BDC_MapMagToCcr(int16_t mag, uint16_t arr)
  34:../DawnBDC/dawn_bdc.c **** {
  69              		.loc 1 34 1
  70              		.cfi_startproc
  71              		@ args = 0, pretend = 0, frame = 8
  72              		@ frame_needed = 1, uses_anonymous_args = 0
  73              		@ link register save eliminated.
  74 0000 80B4     		push	{r7}
  75              		.cfi_def_cfa_offset 4
  76              		.cfi_offset 7, -4
  77 0002 83B0     		sub	sp, sp, #12
  78              		.cfi_def_cfa_offset 16
  79 0004 00AF     		add	r7, sp, #0
  80              		.cfi_def_cfa_register 7
  81 0006 0346     		mov	r3, r0
  82 0008 0A46     		mov	r2, r1
  83 000a FB80     		strh	r3, [r7, #6]	@ movhi
  84 000c 1346     		mov	r3, r2	@ movhi
  85 000e BB80     		strh	r3, [r7, #4]	@ movhi
  35:../DawnBDC/dawn_bdc.c ****     if (mag < 0)
  86              		.loc 1 35 8
  87 0010 B7F90630 		ldrsh	r3, [r7, #6]
  88 0014 002B     		cmp	r3, #0
  89 0016 03DA     		bge	.L5
  36:../DawnBDC/dawn_bdc.c ****         mag = (int16_t)(-mag);
  90              		.loc 1 36 15
  91 0018 FB88     		ldrh	r3, [r7, #6]
  92 001a 5B42     		rsbs	r3, r3, #0
  93 001c 9BB2     		uxth	r3, r3
  94              		.loc 1 36 13
  95 001e FB80     		strh	r3, [r7, #6]	@ movhi
  96              	.L5:
  37:../DawnBDC/dawn_bdc.c **** 
  38:../DawnBDC/dawn_bdc.c ****     if (mag > PWM_MAX_LIMIT)
  39:../DawnBDC/dawn_bdc.c ****         mag = PWM_MAX_LIMIT;
  40:../DawnBDC/dawn_bdc.c **** 
  41:../DawnBDC/dawn_bdc.c ****     return (uint16_t)(((int32_t)mag * (int32_t)arr) / (int32_t)PWM_MAX_LIMIT);
  97              		.loc 1 41 24
  98 0020 B7F90630 		ldrsh	r3, [r7, #6]
  99              		.loc 1 41 39
 100 0024 BA88     		ldrh	r2, [r7, #4]
 101              		.loc 1 41 37
 102 0026 02FB03F3 		mul	r3, r2, r3
 103              		.loc 1 41 53
 104 002a 064A     		ldr	r2, .L7
 105 002c 82FB0312 		smull	r1, r2, r2, r3
 106 0030 1A44     		add	r2, r2, r3
 107 0032 9213     		asrs	r2, r2, #14
 108 0034 DB17     		asrs	r3, r3, #31
 109 0036 D31A     		subs	r3, r2, r3
 110              		.loc 1 41 12
 111 0038 9BB2     		uxth	r3, r3
  42:../DawnBDC/dawn_bdc.c **** }
 112              		.loc 1 42 1
 113 003a 1846     		mov	r0, r3
 114 003c 0C37     		adds	r7, r7, #12
 115              		.cfi_def_cfa_offset 4
 116 003e BD46     		mov	sp, r7
 117              		.cfi_def_cfa_register 13
 118              		@ sp needed
 119 0040 80BC     		pop	{r7}
 120              		.cfi_restore 7
 121              		.cfi_def_cfa_offset 0
 122 0042 7047     		bx	lr
 123              	.L8:
 124              		.align	2
 125              	.L7:
 126 0044 03000180 		.word	-2147418109
 127              		.cfi_endproc
 128              	.LFE157:
 130              		.section	.text.BDC_ApplySlowDecayDualPwm,"ax",%progbits
 131              		.align	1
 132              		.syntax unified
 133              		.thumb
 134              		.thumb_func
 135              		.fpu softvfp
 137              	BDC_ApplySlowDecayDualPwm:
 138              	.LFB158:
  43:../DawnBDC/dawn_bdc.c **** 
  44:../DawnBDC/dawn_bdc.c **** static inline void BDC_ApplySlowDecayDualPwm(int16_t u, uint16_t arr,
  45:../DawnBDC/dawn_bdc.c ****                                              volatile uint32_t *in1_ccr,
  46:../DawnBDC/dawn_bdc.c ****                                              volatile uint32_t *in2_ccr)
  47:../DawnBDC/dawn_bdc.c **** {
 139              		.loc 1 47 1
 140              		.cfi_startproc
 141              		@ args = 0, pretend = 0, frame = 24
 142              		@ frame_needed = 1, uses_anonymous_args = 0
 143 0000 80B5     		push	{r7, lr}
 144              		.cfi_def_cfa_offset 8
 145              		.cfi_offset 7, -8
 146              		.cfi_offset 14, -4
 147 0002 86B0     		sub	sp, sp, #24
 148              		.cfi_def_cfa_offset 32
 149 0004 00AF     		add	r7, sp, #0
 150              		.cfi_def_cfa_register 7
 151 0006 BA60     		str	r2, [r7, #8]
 152 0008 7B60     		str	r3, [r7, #4]
 153 000a 0346     		mov	r3, r0	@ movhi
 154 000c FB81     		strh	r3, [r7, #14]	@ movhi
 155 000e 0B46     		mov	r3, r1	@ movhi
 156 0010 BB81     		strh	r3, [r7, #12]	@ movhi
  48:../DawnBDC/dawn_bdc.c ****     uint16_t duty = BDC_MapMagToCcr(u -= PWM_MAX_LIMIT, arr);
 157              		.loc 1 48 39
 158 0012 FB89     		ldrh	r3, [r7, #14]
 159 0014 A3F5FF43 		sub	r3, r3, #32640
 160 0018 7F3B     		subs	r3, r3, #127
 161 001a 9BB2     		uxth	r3, r3
 162              		.loc 1 48 21
 163 001c FB81     		strh	r3, [r7, #14]	@ movhi
 164 001e BA89     		ldrh	r2, [r7, #12]
 165 0020 B7F90E30 		ldrsh	r3, [r7, #14]
 166 0024 1146     		mov	r1, r2
 167 0026 1846     		mov	r0, r3
 168 0028 FFF7FEFF 		bl	BDC_MapMagToCcr
 169 002c 0346     		mov	r3, r0
 170 002e FB82     		strh	r3, [r7, #22]	@ movhi
  49:../DawnBDC/dawn_bdc.c **** 
  50:../DawnBDC/dawn_bdc.c ****     uint16_t full = arr;
 171              		.loc 1 50 14
 172 0030 BB89     		ldrh	r3, [r7, #12]	@ movhi
 173 0032 BB82     		strh	r3, [r7, #20]	@ movhi
  51:../DawnBDC/dawn_bdc.c **** 
  52:../DawnBDC/dawn_bdc.c ****     if (u >= 0)
 174              		.loc 1 52 8
 175 0034 B7F90E30 		ldrsh	r3, [r7, #14]
 176 0038 002B     		cmp	r3, #0
 177 003a 06DB     		blt	.L10
  53:../DawnBDC/dawn_bdc.c ****     {
  54:../DawnBDC/dawn_bdc.c ****         *in1_ccr = full;
 178              		.loc 1 54 18
 179 003c BA8A     		ldrh	r2, [r7, #20]
 180 003e BB68     		ldr	r3, [r7, #8]
 181 0040 1A60     		str	r2, [r3]
  55:../DawnBDC/dawn_bdc.c ****         *in2_ccr = duty;
 182              		.loc 1 55 18
 183 0042 FA8A     		ldrh	r2, [r7, #22]
 184 0044 7B68     		ldr	r3, [r7, #4]
 185 0046 1A60     		str	r2, [r3]
  56:../DawnBDC/dawn_bdc.c ****     }
  57:../DawnBDC/dawn_bdc.c ****     else
  58:../DawnBDC/dawn_bdc.c ****     {
  59:../DawnBDC/dawn_bdc.c ****         *in1_ccr = duty;
  60:../DawnBDC/dawn_bdc.c ****         *in2_ccr = full;
  61:../DawnBDC/dawn_bdc.c ****     }
  62:../DawnBDC/dawn_bdc.c **** }
 186              		.loc 1 62 1
 187 0048 05E0     		b	.L12
 188              	.L10:
  59:../DawnBDC/dawn_bdc.c ****         *in2_ccr = full;
 189              		.loc 1 59 18
 190 004a FA8A     		ldrh	r2, [r7, #22]
 191 004c BB68     		ldr	r3, [r7, #8]
 192 004e 1A60     		str	r2, [r3]
  60:../DawnBDC/dawn_bdc.c ****     }
 193              		.loc 1 60 18
 194 0050 BA8A     		ldrh	r2, [r7, #20]
 195 0052 7B68     		ldr	r3, [r7, #4]
 196 0054 1A60     		str	r2, [r3]
 197              	.L12:
 198              		.loc 1 62 1
 199 0056 00BF     		nop
 200 0058 1837     		adds	r7, r7, #24
 201              		.cfi_def_cfa_offset 8
 202 005a BD46     		mov	sp, r7
 203              		.cfi_def_cfa_register 13
 204              		@ sp needed
 205 005c 80BD     		pop	{r7, pc}
 206              		.cfi_endproc
 207              	.LFE158:
 209              		.global	__aeabi_f2iz
 210              		.section	.text.BDCpwm,"ax",%progbits
 211              		.align	1
 212              		.global	BDCpwm
 213              		.syntax unified
 214              		.thumb
 215              		.thumb_func
 216              		.fpu softvfp
 218              	BDCpwm:
 219              	.LFB159:
  63:../DawnBDC/dawn_bdc.c **** 
  64:../DawnBDC/dawn_bdc.c **** void BDCpwm(BLDCStruct *BLDCStruct)
  65:../DawnBDC/dawn_bdc.c **** {
 220              		.loc 1 65 1
 221              		.cfi_startproc
 222              		@ args = 0, pretend = 0, frame = 32
 223              		@ frame_needed = 1, uses_anonymous_args = 0
 224 0000 80B5     		push	{r7, lr}
 225              		.cfi_def_cfa_offset 8
 226              		.cfi_offset 7, -8
 227              		.cfi_offset 14, -4
 228 0002 88B0     		sub	sp, sp, #32
 229              		.cfi_def_cfa_offset 40
 230 0004 00AF     		add	r7, sp, #0
 231              		.cfi_def_cfa_register 7
 232 0006 7860     		str	r0, [r7, #4]
  66:../DawnBDC/dawn_bdc.c ****     static int16_t u;
  67:../DawnBDC/dawn_bdc.c ****     u = (int16_t)(BLDCStruct->QuadOut);
 233              		.loc 1 67 29
 234 0008 7B68     		ldr	r3, [r7, #4]
 235 000a DB6F     		ldr	r3, [r3, #124]	@ float
 236              		.loc 1 67 9
 237 000c 1846     		mov	r0, r3
 238 000e FFF7FEFF 		bl	__aeabi_f2iz
 239              	.LVL0:
 240 0012 0346     		mov	r3, r0
 241 0014 1AB2     		sxth	r2, r3
 242              		.loc 1 67 7
 243 0016 1E4B     		ldr	r3, .L20
 244 0018 1A80     		strh	r2, [r3]	@ movhi
  68:../DawnBDC/dawn_bdc.c **** 
  69:../DawnBDC/dawn_bdc.c ****     switch (BLDCStruct->BLDCId)
 245              		.loc 1 69 23
 246 001a 7B68     		ldr	r3, [r7, #4]
 247 001c 1B78     		ldrb	r3, [r3]	@ zero_extendqisi2
 248              		.loc 1 69 5
 249 001e 022B     		cmp	r3, #2
 250 0020 06D0     		beq	.L14
 251 0022 022B     		cmp	r3, #2
 252 0024 2EDC     		bgt	.L19
 253 0026 002B     		cmp	r3, #0
 254 0028 1ED0     		beq	.L16
 255 002a 012B     		cmp	r3, #1
 256 002c 0ED0     		beq	.L17
  70:../DawnBDC/dawn_bdc.c ****     {
  71:../DawnBDC/dawn_bdc.c ****     case BLDC_ID_YAW:
  72:../DawnBDC/dawn_bdc.c ****     {
  73:../DawnBDC/dawn_bdc.c ****         volatile uint32_t *in1 = (volatile uint32_t *)&TIMER_CH2CV(TIMER1);
  74:../DawnBDC/dawn_bdc.c ****         volatile uint32_t *in2 = (volatile uint32_t *)&TIMER_CH3CV(TIMER1);
  75:../DawnBDC/dawn_bdc.c ****         BDC_ApplySlowDecayDualPwm(u, (uint16_t)TIM1_ARR, in1, in2);
  76:../DawnBDC/dawn_bdc.c ****     }
  77:../DawnBDC/dawn_bdc.c ****     break;
  78:../DawnBDC/dawn_bdc.c **** 
  79:../DawnBDC/dawn_bdc.c ****     case BLDC_ID_ROLL:
  80:../DawnBDC/dawn_bdc.c ****     {
  81:../DawnBDC/dawn_bdc.c ****         volatile uint32_t *in1 = (volatile uint32_t *)&TIMER_CH0CV(TIMER0);
  82:../DawnBDC/dawn_bdc.c ****         volatile uint32_t *in2 = (volatile uint32_t *)&TIMER_CH3CV(TIMER0);
  83:../DawnBDC/dawn_bdc.c ****         BDC_ApplySlowDecayDualPwm(u, (uint16_t)TIM0_ARR, in1, in2);
  84:../DawnBDC/dawn_bdc.c ****     }
  85:../DawnBDC/dawn_bdc.c ****     break;
  86:../DawnBDC/dawn_bdc.c **** 
  87:../DawnBDC/dawn_bdc.c ****     case BLDC_ID_PITCH:
  88:../DawnBDC/dawn_bdc.c ****     {
  89:../DawnBDC/dawn_bdc.c ****         volatile uint32_t *in1 = (volatile uint32_t *)&TIMER_CH0CV(TIMER1);
  90:../DawnBDC/dawn_bdc.c ****         volatile uint32_t *in2 = (volatile uint32_t *)&TIMER_CH1CV(TIMER1);
  91:../DawnBDC/dawn_bdc.c ****         BDC_ApplySlowDecayDualPwm(u, (uint16_t)TIM1_ARR, in1, in2);
  92:../DawnBDC/dawn_bdc.c ****     }
  93:../DawnBDC/dawn_bdc.c ****     break;
  94:../DawnBDC/dawn_bdc.c **** 
  95:../DawnBDC/dawn_bdc.c ****     default:
  96:../DawnBDC/dawn_bdc.c ****         break;
 257              		.loc 1 96 9
 258 002e 29E0     		b	.L19
 259              	.L14:
 260              	.LBB2:
  73:../DawnBDC/dawn_bdc.c ****         volatile uint32_t *in2 = (volatile uint32_t *)&TIMER_CH3CV(TIMER1);
 261              		.loc 1 73 28
 262 0030 184B     		ldr	r3, .L20+4
 263 0032 FB61     		str	r3, [r7, #28]
  74:../DawnBDC/dawn_bdc.c ****         BDC_ApplySlowDecayDualPwm(u, (uint16_t)TIM1_ARR, in1, in2);
 264              		.loc 1 74 28
 265 0034 184B     		ldr	r3, .L20+8
 266 0036 BB61     		str	r3, [r7, #24]
  75:../DawnBDC/dawn_bdc.c ****     }
 267              		.loc 1 75 9
 268 0038 154B     		ldr	r3, .L20
 269 003a B3F90000 		ldrsh	r0, [r3]
 270 003e BB69     		ldr	r3, [r7, #24]
 271 0040 FA69     		ldr	r2, [r7, #28]
 272 0042 40F6C311 		movw	r1, #2499
 273 0046 FFF7FEFF 		bl	BDC_ApplySlowDecayDualPwm
 274              	.LBE2:
  77:../DawnBDC/dawn_bdc.c **** 
 275              		.loc 1 77 5
 276 004a 1CE0     		b	.L18
 277              	.L17:
 278              	.LBB3:
  81:../DawnBDC/dawn_bdc.c ****         volatile uint32_t *in2 = (volatile uint32_t *)&TIMER_CH3CV(TIMER0);
 279              		.loc 1 81 28
 280 004c 134B     		ldr	r3, .L20+12
 281 004e 7B61     		str	r3, [r7, #20]
  82:../DawnBDC/dawn_bdc.c ****         BDC_ApplySlowDecayDualPwm(u, (uint16_t)TIM0_ARR, in1, in2);
 282              		.loc 1 82 28
 283 0050 134B     		ldr	r3, .L20+16
 284 0052 3B61     		str	r3, [r7, #16]
  83:../DawnBDC/dawn_bdc.c ****     }
 285              		.loc 1 83 9
 286 0054 0E4B     		ldr	r3, .L20
 287 0056 B3F90000 		ldrsh	r0, [r3]
 288 005a 3B69     		ldr	r3, [r7, #16]
 289 005c 7A69     		ldr	r2, [r7, #20]
 290 005e 41F28731 		movw	r1, #4999
 291 0062 FFF7FEFF 		bl	BDC_ApplySlowDecayDualPwm
 292              	.LBE3:
  85:../DawnBDC/dawn_bdc.c **** 
 293              		.loc 1 85 5
 294 0066 0EE0     		b	.L18
 295              	.L16:
 296              	.LBB4:
  89:../DawnBDC/dawn_bdc.c ****         volatile uint32_t *in2 = (volatile uint32_t *)&TIMER_CH1CV(TIMER1);
 297              		.loc 1 89 28
 298 0068 0E4B     		ldr	r3, .L20+20
 299 006a FB60     		str	r3, [r7, #12]
  90:../DawnBDC/dawn_bdc.c ****         BDC_ApplySlowDecayDualPwm(u, (uint16_t)TIM1_ARR, in1, in2);
 300              		.loc 1 90 28
 301 006c 0E4B     		ldr	r3, .L20+24
 302 006e BB60     		str	r3, [r7, #8]
  91:../DawnBDC/dawn_bdc.c ****     }
 303              		.loc 1 91 9
 304 0070 074B     		ldr	r3, .L20
 305 0072 B3F90000 		ldrsh	r0, [r3]
 306 0076 BB68     		ldr	r3, [r7, #8]
 307 0078 FA68     		ldr	r2, [r7, #12]
 308 007a 40F6C311 		movw	r1, #2499
 309 007e FFF7FEFF 		bl	BDC_ApplySlowDecayDualPwm
 310              	.LBE4:
  93:../DawnBDC/dawn_bdc.c **** 
 311              		.loc 1 93 5
 312 0082 00E0     		b	.L18
 313              	.L19:
 314              		.loc 1 96 9
 315 0084 00BF     		nop
 316              	.L18:
  97:../DawnBDC/dawn_bdc.c ****     }
  98:../DawnBDC/dawn_bdc.c **** }
 317              		.loc 1 98 1
 318 0086 00BF     		nop
 319 0088 2037     		adds	r7, r7, #32
 320              		.cfi_def_cfa_offset 8
 321 008a BD46     		mov	sp, r7
 322              		.cfi_def_cfa_register 13
 323              		@ sp needed
 324 008c 80BD     		pop	{r7, pc}
 325              	.L21:
 326 008e 00BF     		.align	2
 327              	.L20:
 328 0090 00000000 		.word	u.11240
 329 0094 3C000040 		.word	1073741884
 330 0098 40000040 		.word	1073741888
 331 009c 34000140 		.word	1073807412
 332 00a0 40000140 		.word	1073807424
 333 00a4 34000040 		.word	1073741876
 334 00a8 38000040 		.word	1073741880
 335              		.cfi_endproc
 336              	.LFE159:
 338              		.section	.text.BDC_TurnOnPWM,"ax",%progbits
 339              		.align	1
 340              		.global	BDC_TurnOnPWM
 341              		.syntax unified
 342              		.thumb
 343              		.thumb_func
 344              		.fpu softvfp
 346              	BDC_TurnOnPWM:
 347              	.LFB160:
  99:../DawnBDC/dawn_bdc.c **** 
 100:../DawnBDC/dawn_bdc.c **** void BDC_TurnOnPWM(BLDCStruct *BLDCStruct)
 101:../DawnBDC/dawn_bdc.c **** {
 348              		.loc 1 101 1
 349              		.cfi_startproc
 350              		@ args = 0, pretend = 0, frame = 8
 351              		@ frame_needed = 1, uses_anonymous_args = 0
 352 0000 80B5     		push	{r7, lr}
 353              		.cfi_def_cfa_offset 8
 354              		.cfi_offset 7, -8
 355              		.cfi_offset 14, -4
 356 0002 82B0     		sub	sp, sp, #8
 357              		.cfi_def_cfa_offset 16
 358 0004 00AF     		add	r7, sp, #0
 359              		.cfi_def_cfa_register 7
 360 0006 7860     		str	r0, [r7, #4]
 102:../DawnBDC/dawn_bdc.c ****     switch (BLDCStruct->BLDCId)
 361              		.loc 1 102 23
 362 0008 7B68     		ldr	r3, [r7, #4]
 363 000a 1B78     		ldrb	r3, [r3]	@ zero_extendqisi2
 364              		.loc 1 102 5
 365 000c 022B     		cmp	r3, #2
 366 000e 06D0     		beq	.L23
 367 0010 022B     		cmp	r3, #2
 368 0012 39DC     		bgt	.L28
 369 0014 002B     		cmp	r3, #0
 370 0016 24D0     		beq	.L25
 371 0018 012B     		cmp	r3, #1
 372 001a 11D0     		beq	.L26
 103:../DawnBDC/dawn_bdc.c ****     {
 104:../DawnBDC/dawn_bdc.c ****     case BLDC_ID_YAW:
 105:../DawnBDC/dawn_bdc.c ****         TIMER_CH0CV(TIMER0) = 0;
 106:../DawnBDC/dawn_bdc.c ****         TIMER_CH1CV(TIMER0) = 0;
 107:../DawnBDC/dawn_bdc.c **** 
 108:../DawnBDC/dawn_bdc.c ****         timer_channel_output_state_config(TIMER0, TIMER_CH_0, TIMER_CCX_ENABLE);
 109:../DawnBDC/dawn_bdc.c ****         timer_channel_output_state_config(TIMER0, TIMER_CH_1, TIMER_CCX_ENABLE);
 110:../DawnBDC/dawn_bdc.c ****         break;
 111:../DawnBDC/dawn_bdc.c **** 
 112:../DawnBDC/dawn_bdc.c ****     case BLDC_ID_ROLL:
 113:../DawnBDC/dawn_bdc.c ****         TIMER_CH2CV(TIMER0) = 0;
 114:../DawnBDC/dawn_bdc.c ****         TIMER_CH3CV(TIMER0) = 0;
 115:../DawnBDC/dawn_bdc.c **** 
 116:../DawnBDC/dawn_bdc.c ****         timer_channel_output_state_config(TIMER0, TIMER_CH_2, TIMER_CCX_ENABLE);
 117:../DawnBDC/dawn_bdc.c ****         timer_channel_output_state_config(TIMER0, TIMER_CH_3, TIMER_CCX_ENABLE);
 118:../DawnBDC/dawn_bdc.c ****         break;
 119:../DawnBDC/dawn_bdc.c **** 
 120:../DawnBDC/dawn_bdc.c ****     case BLDC_ID_PITCH:
 121:../DawnBDC/dawn_bdc.c ****         TIMER_CH0CV(TIMER1) = 0;
 122:../DawnBDC/dawn_bdc.c ****         TIMER_CH1CV(TIMER1) = 0;
 123:../DawnBDC/dawn_bdc.c **** 
 124:../DawnBDC/dawn_bdc.c ****         timer_channel_output_state_config(TIMER1, TIMER_CH_0, TIMER_CCX_ENABLE);
 125:../DawnBDC/dawn_bdc.c ****         timer_channel_output_state_config(TIMER1, TIMER_CH_1, TIMER_CCX_ENABLE);
 126:../DawnBDC/dawn_bdc.c ****         break;
 127:../DawnBDC/dawn_bdc.c **** 
 128:../DawnBDC/dawn_bdc.c ****     default:
 129:../DawnBDC/dawn_bdc.c ****         break;
 373              		.loc 1 129 9
 374 001c 34E0     		b	.L28
 375              	.L23:
 105:../DawnBDC/dawn_bdc.c ****         TIMER_CH1CV(TIMER0) = 0;
 376              		.loc 1 105 9
 377 001e 1D4B     		ldr	r3, .L29
 105:../DawnBDC/dawn_bdc.c ****         TIMER_CH1CV(TIMER0) = 0;
 378              		.loc 1 105 29
 379 0020 0022     		movs	r2, #0
 380 0022 1A60     		str	r2, [r3]
 106:../DawnBDC/dawn_bdc.c **** 
 381              		.loc 1 106 9
 382 0024 1C4B     		ldr	r3, .L29+4
 106:../DawnBDC/dawn_bdc.c **** 
 383              		.loc 1 106 29
 384 0026 0022     		movs	r2, #0
 385 0028 1A60     		str	r2, [r3]
 108:../DawnBDC/dawn_bdc.c ****         timer_channel_output_state_config(TIMER0, TIMER_CH_1, TIMER_CCX_ENABLE);
 386              		.loc 1 108 9
 387 002a 0122     		movs	r2, #1
 388 002c 0021     		movs	r1, #0
 389 002e 1B48     		ldr	r0, .L29+8
 390 0030 FFF7FEFF 		bl	timer_channel_output_state_config
 109:../DawnBDC/dawn_bdc.c ****         break;
 391              		.loc 1 109 9
 392 0034 0122     		movs	r2, #1
 393 0036 0121     		movs	r1, #1
 394 0038 1848     		ldr	r0, .L29+8
 395 003a FFF7FEFF 		bl	timer_channel_output_state_config
 110:../DawnBDC/dawn_bdc.c **** 
 396              		.loc 1 110 9
 397 003e 24E0     		b	.L27
 398              	.L26:
 113:../DawnBDC/dawn_bdc.c ****         TIMER_CH3CV(TIMER0) = 0;
 399              		.loc 1 113 9
 400 0040 174B     		ldr	r3, .L29+12
 113:../DawnBDC/dawn_bdc.c ****         TIMER_CH3CV(TIMER0) = 0;
 401              		.loc 1 113 29
 402 0042 0022     		movs	r2, #0
 403 0044 1A60     		str	r2, [r3]
 114:../DawnBDC/dawn_bdc.c **** 
 404              		.loc 1 114 9
 405 0046 174B     		ldr	r3, .L29+16
 114:../DawnBDC/dawn_bdc.c **** 
 406              		.loc 1 114 29
 407 0048 0022     		movs	r2, #0
 408 004a 1A60     		str	r2, [r3]
 116:../DawnBDC/dawn_bdc.c ****         timer_channel_output_state_config(TIMER0, TIMER_CH_3, TIMER_CCX_ENABLE);
 409              		.loc 1 116 9
 410 004c 0122     		movs	r2, #1
 411 004e 0221     		movs	r1, #2
 412 0050 1248     		ldr	r0, .L29+8
 413 0052 FFF7FEFF 		bl	timer_channel_output_state_config
 117:../DawnBDC/dawn_bdc.c ****         break;
 414              		.loc 1 117 9
 415 0056 0122     		movs	r2, #1
 416 0058 0321     		movs	r1, #3
 417 005a 1048     		ldr	r0, .L29+8
 418 005c FFF7FEFF 		bl	timer_channel_output_state_config
 118:../DawnBDC/dawn_bdc.c **** 
 419              		.loc 1 118 9
 420 0060 13E0     		b	.L27
 421              	.L25:
 121:../DawnBDC/dawn_bdc.c ****         TIMER_CH1CV(TIMER1) = 0;
 422              		.loc 1 121 9
 423 0062 114B     		ldr	r3, .L29+20
 121:../DawnBDC/dawn_bdc.c ****         TIMER_CH1CV(TIMER1) = 0;
 424              		.loc 1 121 29
 425 0064 0022     		movs	r2, #0
 426 0066 1A60     		str	r2, [r3]
 122:../DawnBDC/dawn_bdc.c **** 
 427              		.loc 1 122 9
 428 0068 104B     		ldr	r3, .L29+24
 122:../DawnBDC/dawn_bdc.c **** 
 429              		.loc 1 122 29
 430 006a 0022     		movs	r2, #0
 431 006c 1A60     		str	r2, [r3]
 124:../DawnBDC/dawn_bdc.c ****         timer_channel_output_state_config(TIMER1, TIMER_CH_1, TIMER_CCX_ENABLE);
 432              		.loc 1 124 9
 433 006e 0122     		movs	r2, #1
 434 0070 0021     		movs	r1, #0
 435 0072 4FF08040 		mov	r0, #1073741824
 436 0076 FFF7FEFF 		bl	timer_channel_output_state_config
 125:../DawnBDC/dawn_bdc.c ****         break;
 437              		.loc 1 125 9
 438 007a 0122     		movs	r2, #1
 439 007c 0121     		movs	r1, #1
 440 007e 4FF08040 		mov	r0, #1073741824
 441 0082 FFF7FEFF 		bl	timer_channel_output_state_config
 126:../DawnBDC/dawn_bdc.c **** 
 442              		.loc 1 126 9
 443 0086 00E0     		b	.L27
 444              	.L28:
 445              		.loc 1 129 9
 446 0088 00BF     		nop
 447              	.L27:
 130:../DawnBDC/dawn_bdc.c ****     }
 131:../DawnBDC/dawn_bdc.c **** }
 448              		.loc 1 131 1
 449 008a 00BF     		nop
 450 008c 0837     		adds	r7, r7, #8
 451              		.cfi_def_cfa_offset 8
 452 008e BD46     		mov	sp, r7
 453              		.cfi_def_cfa_register 13
 454              		@ sp needed
 455 0090 80BD     		pop	{r7, pc}
 456              	.L30:
 457 0092 00BF     		.align	2
 458              	.L29:
 459 0094 34000140 		.word	1073807412
 460 0098 38000140 		.word	1073807416
 461 009c 00000140 		.word	1073807360
 462 00a0 3C000140 		.word	1073807420
 463 00a4 40000140 		.word	1073807424
 464 00a8 34000040 		.word	1073741876
 465 00ac 38000040 		.word	1073741880
 466              		.cfi_endproc
 467              	.LFE160:
 469              		.section	.text.BDC_ShutOffPWM,"ax",%progbits
 470              		.align	1
 471              		.global	BDC_ShutOffPWM
 472              		.syntax unified
 473              		.thumb
 474              		.thumb_func
 475              		.fpu softvfp
 477              	BDC_ShutOffPWM:
 478              	.LFB161:
 132:../DawnBDC/dawn_bdc.c **** 
 133:../DawnBDC/dawn_bdc.c **** void BDC_ShutOffPWM(BLDCStruct *BLDCStruct)
 134:../DawnBDC/dawn_bdc.c **** {
 479              		.loc 1 134 1
 480              		.cfi_startproc
 481              		@ args = 0, pretend = 0, frame = 8
 482              		@ frame_needed = 1, uses_anonymous_args = 0
 483 0000 80B5     		push	{r7, lr}
 484              		.cfi_def_cfa_offset 8
 485              		.cfi_offset 7, -8
 486              		.cfi_offset 14, -4
 487 0002 82B0     		sub	sp, sp, #8
 488              		.cfi_def_cfa_offset 16
 489 0004 00AF     		add	r7, sp, #0
 490              		.cfi_def_cfa_register 7
 491 0006 7860     		str	r0, [r7, #4]
 135:../DawnBDC/dawn_bdc.c ****     switch (BLDCStruct->BLDCId)
 492              		.loc 1 135 23
 493 0008 7B68     		ldr	r3, [r7, #4]
 494 000a 1B78     		ldrb	r3, [r3]	@ zero_extendqisi2
 495              		.loc 1 135 5
 496 000c 022B     		cmp	r3, #2
 497 000e 06D0     		beq	.L32
 498 0010 022B     		cmp	r3, #2
 499 0012 39DC     		bgt	.L37
 500 0014 002B     		cmp	r3, #0
 501 0016 24D0     		beq	.L34
 502 0018 012B     		cmp	r3, #1
 503 001a 11D0     		beq	.L35
 136:../DawnBDC/dawn_bdc.c ****     {
 137:../DawnBDC/dawn_bdc.c ****     case BLDC_ID_YAW:
 138:../DawnBDC/dawn_bdc.c ****         TIMER_CH0CV(TIMER0) = 0;
 139:../DawnBDC/dawn_bdc.c ****         TIMER_CH1CV(TIMER0) = 0;
 140:../DawnBDC/dawn_bdc.c **** 
 141:../DawnBDC/dawn_bdc.c ****         timer_channel_output_state_config(TIMER0, TIMER_CH_0, TIMER_CCX_DISABLE);
 142:../DawnBDC/dawn_bdc.c ****         timer_channel_output_state_config(TIMER0, TIMER_CH_1, TIMER_CCX_DISABLE);
 143:../DawnBDC/dawn_bdc.c ****         break;
 144:../DawnBDC/dawn_bdc.c **** 
 145:../DawnBDC/dawn_bdc.c ****     case BLDC_ID_ROLL:
 146:../DawnBDC/dawn_bdc.c ****         TIMER_CH2CV(TIMER0) = 0;
 147:../DawnBDC/dawn_bdc.c ****         TIMER_CH3CV(TIMER0) = 0;
 148:../DawnBDC/dawn_bdc.c **** 
 149:../DawnBDC/dawn_bdc.c ****         timer_channel_output_state_config(TIMER0, TIMER_CH_2, TIMER_CCX_DISABLE);
 150:../DawnBDC/dawn_bdc.c ****         timer_channel_output_state_config(TIMER0, TIMER_CH_3, TIMER_CCX_DISABLE);
 151:../DawnBDC/dawn_bdc.c ****         break;
 152:../DawnBDC/dawn_bdc.c **** 
 153:../DawnBDC/dawn_bdc.c ****     case BLDC_ID_PITCH:
 154:../DawnBDC/dawn_bdc.c ****         TIMER_CH0CV(TIMER1) = 0;
 155:../DawnBDC/dawn_bdc.c ****         TIMER_CH1CV(TIMER1) = 0;
 156:../DawnBDC/dawn_bdc.c **** 
 157:../DawnBDC/dawn_bdc.c ****         timer_channel_output_state_config(TIMER1, TIMER_CH_0, TIMER_CCX_DISABLE);
 158:../DawnBDC/dawn_bdc.c ****         timer_channel_output_state_config(TIMER1, TIMER_CH_1, TIMER_CCX_DISABLE);
 159:../DawnBDC/dawn_bdc.c ****         break;
 160:../DawnBDC/dawn_bdc.c **** 
 161:../DawnBDC/dawn_bdc.c ****     default:
 162:../DawnBDC/dawn_bdc.c ****         break;
 504              		.loc 1 162 9
 505 001c 34E0     		b	.L37
 506              	.L32:
 138:../DawnBDC/dawn_bdc.c ****         TIMER_CH1CV(TIMER0) = 0;
 507              		.loc 1 138 9
 508 001e 1D4B     		ldr	r3, .L38
 138:../DawnBDC/dawn_bdc.c ****         TIMER_CH1CV(TIMER0) = 0;
 509              		.loc 1 138 29
 510 0020 0022     		movs	r2, #0
 511 0022 1A60     		str	r2, [r3]
 139:../DawnBDC/dawn_bdc.c **** 
 512              		.loc 1 139 9
 513 0024 1C4B     		ldr	r3, .L38+4
 139:../DawnBDC/dawn_bdc.c **** 
 514              		.loc 1 139 29
 515 0026 0022     		movs	r2, #0
 516 0028 1A60     		str	r2, [r3]
 141:../DawnBDC/dawn_bdc.c ****         timer_channel_output_state_config(TIMER0, TIMER_CH_1, TIMER_CCX_DISABLE);
 517              		.loc 1 141 9
 518 002a 0022     		movs	r2, #0
 519 002c 0021     		movs	r1, #0
 520 002e 1B48     		ldr	r0, .L38+8
 521 0030 FFF7FEFF 		bl	timer_channel_output_state_config
 142:../DawnBDC/dawn_bdc.c ****         break;
 522              		.loc 1 142 9
 523 0034 0022     		movs	r2, #0
 524 0036 0121     		movs	r1, #1
 525 0038 1848     		ldr	r0, .L38+8
 526 003a FFF7FEFF 		bl	timer_channel_output_state_config
 143:../DawnBDC/dawn_bdc.c **** 
 527              		.loc 1 143 9
 528 003e 24E0     		b	.L36
 529              	.L35:
 146:../DawnBDC/dawn_bdc.c ****         TIMER_CH3CV(TIMER0) = 0;
 530              		.loc 1 146 9
 531 0040 174B     		ldr	r3, .L38+12
 146:../DawnBDC/dawn_bdc.c ****         TIMER_CH3CV(TIMER0) = 0;
 532              		.loc 1 146 29
 533 0042 0022     		movs	r2, #0
 534 0044 1A60     		str	r2, [r3]
 147:../DawnBDC/dawn_bdc.c **** 
 535              		.loc 1 147 9
 536 0046 174B     		ldr	r3, .L38+16
 147:../DawnBDC/dawn_bdc.c **** 
 537              		.loc 1 147 29
 538 0048 0022     		movs	r2, #0
 539 004a 1A60     		str	r2, [r3]
 149:../DawnBDC/dawn_bdc.c ****         timer_channel_output_state_config(TIMER0, TIMER_CH_3, TIMER_CCX_DISABLE);
 540              		.loc 1 149 9
 541 004c 0022     		movs	r2, #0
 542 004e 0221     		movs	r1, #2
 543 0050 1248     		ldr	r0, .L38+8
 544 0052 FFF7FEFF 		bl	timer_channel_output_state_config
 150:../DawnBDC/dawn_bdc.c ****         break;
 545              		.loc 1 150 9
 546 0056 0022     		movs	r2, #0
 547 0058 0321     		movs	r1, #3
 548 005a 1048     		ldr	r0, .L38+8
 549 005c FFF7FEFF 		bl	timer_channel_output_state_config
 151:../DawnBDC/dawn_bdc.c **** 
 550              		.loc 1 151 9
 551 0060 13E0     		b	.L36
 552              	.L34:
 154:../DawnBDC/dawn_bdc.c ****         TIMER_CH1CV(TIMER1) = 0;
 553              		.loc 1 154 9
 554 0062 114B     		ldr	r3, .L38+20
 154:../DawnBDC/dawn_bdc.c ****         TIMER_CH1CV(TIMER1) = 0;
 555              		.loc 1 154 29
 556 0064 0022     		movs	r2, #0
 557 0066 1A60     		str	r2, [r3]
 155:../DawnBDC/dawn_bdc.c **** 
 558              		.loc 1 155 9
 559 0068 104B     		ldr	r3, .L38+24
 155:../DawnBDC/dawn_bdc.c **** 
 560              		.loc 1 155 29
 561 006a 0022     		movs	r2, #0
 562 006c 1A60     		str	r2, [r3]
 157:../DawnBDC/dawn_bdc.c ****         timer_channel_output_state_config(TIMER1, TIMER_CH_1, TIMER_CCX_DISABLE);
 563              		.loc 1 157 9
 564 006e 0022     		movs	r2, #0
 565 0070 0021     		movs	r1, #0
 566 0072 4FF08040 		mov	r0, #1073741824
 567 0076 FFF7FEFF 		bl	timer_channel_output_state_config
 158:../DawnBDC/dawn_bdc.c ****         break;
 568              		.loc 1 158 9
 569 007a 0022     		movs	r2, #0
 570 007c 0121     		movs	r1, #1
 571 007e 4FF08040 		mov	r0, #1073741824
 572 0082 FFF7FEFF 		bl	timer_channel_output_state_config
 159:../DawnBDC/dawn_bdc.c **** 
 573              		.loc 1 159 9
 574 0086 00E0     		b	.L36
 575              	.L37:
 576              		.loc 1 162 9
 577 0088 00BF     		nop
 578              	.L36:
 163:../DawnBDC/dawn_bdc.c ****     }
 164:../DawnBDC/dawn_bdc.c **** }
 579              		.loc 1 164 1
 580 008a 00BF     		nop
 581 008c 0837     		adds	r7, r7, #8
 582              		.cfi_def_cfa_offset 8
 583 008e BD46     		mov	sp, r7
 584              		.cfi_def_cfa_register 13
 585              		@ sp needed
 586 0090 80BD     		pop	{r7, pc}
 587              	.L39:
 588 0092 00BF     		.align	2
 589              	.L38:
 590 0094 34000140 		.word	1073807412
 591 0098 38000140 		.word	1073807416
 592 009c 00000140 		.word	1073807360
 593 00a0 3C000140 		.word	1073807420
 594 00a4 40000140 		.word	1073807424
 595 00a8 34000040 		.word	1073741876
 596 00ac 38000040 		.word	1073741880
 597              		.cfi_endproc
 598              	.LFE161:
 600              		.section	.bss.u.11240,"aw",%nobits
 601              		.align	1
 604              	u.11240:
 605 0000 0000     		.space	2
 606              		.text
 607              	.Letext0:
 608              		.file 2 "c:\\users\\leonardo\\desktop\\gd32embeddedbuilder_v1.5.6_rel\\tools\\gnu tools arm embedd
 609              		.file 3 "c:\\users\\leonardo\\desktop\\gd32embeddedbuilder_v1.5.6_rel\\tools\\gnu tools arm embedd
 610              		.file 4 "c:\\users\\leonardo\\desktop\\gd32embeddedbuilder_v1.5.6_rel\\tools\\gnu tools arm embedd
 611              		.file 5 "c:\\users\\leonardo\\desktop\\gd32embeddedbuilder_v1.5.6_rel\\tools\\gnu tools arm embedd
 612              		.file 6 "c:\\users\\leonardo\\desktop\\gd32embeddedbuilder_v1.5.6_rel\\tools\\gnu tools arm embedd
 613              		.file 7 "c:\\users\\leonardo\\desktop\\gd32embeddedbuilder_v1.5.6_rel\\tools\\gnu tools arm embedd
 614              		.file 8 "c:\\users\\leonardo\\desktop\\gd32embeddedbuilder_v1.5.6_rel\\tools\\gnu tools arm embedd
 615              		.file 9 "c:\\users\\leonardo\\desktop\\gd32embeddedbuilder_v1.5.6_rel\\tools\\gnu tools arm embedd
 616              		.file 10 "../../CMSIS/DSP/Include/core_cm4.h"
 617              		.file 11 "../../CMSIS/system_gd32f4xx.h"
 618              		.file 12 "../../Dawn/DawnBLDC/dawn_bldc_math.h"
 619              		.file 13 "../../Dawn/DawnLib/dawn_lib.h"
 620              		.file 14 "../../Dawn/DawnBsp/timebase.h"
 621              		.file 15 "../../Dawn/DawnCom/unpack.h"
 622              		.file 16 "../../Dawn/DawnDevice/icm206xx.h"
 623              		.file 17 "../../Dawn/DawnGimbal/dawn_gimbal_math.h"
 624              		.file 18 "../../Dawn/DawnGimbal/dawn_gimbal_system.h"
 625              		.file 19 "../../Dawn/DawnMain/dawn_function.h"
 626              		.file 20 "../../Dawn/DawnBsp/gpio.h"
DEFINED SYMBOLS
                            *ABS*:00000000 dawn_bdc.c
C:\Users\leonardo\AppData\Local\Temp\ccQpH0iz.s:16     .text.BDCInit:00000000 $t
C:\Users\leonardo\AppData\Local\Temp\ccQpH0iz.s:24     .text.BDCInit:00000000 BDCInit
C:\Users\leonardo\AppData\Local\Temp\ccQpH0iz.s:346    .text.BDC_TurnOnPWM:00000000 BDC_TurnOnPWM
C:\Users\leonardo\AppData\Local\Temp\ccQpH0iz.s:54     .text.BDCInit:00000020 $d
C:\Users\leonardo\AppData\Local\Temp\ccQpH0iz.s:61     .text.BDC_MapMagToCcr:00000000 $t
C:\Users\leonardo\AppData\Local\Temp\ccQpH0iz.s:67     .text.BDC_MapMagToCcr:00000000 BDC_MapMagToCcr
C:\Users\leonardo\AppData\Local\Temp\ccQpH0iz.s:126    .text.BDC_MapMagToCcr:00000044 $d
C:\Users\leonardo\AppData\Local\Temp\ccQpH0iz.s:131    .text.BDC_ApplySlowDecayDualPwm:00000000 $t
C:\Users\leonardo\AppData\Local\Temp\ccQpH0iz.s:137    .text.BDC_ApplySlowDecayDualPwm:00000000 BDC_ApplySlowDecayDualPwm
C:\Users\leonardo\AppData\Local\Temp\ccQpH0iz.s:211    .text.BDCpwm:00000000 $t
C:\Users\leonardo\AppData\Local\Temp\ccQpH0iz.s:218    .text.BDCpwm:00000000 BDCpwm
C:\Users\leonardo\AppData\Local\Temp\ccQpH0iz.s:328    .text.BDCpwm:00000090 $d
C:\Users\leonardo\AppData\Local\Temp\ccQpH0iz.s:604    .bss.u.11240:00000000 u.11240
C:\Users\leonardo\AppData\Local\Temp\ccQpH0iz.s:339    .text.BDC_TurnOnPWM:00000000 $t
C:\Users\leonardo\AppData\Local\Temp\ccQpH0iz.s:459    .text.BDC_TurnOnPWM:00000094 $d
C:\Users\leonardo\AppData\Local\Temp\ccQpH0iz.s:470    .text.BDC_ShutOffPWM:00000000 $t
C:\Users\leonardo\AppData\Local\Temp\ccQpH0iz.s:477    .text.BDC_ShutOffPWM:00000000 BDC_ShutOffPWM
C:\Users\leonardo\AppData\Local\Temp\ccQpH0iz.s:590    .text.BDC_ShutOffPWM:00000094 $d
C:\Users\leonardo\AppData\Local\Temp\ccQpH0iz.s:601    .bss.u.11240:00000000 $d
                           .group:00000000 wm4.0.a684136774235169b6efdc382df56ab0
                           .group:00000000 wm4._newlib_version.h.4.9ba035841e762c3308916a0ce96032e7
                           .group:00000000 wm4.features.h.33.5bd1eea2d80518b50f7af0b5ce6750e0
                           .group:00000000 wm4._default_types.h.15.247e5cd201eca3442cbf5404108c4935
                           .group:00000000 wm4._intsup.h.10.cce27fed8484c08a33f522034c30d2b5
                           .group:00000000 wm4._stdint.h.10.c24fa3af3bc1706662bb5593a907e841
                           .group:00000000 wm4.stdint.h.23.d53047a68f4a85177f80b422d52785ed
                           .group:00000000 wm4.stddef.h.39.27677723d43e5b5a7afdf8d798429f1d
                           .group:00000000 wm4.newlib.h.8.2aecb9f3b2dc9d2e83d06d10f0c6ed3e
                           .group:00000000 wm4.ieeefp.h.77.d5685ba212d3ed6e914898d045f873e3
                           .group:00000000 wm4.config.h.220.6cac6a9685cfce5e83c17784171638d9
                           .group:00000000 wm4._ansi.h.31.de524f58584151836e90d8620a16f8e8
                           .group:00000000 wm4.lock.h.2.1461d1fff82dffe8bfddc23307f6484f
                           .group:00000000 wm4._types.h.125.5cf8a495f1f7ef36777ad868a1e32068
                           .group:00000000 wm4.stddef.h.155.3588ebfdd1e8c7ede80509bb9c3b8009
                           .group:00000000 wm4._types.h.184.03611d4f6b5bec9997bcf4279eceba07
                           .group:00000000 wm4.reent.h.17.90c2574d4acdcfce933db5cb09ff35fe
                           .group:00000000 wm4.cdefs.h.49.2bf373aedffd8b393ccd11dc057e8547
                           .group:00000000 wm4.string.h.15.dab3980bf35408a4c507182805e2de3a
                           .group:00000000 wm4.stddef.h.155.ba788add86a0e365f264484f110c3c29
                           .group:00000000 wm4.stdlib.h.13.4ed386f5c1a80d71e72172885d946ef2
                           .group:00000000 wm4.alloca.h.8.dfc0c703c47ec3e69746825b17d9e66d
                           .group:00000000 wm4.stdlib.h.56.d4493cd3736e51e9d56335045f26df45
                           .group:00000000 wm4.math.h.13.adb102f7bd7860b1f241e149d6914a1e
                           .group:00000000 wm4.gd32f4xx.h.13.7e2e481b0ab689b59679fcf9de8ad53f
                           .group:00000000 wm4.core_cm4.h.43.9593ac0dcec24a3a6f1d638d754e90b2
                           .group:00000000 wm4.core_cmInstr.h.39.addda81f1f3453ba31dd54fc5b6fcee8
                           .group:00000000 wm4.core_cmSimd.h.43.c355993beb49ccd10586af5b1cfe5aee
                           .group:00000000 wm4.core_cm4.h.201.38b66ea2c12d55e26a2374d5521b1bde
                           .group:00000000 wm4.gd32f4xx.h.268.6244d4312c046a64f69632f7ef07b287
                           .group:00000000 wm4.gd32f4xx_rcu.h.18.5c1e5e7e0de404504004d8bb7db8129d
                           .group:00000000 wm4.gd32f4xx_adc.h.13.555e7341a9ddcdbc980571a940325972
                           .group:00000000 wm4.gd32f4xx_can.h.13.2811f1e7e0dd1a163a8850b48ae09a18
                           .group:00000000 wm4.gd32f4xx_crc.h.13.e3fa8cb47f74e88ac6e7a18c10f0cae7
                           .group:00000000 wm4.gd32f4xx_ctc.h.13.979d5c7db9c07247dafcdc888120aeeb
                           .group:00000000 wm4.gd32f4xx_dac.h.13.6aae99156ce94e45e273c87252f3e1b5
                           .group:00000000 wm4.gd32f4xx_dbg.h.13.c5f36ebf9ff6bf00cb705dace0230749
                           .group:00000000 wm4.gd32f4xx_dci.h.13.43c4239de7bb8115ecac688727adc34d
                           .group:00000000 wm4.gd32f4xx_dma.h.13.dd34986dcd88f37eef0ac885fade6a96
                           .group:00000000 wm4.gd32f4xx_exti.h.13.f61fefc984e3d5d6bfd619e837d781f0
                           .group:00000000 wm4.gd32f4xx_fmc.h.12.6ad1d5b3792ad9539d3cdeacd021dc9f
                           .group:00000000 wm4.gd32f4xx_fwdgt.h.13.cc9a34a06b043d4b817ab3d1a6056177
                           .group:00000000 wm4.gd32f4xx_gpio.h.13.ac5c85bea0e960885418a329bb1f1322
                           .group:00000000 wm4.gd32f4xx_syscfg.h.13.b2bd3727e52dfdd22af4632a1311bbb7
                           .group:00000000 wm4.gd32f4xx_i2c.h.13.eb0f8b31bd16ee5fe82cc39a9dd42f2d
                           .group:00000000 wm4.gd32f4xx_iref.h.13.7fc1143691d228493f7100d3cc247638
                           .group:00000000 wm4.gd32f4xx_pmu.h.13.724bacbcb5c124f50a6b00f61a9eb756
                           .group:00000000 wm4.gd32f4xx_rtc.h.13.fc493d83f9d78f0b7c4919b6d2f31956
                           .group:00000000 wm4.gd32f4xx_sdio.h.13.81c3455a223eea59b64370eea49a57de
                           .group:00000000 wm4.gd32f4xx_spi.h.13.03d2444bcb21a0c2481c42cb6d9fce79
                           .group:00000000 wm4.gd32f4xx_timer.h.13.6cb5bef9444452fac8393c6f9325aaca
                           .group:00000000 wm4.gd32f4xx_trng.h.13.8e3605226dc73eb8a884d03608e7b6df
                           .group:00000000 wm4.gd32f4xx_usart.h.13.2986dbbf12f17711a1874d27609e0b55
                           .group:00000000 wm4.gd32f4xx_wwdgt.h.13.1abc40e3831eb7a2ed947144f7cb9188
                           .group:00000000 wm4.gd32f4xx_misc.h.13.b10945aa7ed210c08c1585a4b5874d8c
                           .group:00000000 wm4.arm_math.h.289.5e959424b5305a9624e101328824bdf9
                           .group:00000000 wm4.arm_math.h.309.e0917c8c6aa37995c408e917008fa910
                           .group:00000000 wm4.dawn_main.h.25.26e38e321c8b35cbe4de27b260dda59b
                           .group:00000000 wm4.usart.h.25.fc01861d7892853aa83247b640021348
                           .group:00000000 wm4.timebase.h.25.148c98407bdc7ce1114915cde093d87a
                           .group:00000000 wm4.unpack.h.25.91bc4c6c266694549e3c97bc659d6890
                           .group:00000000 wm4.icm206xx.h.25.1a18715348b9cffd270504658e08606f
                           .group:00000000 wm4.dawn_gimbal_system.h.30.8227ed645aeaf3d3a6c9940ae39ea25c
                           .group:00000000 wm4.dawn_bdc.h.23.03eb0a77d8dad854dbfdbe1cd39a5bd7
                           .group:00000000 wm4.dawn_bldc.h.29.3546f2d9ec9f7c73acb60442fea0569b
                           .group:00000000 wm4.gpio.h.25.9dbce65fd9496973b249fa462e17a01b
                           .group:00000000 wm4.flash.h.25.8e339cfaaf976c4d7bfe969ee8266e65

UNDEFINED SYMBOLS
BDCGpioInit
BLDCYaw
BLDCRoll
BLDCPitch
__aeabi_f2iz
timer_channel_output_state_config
